2026-10-10 13:34:21.433 UTC [96] psql LOG:  temporary file: path "base/pgsql_tmp/pgsql_tmp96.79", size 1212489
2026-10-10 13:34:21.433 UTC [96] psql CONTEXT:  SQL statement "DELETE FROM output_snapshot_history WHERE id IN (
	               SELECT id FROM (
	                 SELECT id, row_number() OVER (
	                   PARTITION BY output_id, age_class, floor(epoch / bucket_secs)
	                   ORDER BY captured_at DESC, id DESC) AS rn
	                 FROM (
	                   SELECT id, output_id, captured_at,
	                          extract(epoch FROM captured_at) AS epoch,
	                          CASE WHEN extract(epoch FROM ('2026-10-10 13:00:00+00'::timestamptz - captured_at)) < 86400::bigint THEN 0
	                               WHEN extract(epoch FROM ('2026-10-10 13:00:00+00'::timestamptz - captured_at)) < 604800::bigint THEN 1
	                               ELSE 2 END AS age_class,
	                          CASE WHEN extract(epoch FROM ('2026-10-10 13:00:00+00'::timestamptz - captured_at)) < 86400::bigint THEN 300::bigint
	                               WHEN extract(epoch FROM ('2026-10-10 13:00:00+00'::timestamptz - captured_at)) < 604800::bigint THEN 3600::bigint
	                               ELSE 86400::bigint END AS bucket_secs
	                   FROM (
	                     SELECT id, output_id, captured_at,
	                            row_number() OVER (PARTITION BY output_id ORDER BY captured_at DESC, id DESC) AS recency
	                     FROM output_snapshot_history
	                   ) recent
	                   WHERE recency > 101
	                 ) classed
	               ) ranked WHERE rn > 1)"
	PL/pgSQL function pg_temp_3.perf_time(integer,integer) line 7 at EXECUTE
2026-10-10 13:34:21.433 UTC [96] psql STATEMENT:  SELECT pg_temp.perf_time(3, 1)
2026-10-10 13:34:21.469 UTC [96] psql LOG:  temporary file: path "base/pgsql_tmp/pgsql_tmp96.86", size 26132022
2026-10-10 13:34:21.469 UTC [96] psql CONTEXT:  SQL statement "DELETE FROM output_snapshot_history WHERE id IN (
	               SELECT id FROM (
	                 SELECT id, row_number() OVER (
	                   PARTITION BY output_id, age_class, floor(epoch / bucket_secs)
	                   ORDER BY captured_at DESC, id DESC) AS rn
	                 FROM (
	                   SELECT id, output_id, captured_at,
	                          extract(epoch FROM captured_at) AS epoch,
	                          CASE WHEN extract(epoch FROM ('2026-10-10 13:00:00+00'::timestamptz - captured_at)) < 86400::bigint THEN 0
	                               WHEN extract(epoch FROM ('2026-10-10 13:00:00+00'::timestamptz - captured_at)) < 604800::bigint THEN 1
	                               ELSE 2 END AS age_class,
	                          CASE WHEN extract(epoch FROM ('2026-10-10 13:00:00+00'::timestamptz - captured_at)) < 86400::bigint THEN 300::bigint
	                               WHEN extract(epoch FROM ('2026-10-10 13:00:00+00'::timestamptz - captured_at)) < 604800::bigint THEN 3600::bigint
	                               ELSE 86400::bigint END AS bucket_secs
	                   FROM (
	                     SELECT id, output_id, captured_at,
	                            row_number() OVER (PARTITION BY output_id ORDER BY captured_at DESC, id DESC) AS recency
	                     FROM output_snapshot_history
	                   ) recent
	                   WHERE recency > 101
	                 ) classed
	               ) ranked WHERE rn > 1)"
	PL/pgSQL function pg_temp_3.perf_time(integer,integer) line 7 at EXECUTE
2026-10-10 13:34:21.469 UTC [96] psql STATEMENT:  SELECT pg_temp.perf_time(3, 1)
2026-10-10 13:34:21.470 UTC [96] psql LOG:  temporary file: path "base/pgsql_tmp/pgsql_tmp96.80", size 1203336
2026-10-10 13:34:21.470 UTC [96] psql CONTEXT:  SQL statement "DELETE FROM output_snapshot_history WHERE id IN (
	               SELECT id FROM (
	                 SELECT id, row_number() OVER (
	                   PARTITION BY output_id, age_class, floor(epoch / bucket_secs)
	                   ORDER BY captured_at DESC, id DESC) AS rn
	                 FROM (
	                   SELECT id, output_id, captured_at,
	                          extract(epoch FROM captured_at) AS epoch,
	                          CASE WHEN extract(epoch FROM ('2026-10-10 13:00:00+00'::timestamptz - captured_at)) < 86400::bigint THEN 0
	                               WHEN extract(epoch FROM ('2026-10-10 13:00:00+00'::timestamptz - captured_at)) < 604800::bigint THEN 1
	                               ELSE 2 END AS age_class,
	                          CASE WHEN extract(epoch FROM ('2026-10-10 13:00:00+00'::timestamptz - captured_at)) < 86400::bigint THEN 300::bigint
	                               WHEN extract(epoch FROM ('2026-10-10 13:00:00+00'::timestamptz - captured_at)) < 604800::bigint THEN 3600::bigint
	                               ELSE 86400::bigint END AS bucket_secs
	                   FROM (
	                     SELECT id, output_id, captured_at,
	                            row_number() OVER (PARTITION BY output_id ORDER BY captured_at DESC, id DESC) AS recency
	                     FROM output_snapshot_history
	                   ) recent
	                   WHERE recency > 101
	                 ) classed
	               ) ranked WHERE rn > 1)"
	PL/pgSQL function pg_temp_3.perf_time(integer,integer) line 7 at EXECUTE
2026-10-10 13:34:21.470 UTC [96] psql STATEMENT:  SELECT pg_temp.perf_time(3, 1)
2026-10-10 13:34:21.506 UTC [96] psql LOG:  temporary file: path "base/pgsql_tmp/pgsql_tmp96.87", size 26215602
2026-10-10 13:34:21.506 UTC [96] psql CONTEXT:  SQL statement "DELETE FROM output_snapshot_history WHERE id IN (
	               SELECT id FROM (
	                 SELECT id, row_number() OVER (
	                   PARTITION BY output_id, age_class, floor(epoch / bucket_secs)
	                   ORDER BY captured_at DESC, id DESC) AS rn
	                 FROM (
	                   SELECT id, output_id, captured_at,
	                          extract(epoch FROM captured_at) AS epoch,
	                          CASE WHEN extract(epoch FROM ('2026-10-10 13:00:00+00'::timestamptz - captured_at)) < 86400::bigint THEN 0
	                               WHEN extract(epoch FROM ('2026-10-10 13:00:00+00'::timestamptz - captured_at)) < 604800::bigint THEN 1
	                               ELSE 2 END AS age_class,
	                          CASE WHEN extract(epoch FROM ('2026-10-10 13:00:00+00'::timestamptz - captured_at)) < 86400::bigint THEN 300::bigint
	                               WHEN extract(epoch FROM ('2026-10-10 13:00:00+00'::timestamptz - captured_at)) < 604800::bigint THEN 3600::bigint
	                               ELSE 86400::bigint END AS bucket_secs
	                   FROM (
	                     SELECT id, output_id, captured_at,
	                            row_number() OVER (PARTITION BY output_id ORDER BY captured_at DESC, id DESC) AS recency
	                     FROM output_snapshot_history
	                   ) recent
	                   WHERE recency > 101
	                 ) classed
	               ) ranked WHERE rn > 1)"
	PL/pgSQL function pg_temp_3.perf_time(integer,integer) line 7 at EXECUTE
2026-10-10 13:34:21.506 UTC [96] psql STATEMENT:  SELECT pg_temp.perf_time(3, 1)
2026-10-10 13:34:21.507 UTC [96] psql LOG:  temporary file: path "base/pgsql_tmp/pgsql_tmp96.76", size 1216944
2026-10-10 13:34:21.507 UTC [96] psql CONTEXT:  SQL statement "DELETE FROM output_snapshot_history WHERE id IN (
	               SELECT id FROM (
	                 SELECT id, row_number() OVER (
	                   PARTITION BY output_id, age_class, floor(epoch / bucket_secs)
	                   ORDER BY captured_at DESC, id DESC) AS rn
	                 FROM (
	                   SELECT id, output_id, captured_at,
	                          extract(epoch FROM captured_at) AS epoch,
	                          CASE WHEN extract(epoch FROM ('2026-10-10 13:00:00+00'::timestamptz - captured_at)) < 86400::bigint THEN 0
	                               WHEN extract(epoch FROM ('2026-10-10 13:00:00+00'::timestamptz - captured_at)) < 604800::bigint THEN 1
	                               ELSE 2 END AS age_class,
	                          CASE WHEN extract(epoch FROM ('2026-10-10 13:00:00+00'::timestamptz - captured_at)) < 86400::bigint THEN 300::bigint
	                               WHEN extract(epoch FROM ('2026-10-10 13:00:00+00'::timestamptz - captured_at)) < 604800::bigint THEN 3600::bigint
	                               ELSE 86400::bigint END AS bucket_secs
	                   FROM (
	                     SELECT id, output_id, captured_at,
	                            row_number() OVER (PARTITION BY output_id ORDER BY captured_at DESC, id DESC) AS recency
	                     FROM output_snapshot_history
	                   ) recent
	                   WHERE recency > 101
	                 ) classed
	               ) ranked WHERE rn > 1)"
	PL/pgSQL function pg_temp_3.perf_time(integer,integer) line 7 at EXECUTE
2026-10-10 13:34:21.507 UTC [96] psql STATEMENT:  SELECT pg_temp.perf_time(3, 1)
2026-10-10 13:34:21.542 UTC [96] psql LOG:  temporary file: path "base/pgsql_tmp/pgsql_tmp96.84", size 26208252
2026-10-10 13:34:21.542 UTC [96] psql CONTEXT:  SQL statement "DELETE FROM output_snapshot_history WHERE id IN (
	               SELECT id FROM (
	                 SELECT id, row_number() OVER (
	                   PARTITION BY output_id, age_class, floor(epoch / bucket_secs)
	                   ORDER BY captured_at DESC, id DESC) AS rn
	                 FROM (
	                   SELECT id, output_id, captured_at,
	                          extract(epoch FROM captured_at) AS epoch,
	                          CASE WHEN extract(epoch FROM ('2026-10-10 13:00:00+00'::timestamptz - captured_at)) < 86400::bigint THEN 0
	                               WHEN extract(epoch FROM ('2026-10-10 13:00:00+00'::timestamptz - captured_at)) < 604800::bigint THEN 1
	                               ELSE 2 END AS age_class,
	                          CASE WHEN extract(epoch FROM ('2026-10-10 13:00:00+00'::timestamptz - captured_at)) < 86400::bigint THEN 300::bigint
	                               WHEN extract(epoch FROM ('2026-10-10 13:00:00+00'::timestamptz - captured_at)) < 604800::bigint THEN 3600::bigint
	                               ELSE 86400::bigint END AS bucket_secs
	                   FROM (
	                     SELECT id, output_id, captured_at,
	                            row_number() OVER (PARTITION BY output_id ORDER BY captured_at DESC, id DESC) AS recency
	                     FROM output_snapshot_history
	                   ) recent
	                   WHERE recency > 101
	                 ) classed
	               ) ranked WHERE rn > 1)"
	PL/pgSQL function pg_temp_3.perf_time(integer,integer) line 7 at EXECUTE
2026-10-10 13:34:21.542 UTC [96] psql STATEMENT:  SELECT pg_temp.perf_time(3, 1)
2026-10-10 13:34:21.543 UTC [96] psql LOG:  temporary file: path "base/pgsql_tmp/pgsql_tmp96.77", size 1208844
2026-10-10 13:34:21.543 UTC [96] psql CONTEXT:  SQL statement "DELETE FROM output_snapshot_history WHERE id IN (
	               SELECT id FROM (
	                 SELECT id, row_number() OVER (
	                   PARTITION BY output_id, age_class, floor(epoch / bucket_secs)
	                   ORDER BY captured_at DESC, id DESC) AS rn
	                 FROM (
	                   SELECT id, output_id, captured_at,
	                          extract(epoch FROM captured_at) AS epoch,
	                          CASE WHEN extract(epoch FROM ('2026-10-10 13:00:00+00'::timestamptz - captured_at)) < 86400::bigint THEN 0
	                               WHEN extract(epoch FROM ('2026-10-10 13:00:00+00'::timestamptz - captured_at)) < 604800::bigint THEN 1
	                               ELSE 2 END AS age_class,
	                          CASE WHEN extract(epoch FROM ('2026-10-10 13:00:00+00'::timestamptz - captured_at)) < 86400::bigint THEN 300::bigint
	                               WHEN extract(epoch FROM ('2026-10-10 13:00:00+00'::timestamptz - captured_at)) < 604800::bigint THEN 3600::bigint
	                               ELSE 86400::bigint END AS bucket_secs
	                   FROM (
	                     SELECT id, output_id, captured_at,
	                            row_number() OVER (PARTITION BY output_id ORDER BY captured_at DESC, id DESC) AS recency
	                     FROM output_snapshot_history
	                   ) recent
	                   WHERE recency > 101
	                 ) classed
	               ) ranked WHERE rn > 1)"
	PL/pgSQL function pg_temp_3.perf_time(integer,integer) line 7 at EXECUTE
2026-10-10 13:34:21.543 UTC [96] psql STATEMENT:  SELECT pg_temp.perf_time(3, 1)
2026-10-10 13:34:21.577 UTC [96] psql LOG:  temporary file: path "base/pgsql_tmp/pgsql_tmp96.89", size 26187546
2026-10-10 13:34:21.577 UTC [96] psql CONTEXT:  SQL statement "DELETE FROM output_snapshot_history WHERE id IN (
	               SELECT id FROM (
	                 SELECT id, row_number() OVER (
	                   PARTITION BY output_id, age_class, floor(epoch / bucket_secs)
	                   ORDER BY captured_at DESC, id DESC) AS rn
	                 FROM (
	                   SELECT id, output_id, captured_at,
	                          extract(epoch FROM captured_at) AS epoch,
	                          CASE WHEN extract(epoch FROM ('2026-10-10 13:00:00+00'::timestamptz - captured_at)) < 86400::bigint THEN 0
	                               WHEN extract(epoch FROM ('2026-10-10 13:00:00+00'::timestamptz - captured_at)) < 604800::bigint THEN 1
	                               ELSE 2 END AS age_class,
	                          CASE WHEN extract(epoch FROM ('2026-10-10 13:00:00+00'::timestamptz - captured_at)) < 86400::bigint THEN 300::bigint
	                               WHEN extract(epoch FROM ('2026-10-10 13:00:00+00'::timestamptz - captured_at)) < 604800::bigint THEN 3600::bigint
	                               ELSE 86400::bigint END AS bucket_secs
	                   FROM (
	                     SELECT id, output_id, captured_at,
	                            row_number() OVER (PARTITION BY output_id ORDER BY captured_at DESC, id DESC) AS recency
	                     FROM output_snapshot_history
	                   ) recent
	                   WHERE recency > 101
	                 ) classed
	               ) ranked WHERE rn > 1)"
	PL/pgSQL function pg_temp_3.perf_time(integer,integer) line 7 at EXECUTE
2026-10-10 13:34:21.577 UTC [96] psql STATEMENT:  SELECT pg_temp.perf_time(3, 1)
2026-10-10 13:34:21.577 UTC [96] psql LOG:  temporary file: path "base/pgsql_tmp/pgsql_tmp96.78", size 1223262
2026-10-10 13:34:21.577 UTC [96] psql CONTEXT:  SQL statement "DELETE FROM output_snapshot_history WHERE id IN (
	               SELECT id FROM (
	                 SELECT id, row_number() OVER (
	                   PARTITION BY output_id, age_class, floor(epoch / bucket_secs)
	                   ORDER BY captured_at DESC, id DESC) AS rn
	                 FROM (
	                   SELECT id, output_id, captured_at,
	                          extract(epoch FROM captured_at) AS epoch,
	                          CASE WHEN extract(epoch FROM ('2026-10-10 13:00:00+00'::timestamptz - captured_at)) < 86400::bigint THEN 0
	                               WHEN extract(epoch FROM ('2026-10-10 13:00:00+00'::timestamptz - captured_at)) < 604800::bigint THEN 1
	                               ELSE 2 END AS age_class,
	                          CASE WHEN extract(epoch FROM ('2026-10-10 13:00:00+00'::timestamptz - captured_at)) < 86400::bigint THEN 300::bigint
	                               WHEN extract(epoch FROM ('2026-10-10 13:00:00+00'::timestamptz - captured_at)) < 604800::bigint THEN 3600::bigint
	                               ELSE 86400::bigint END AS bucket_secs
	                   FROM (
	                     SELECT id, output_id, captured_at,
	                            row_number() OVER (PARTITION BY output_id ORDER BY captured_at DESC, id DESC) AS recency
	                     FROM output_snapshot_history
	                   ) recent
	                   WHERE recency > 101
	                 ) classed
	               ) ranked WHERE rn > 1)"
	PL/pgSQL function pg_temp_3.perf_time(integer,integer) line 7 at EXECUTE
2026-10-10 13:34:21.577 UTC [96] psql STATEMENT:  SELECT pg_temp.perf_time(3, 1)
2026-10-10 13:34:21.612 UTC [96] psql LOG:  temporary file: path "base/pgsql_tmp/pgsql_tmp96.85", size 26190780
2026-10-10 13:34:21.612 UTC [96] psql CONTEXT:  SQL statement "DELETE FROM output_snapshot_history WHERE id IN (
	               SELECT id FROM (
	                 SELECT id, row_number() OVER (
	                   PARTITION BY output_id, age_class, floor(epoch / bucket_secs)
	                   ORDER BY captured_at DESC, id DESC) AS rn
	                 FROM (
	                   SELECT id, output_id, captured_at,
	                          extract(epoch FROM captured_at) AS epoch,
	                          CASE WHEN extract(epoch FROM ('2026-10-10 13:00:00+00'::timestamptz - captured_at)) < 86400::bigint THEN 0
	                               WHEN extract(epoch FROM ('2026-10-10 13:00:00+00'::timestamptz - captured_at)) < 604800::bigint THEN 1
	                               ELSE 2 END AS age_class,
	                          CASE WHEN extract(epoch FROM ('2026-10-10 13:00:00+00'::timestamptz - captured_at)) < 86400::bigint THEN 300::bigint
	                               WHEN extract(epoch FROM ('2026-10-10 13:00:00+00'::timestamptz - captured_at)) < 604800::bigint THEN 3600::bigint
	                               ELSE 86400::bigint END AS bucket_secs
	                   FROM (
	                     SELECT id, output_id, captured_at,
	                            row_number() OVER (PARTITION BY output_id ORDER BY captured_at DESC, id DESC) AS recency
	                     FROM output_snapshot_history
	                   ) recent
	                   WHERE recency > 101
	                 ) classed
	               ) ranked WHERE rn > 1)"
	PL/pgSQL function pg_temp_3.perf_time(integer,integer) line 7 at EXECUTE
2026-10-10 13:34:21.612 UTC [96] psql STATEMENT:  SELECT pg_temp.perf_time(3, 1)
2026-10-10 13:34:21.613 UTC [96] psql LOG:  temporary file: path "base/pgsql_tmp/pgsql_tmp96.82", size 1223667
2026-10-10 13:34:21.613 UTC [96] psql CONTEXT:  SQL statement "DELETE FROM output_snapshot_history WHERE id IN (
	               SELECT id FROM (
	                 SELECT id, row_number() OVER (
	                   PARTITION BY output_id, age_class, floor(epoch / bucket_secs)
	                   ORDER BY captured_at DESC, id DESC) AS rn
	                 FROM (
	                   SELECT id, output_id, captured_at,
	                          extract(epoch FROM captured_at) AS epoch,
	                          CASE WHEN extract(epoch FROM ('2026-10-10 13:00:00+00'::timestamptz - captured_at)) < 86400::bigint THEN 0
	                               WHEN extract(epoch FROM ('2026-10-10 13:00:00+00'::timestamptz - captured_at)) < 604800::bigint THEN 1
	                               ELSE 2 END AS age_class,
	                          CASE WHEN extract(epoch FROM ('2026-10-10 13:00:00+00'::timestamptz - captured_at)) < 86400::bigint THEN 300::bigint
	                               WHEN extract(epoch FROM ('2026-10-10 13:00:00+00'::timestamptz - captured_at)) < 604800::bigint THEN 3600::bigint
	                               ELSE 86400::bigint END AS bucket_secs
	                   FROM (
	                     SELECT id, output_id, captured_at,
	                            row_number() OVER (PARTITION BY output_id ORDER BY captured_at DESC, id DESC) AS recency
	                     FROM output_snapshot_history
	                   ) recent
	                   WHERE recency > 101
	                 ) classed
	               ) ranked WHERE rn > 1)"
	PL/pgSQL function pg_temp_3.perf_time(integer,integer) line 7 at EXECUTE
2026-10-10 13:34:21.613 UTC [96] psql STATEMENT:  SELECT pg_temp.perf_time(3, 1)
2026-10-10 13:34:21.648 UTC [96] psql LOG:  temporary file: path "base/pgsql_tmp/pgsql_tmp96.88", size 26184438
2026-10-10 13:34:21.648 UTC [96] psql CONTEXT:  SQL statement "DELETE FROM output_snapshot_history WHERE id IN (
	               SELECT id FROM (
	                 SELECT id, row_number() OVER (
	                   PARTITION BY output_id, age_class, floor(epoch / bucket_secs)
	                   ORDER BY captured_at DESC, id DESC) AS rn
	                 FROM (
	                   SELECT id, output_id, captured_at,
	                          extract(epoch FROM captured_at) AS epoch,
	                          CASE WHEN extract(epoch FROM ('2026-10-10 13:00:00+00'::timestamptz - captured_at)) < 86400::bigint THEN 0
	                               WHEN extract(epoch FROM ('2026-10-10 13:00:00+00'::timestamptz - captured_at)) < 604800::bigint THEN 1
	                               ELSE 2 END AS age_class,
	                          CASE WHEN extract(epoch FROM ('2026-10-10 13:00:00+00'::timestamptz - captured_at)) < 86400::bigint THEN 300::bigint
	                               WHEN extract(epoch FROM ('2026-10-10 13:00:00+00'::timestamptz - captured_at)) < 604800::bigint THEN 3600::bigint
	                               ELSE 86400::bigint END AS bucket_secs
	                   FROM (
	                     SELECT id, output_id, captured_at,
	                            row_number() OVER (PARTITION BY output_id ORDER BY captured_at DESC, id DESC) AS recency
	                     FROM output_snapshot_history
	                   ) recent
	                   WHERE recency > 101
	                 ) classed
	               ) ranked WHERE rn > 1)"
	PL/pgSQL function pg_temp_3.perf_time(integer,integer) line 7 at EXECUTE
2026-10-10 13:34:21.648 UTC [96] psql STATEMENT:  SELECT pg_temp.perf_time(3, 1)
2026-10-10 13:34:21.649 UTC [96] psql LOG:  temporary file: path "base/pgsql_tmp/pgsql_tmp96.81", size 1209492
2026-10-10 13:34:21.649 UTC [96] psql CONTEXT:  SQL statement "DELETE FROM output_snapshot_history WHERE id IN (
	               SELECT id FROM (
	                 SELECT id, row_number() OVER (
	                   PARTITION BY output_id, age_class, floor(epoch / bucket_secs)
	                   ORDER BY captured_at DESC, id DESC) AS rn
	                 FROM (
	                   SELECT id, output_id, captured_at,
	                          extract(epoch FROM captured_at) AS epoch,
	                          CASE WHEN extract(epoch FROM ('2026-10-10 13:00:00+00'::timestamptz - captured_at)) < 86400::bigint THEN 0
	                               WHEN extract(epoch FROM ('2026-10-10 13:00:00+00'::timestamptz - captured_at)) < 604800::bigint THEN 1
	                               ELSE 2 END AS age_class,
	                          CASE WHEN extract(epoch FROM ('2026-10-10 13:00:00+00'::timestamptz - captured_at)) < 86400::bigint THEN 300::bigint
	                               WHEN extract(epoch FROM ('2026-10-10 13:00:00+00'::timestamptz - captured_at)) < 604800::bigint THEN 3600::bigint
	                               ELSE 86400::bigint END AS bucket_secs
	                   FROM (
	                     SELECT id, output_id, captured_at,
	                            row_number() OVER (PARTITION BY output_id ORDER BY captured_at DESC, id DESC) AS recency
	                     FROM output_snapshot_history
	                   ) recent
	                   WHERE recency > 101
	                 ) classed
	               ) ranked WHERE rn > 1)"
	PL/pgSQL function pg_temp_3.perf_time(integer,integer) line 7 at EXECUTE
2026-10-10 13:34:21.649 UTC [96] psql STATEMENT:  SELECT pg_temp.perf_time(3, 1)
2026-10-10 13:34:21.684 UTC [96] psql LOG:  temporary file: path "base/pgsql_tmp/pgsql_tmp96.83", size 26159994
2026-10-10 13:34:21.684 UTC [96] psql CONTEXT:  SQL statement "DELETE FROM output_snapshot_history WHERE id IN (
	               SELECT id FROM (
	                 SELECT id, row_number() OVER (
	                   PARTITION BY output_id, age_class, floor(epoch / bucket_secs)
	                   ORDER BY captured_at DESC, id DESC) AS rn
	                 FROM (
	                   SELECT id, output_id, captured_at,
	                          extract(epoch FROM captured_at) AS epoch,
	                          CASE WHEN extract(epoch FROM ('2026-10-10 13:00:00+00'::timestamptz - captured_at)) < 86400::bigint THEN 0
	                               WHEN extract(epoch FROM ('2026-10-10 13:00:00+00'::timestamptz - captured_at)) < 604800::bigint THEN 1
	                               ELSE 2 END AS age_class,
	                          CASE WHEN extract(epoch FROM ('2026-10-10 13:00:00+00'::timestamptz - captured_at)) < 86400::bigint THEN 300::bigint
	                               WHEN extract(epoch FROM ('2026-10-10 13:00:00+00'::timestamptz - captured_at)) < 604800::bigint THEN 3600::bigint
	                               ELSE 86400::bigint END AS bucket_secs
	                   FROM (
	                     SELECT id, output_id, captured_at,
	                            row_number() OVER (PARTITION BY output_id ORDER BY captured_at DESC, id DESC) AS recency
	                     FROM output_snapshot_history
	                   ) recent
	                   WHERE recency > 101
	                 ) classed
	               ) ranked WHERE rn > 1)"
	PL/pgSQL function pg_temp_3.perf_time(integer,integer) line 7 at EXECUTE
2026-10-10 13:34:21.684 UTC [96] psql STATEMENT:  SELECT pg_temp.perf_time(3, 1)
2026-10-10 13:34:21.700 UTC [96] psql LOG:  temporary file: path "base/pgsql_tmp/pgsql_tmp96.75", size 209903616
2026-10-10 13:34:21.700 UTC [96] psql CONTEXT:  SQL statement "DELETE FROM output_snapshot_history WHERE id IN (
	               SELECT id FROM (
	                 SELECT id, row_number() OVER (
	                   PARTITION BY output_id, age_class, floor(epoch / bucket_secs)
	                   ORDER BY captured_at DESC, id DESC) AS rn
	                 FROM (
	                   SELECT id, output_id, captured_at,
	                          extract(epoch FROM captured_at) AS epoch,
	                          CASE WHEN extract(epoch FROM ('2026-10-10 13:00:00+00'::timestamptz - captured_at)) < 86400::bigint THEN 0
	                               WHEN extract(epoch FROM ('2026-10-10 13:00:00+00'::timestamptz - captured_at)) < 604800::bigint THEN 1
	                               ELSE 2 END AS age_class,
	                          CASE WHEN extract(epoch FROM ('2026-10-10 13:00:00+00'::timestamptz - captured_at)) < 86400::bigint THEN 300::bigint
	                               WHEN extract(epoch FROM ('2026-10-10 13:00:00+00'::timestamptz - captured_at)) < 604800::bigint THEN 3600::bigint
	                               ELSE 86400::bigint END AS bucket_secs
	                   FROM (
	                     SELECT id, output_id, captured_at,
	                            row_number() OVER (PARTITION BY output_id ORDER BY captured_at DESC, id DESC) AS recency
	                     FROM output_snapshot_history
	                   ) recent
	                   WHERE recency > 101
	                 ) classed
	               ) ranked WHERE rn > 1)"
	PL/pgSQL function pg_temp_3.perf_time(integer,integer) line 7 at EXECUTE
2026-10-10 13:34:21.700 UTC [96] psql STATEMENT:  SELECT pg_temp.perf_time(3, 1)
2026-10-10 13:34:54.779 UTC [10506] hel1435-S2-prod-noio-cpu1-R25000-b0-explain-r1 LOG:  duration: 54.298 ms  plan:
	Query Text: DELETE FROM output_snapshot_history WHERE output_id = ANY($1) AND id IN (
	             SELECT id FROM (
	               SELECT id, age_class, bucket,
	                      row_number() OVER w AS recency,
	                      lag(age_class) OVER w AS prev_class,
	                      lag(bucket) OVER w AS prev_bucket
	               FROM (
	                 SELECT id, output_id, captured_at,
	                        CASE WHEN extract(epoch FROM ($2::timestamptz - captured_at)) < $3 THEN 0
	                             WHEN extract(epoch FROM ($4::timestamptz - captured_at)) < $5 THEN 1
	                             ELSE 2 END AS age_class,
	                        floor(extract(epoch FROM captured_at) /
	                          CASE WHEN extract(epoch FROM ($6::timestamptz - captured_at)) < $7 THEN $8
	                               WHEN extract(epoch FROM ($9::timestamptz - captured_at)) < $10 THEN $11
	                               ELSE $12 END) AS bucket
	                 FROM output_snapshot_history
	                 WHERE output_id = ANY($13)
	               ) classed
	               WINDOW w AS (PARTITION BY output_id ORDER BY captured_at DESC, id DESC)
	             ) ranked
	             WHERE recency > $14 AND prev_class = age_class AND prev_bucket = bucket)
	Query Parameters: $1 = '{o0,o1,o10,o100,o1000,o1001,o1002,o1003,o1004,o1005,o1006,o1007,o1008,o1009,o101,o1010,o1011,o1012,o1013,o1014,o1015,o1016,o1017,o1018,o1019,o102,o1020,o1021,o1022,o1023,o1024,o1025,o1026,o1027,o1028,o1029,o103,o1030,o1031,o1032,o1033,o1034,o1035,o1036,o1037,o1038,o1039,o104,o1040,o1041,o1042,o1043}', $2 = '2026-10-10 06:00:00-07', $3 = '86400', $4 = '2026-10-10 06:00:00-07', $5 = '604800', $6 = '2026-10-10 06:00:00-07', $7 = '86400', $8 = '300', $9 = '2026-10-10 06:00:00-07', $10 = '604800', $11 = '3600', $12 = '86400', $13 = '{o0,o1,o10,o100,o1000,o1001,o1002,o1003,o1004,o1005,o1006,o1007,o1008,o1009,o101,o1010,o1011,o1012,o1013,o1014,o1015,o1016,o1017,o1018,o1019,o102,o1020,o1021,o1022,o1023,o1024,o1025,o1026,o1027,o1028,o1029,o103,o1030,o1031,o1032,o1033,o1034,o1035,o1036,o1037,o1038,o1039,o104,o1040,o1041,o1042,o1043}', $14 = '102'
	Delete on output_snapshot_history  (cost=83385.90..83393.93 rows=0 width=0) (actual time=54.295..54.297 rows=0 loops=1)
	  Buffers: shared hit=2876 read=3568 dirtied=463 written=941
	  WAL: records=624 bytes=33696
	  ->  Nested Loop  (cost=83385.90..83393.93 rows=1 width=46) (actual time=50.618..54.125 rows=624 loops=1)
	        Buffers: shared hit=2252 read=3568 dirtied=403 written=941
	        ->  HashAggregate  (cost=83385.33..83385.34 rows=1 width=56) (actual time=50.584..50.639 rows=624 loops=1)
	              Group Key: ranked.id
	              Batches: 1  Memory Usage: 193kB
	              Buffers: shared hit=491 read=2833 dirtied=403 written=653
	              ->  Subquery Scan on ranked  (cost=80147.33..83385.33 rows=1 width=56) (actual time=26.631..50.480 rows=624 loops=1)
	                    Filter: ((ranked.recency > 102) AND (ranked.prev_class = ranked.age_class) AND (ranked.prev_bucket = ranked.bucket))
	                    Rows Removed by Filter: 23960
	                    Buffers: shared hit=491 read=2833 dirtied=403 written=653
	                    ->  WindowAgg  (cost=80147.33..82932.01 rows=25904 width=109) (actual time=26.356..49.049 rows=24584 loops=1)
	                          Buffers: shared hit=491 read=2833 dirtied=403 written=653
	                          ->  Sort  (cost=80147.33..80212.09 rows=25904 width=29) (actual time=26.311..26.967 rows=24584 loops=1)
	                                Sort Key: output_snapshot_history_1.output_id, output_snapshot_history_1.captured_at DESC, output_snapshot_history_1.id DESC
	                                Sort Method: quicksort  Memory: 2113kB
	                                Buffers: shared hit=491 read=2833 dirtied=403 written=653
	                                ->  Bitmap Heap Scan on output_snapshot_history output_snapshot_history_1  (cost=1055.32..78248.45 rows=25904 width=29) (actual time=1.140..14.819 rows=24584 loops=1)
	                                      Recheck Cond: (output_id = ANY ('{o0,o1,o10,o100,o1000,o1001,o1002,o1003,o1004,o1005,o1006,o1007,o1008,o1009,o101,o1010,o1011,o1012,o1013,o1014,o1015,o1016,o1017,o1018,o1019,o102,o1020,o1021,o1022,o1023,o1024,o1025,o1026,o1027,o1028,o1029,o103,o1030,o1031,o1032,o1033,o1034,o1035,o1036,o1037,o1038,o1039,o104,o1040,o1041,o1042,o1043}'::text[]))
	                                      Heap Blocks: exact=3033
	                                      Buffers: shared hit=482 read=2833 dirtied=403 written=653
	                                      ->  Bitmap Index Scan on idx_output_snapshot_history_output_captured  (cost=0.00..1048.71 rows=25904 width=0) (actual time=0.958..0.958 rows=24585 loops=1)
	                                            Index Cond: (output_id = ANY ('{o0,o1,o10,o100,o1000,o1001,o1002,o1003,o1004,o1005,o1006,o1007,o1008,o1009,o101,o1010,o1011,o1012,o1013,o1014,o1015,o1016,o1017,o1018,o1019,o102,o1020,o1021,o1022,o1023,o1024,o1025,o1026,o1027,o1028,o1029,o103,o1030,o1031,o1032,o1033,o1034,o1035,o1036,o1037,o1038,o1039,o104,o1040,o1041,o1042,o1043}'::text[]))
	                                            Buffers: shared hit=282
	        ->  Index Scan using output_snapshot_history_pkey on output_snapshot_history  (cost=0.56..8.59 rows=1 width=22) (actual time=0.005..0.005 rows=1 loops=624)
	              Index Cond: (id = ranked.id)
	              Filter: (output_id = ANY ('{o0,o1,o10,o100,o1000,o1001,o1002,o1003,o1004,o1005,o1006,o1007,o1008,o1009,o101,o1010,o1011,o1012,o1013,o1014,o1015,o1016,o1017,o1018,o1019,o102,o1020,o1021,o1022,o1023,o1024,o1025,o1026,o1027,o1028,o1029,o103,o1030,o1031,o1032,o1033,o1034,o1035,o1036,o1037,o1038,o1039,o104,o1040,o1041,o1042,o1043}'::text[]))
	              Buffers: shared hit=1761 read=735 written=288
2026-10-10 13:34:54.848 UTC [10508] hel1435-S2-prod-noio-cpu1-R25000-b0-explain-r2 LOG:  duration: 45.374 ms  plan:
	Query Text: DELETE FROM output_snapshot_history WHERE output_id = ANY($1) AND id IN (
	             SELECT id FROM (
	               SELECT id, age_class, bucket,
	                      row_number() OVER w AS recency,
	                      lag(age_class) OVER w AS prev_class,
	                      lag(bucket) OVER w AS prev_bucket
	               FROM (
	                 SELECT id, output_id, captured_at,
	                        CASE WHEN extract(epoch FROM ($2::timestamptz - captured_at)) < $3 THEN 0
	                             WHEN extract(epoch FROM ($4::timestamptz - captured_at)) < $5 THEN 1
	                             ELSE 2 END AS age_class,
	                        floor(extract(epoch FROM captured_at) /
	                          CASE WHEN extract(epoch FROM ($6::timestamptz - captured_at)) < $7 THEN $8
	                               WHEN extract(epoch FROM ($9::timestamptz - captured_at)) < $10 THEN $11
	                               ELSE $12 END) AS bucket
	                 FROM output_snapshot_history
	                 WHERE output_id = ANY($13)
	               ) classed
	               WINDOW w AS (PARTITION BY output_id ORDER BY captured_at DESC, id DESC)
	             ) ranked
	             WHERE recency > $14 AND prev_class = age_class AND prev_bucket = bucket)
	Query Parameters: $1 = '{o0,o1,o10,o100,o1000,o1001,o1002,o1003,o1004,o1005,o1006,o1007,o1008,o1009,o101,o1010,o1011,o1012,o1013,o1014,o1015,o1016,o1017,o1018,o1019,o102,o1020,o1021,o1022,o1023,o1024,o1025,o1026,o1027,o1028,o1029,o103,o1030,o1031,o1032,o1033,o1034,o1035,o1036,o1037,o1038,o1039,o104,o1040,o1041,o1042,o1043}', $2 = '2026-10-10 06:00:00-07', $3 = '86400', $4 = '2026-10-10 06:00:00-07', $5 = '604800', $6 = '2026-10-10 06:00:00-07', $7 = '86400', $8 = '300', $9 = '2026-10-10 06:00:00-07', $10 = '604800', $11 = '3600', $12 = '86400', $13 = '{o0,o1,o10,o100,o1000,o1001,o1002,o1003,o1004,o1005,o1006,o1007,o1008,o1009,o101,o1010,o1011,o1012,o1013,o1014,o1015,o1016,o1017,o1018,o1019,o102,o1020,o1021,o1022,o1023,o1024,o1025,o1026,o1027,o1028,o1029,o103,o1030,o1031,o1032,o1033,o1034,o1035,o1036,o1037,o1038,o1039,o104,o1040,o1041,o1042,o1043}', $14 = '102'
	Delete on output_snapshot_history  (cost=83385.90..83393.93 rows=0 width=0) (actual time=45.371..45.373 rows=0 loops=1)
	  Buffers: shared hit=6444
	  WAL: records=624 bytes=33696
	  ->  Nested Loop  (cost=83385.90..83393.93 rows=1 width=46) (actual time=43.522..45.221 rows=624 loops=1)
	        Buffers: shared hit=5820
	        ->  HashAggregate  (cost=83385.33..83385.34 rows=1 width=56) (actual time=43.500..43.548 rows=624 loops=1)
	              Group Key: ranked.id
	              Batches: 1  Memory Usage: 193kB
	              Buffers: shared hit=3324
	              ->  Subquery Scan on ranked  (cost=80147.33..83385.33 rows=1 width=56) (actual time=19.524..43.396 rows=624 loops=1)
	                    Filter: ((ranked.recency > 102) AND (ranked.prev_class = ranked.age_class) AND (ranked.prev_bucket = ranked.bucket))
	                    Rows Removed by Filter: 23960
	                    Buffers: shared hit=3324
	                    ->  WindowAgg  (cost=80147.33..82932.01 rows=25904 width=109) (actual time=19.251..42.059 rows=24584 loops=1)
	                          Buffers: shared hit=3324
	                          ->  Sort  (cost=80147.33..80212.09 rows=25904 width=29) (actual time=19.214..19.867 rows=24584 loops=1)
	                                Sort Key: output_snapshot_history_1.output_id, output_snapshot_history_1.captured_at DESC, output_snapshot_history_1.id DESC
	                                Sort Method: quicksort  Memory: 2113kB
	                                Buffers: shared hit=3324
	                                ->  Bitmap Heap Scan on output_snapshot_history output_snapshot_history_1  (cost=1055.32..78248.45 rows=25904 width=29) (actual time=1.392..7.968 rows=24584 loops=1)
	                                      Recheck Cond: (output_id = ANY ('{o0,o1,o10,o100,o1000,o1001,o1002,o1003,o1004,o1005,o1006,o1007,o1008,o1009,o101,o1010,o1011,o1012,o1013,o1014,o1015,o1016,o1017,o1018,o1019,o102,o1020,o1021,o1022,o1023,o1024,o1025,o1026,o1027,o1028,o1029,o103,o1030,o1031,o1032,o1033,o1034,o1035,o1036,o1037,o1038,o1039,o104,o1040,o1041,o1042,o1043}'::text[]))
	                                      Heap Blocks: exact=3033
	                                      Buffers: shared hit=3315
	                                      ->  Bitmap Index Scan on idx_output_snapshot_history_output_captured  (cost=0.00..1048.71 rows=25904 width=0) (actual time=1.177..1.177 rows=24585 loops=1)
	                                            Index Cond: (output_id = ANY ('{o0,o1,o10,o100,o1000,o1001,o1002,o1003,o1004,o1005,o1006,o1007,o1008,o1009,o101,o1010,o1011,o1012,o1013,o1014,o1015,o1016,o1017,o1018,o1019,o102,o1020,o1021,o1022,o1023,o1024,o1025,o1026,o1027,o1028,o1029,o103,o1030,o1031,o1032,o1033,o1034,o1035,o1036,o1037,o1038,o1039,o104,o1040,o1041,o1042,o1043}'::text[]))
	                                            Buffers: shared hit=282
	        ->  Index Scan using output_snapshot_history_pkey on output_snapshot_history  (cost=0.56..8.59 rows=1 width=22) (actual time=0.003..0.003 rows=1 loops=624)
	              Index Cond: (id = ranked.id)
	              Filter: (output_id = ANY ('{o0,o1,o10,o100,o1000,o1001,o1002,o1003,o1004,o1005,o1006,o1007,o1008,o1009,o101,o1010,o1011,o1012,o1013,o1014,o1015,o1016,o1017,o1018,o1019,o102,o1020,o1021,o1022,o1023,o1024,o1025,o1026,o1027,o1028,o1029,o103,o1030,o1031,o1032,o1033,o1034,o1035,o1036,o1037,o1038,o1039,o104,o1040,o1041,o1042,o1043}'::text[]))
	              Buffers: shared hit=2496
2026-10-10 13:34:54.915 UTC [10510] hel1435-S2-prod-noio-cpu1-R25000-b0-explain-r3 LOG:  duration: 44.950 ms  plan:
	Query Text: DELETE FROM output_snapshot_history WHERE output_id = ANY($1) AND id IN (
	             SELECT id FROM (
	               SELECT id, age_class, bucket,
	                      row_number() OVER w AS recency,
	                      lag(age_class) OVER w AS prev_class,
	                      lag(bucket) OVER w AS prev_bucket
	               FROM (
	                 SELECT id, output_id, captured_at,
	                        CASE WHEN extract(epoch FROM ($2::timestamptz - captured_at)) < $3 THEN 0
	                             WHEN extract(epoch FROM ($4::timestamptz - captured_at)) < $5 THEN 1
	                             ELSE 2 END AS age_class,
	                        floor(extract(epoch FROM captured_at) /
	                          CASE WHEN extract(epoch FROM ($6::timestamptz - captured_at)) < $7 THEN $8
	                               WHEN extract(epoch FROM ($9::timestamptz - captured_at)) < $10 THEN $11
	                               ELSE $12 END) AS bucket
	                 FROM output_snapshot_history
	                 WHERE output_id = ANY($13)
	               ) classed
	               WINDOW w AS (PARTITION BY output_id ORDER BY captured_at DESC, id DESC)
	             ) ranked
	             WHERE recency > $14 AND prev_class = age_class AND prev_bucket = bucket)
	Query Parameters: $1 = '{o0,o1,o10,o100,o1000,o1001,o1002,o1003,o1004,o1005,o1006,o1007,o1008,o1009,o101,o1010,o1011,o1012,o1013,o1014,o1015,o1016,o1017,o1018,o1019,o102,o1020,o1021,o1022,o1023,o1024,o1025,o1026,o1027,o1028,o1029,o103,o1030,o1031,o1032,o1033,o1034,o1035,o1036,o1037,o1038,o1039,o104,o1040,o1041,o1042,o1043}', $2 = '2026-10-10 06:00:00-07', $3 = '86400', $4 = '2026-10-10 06:00:00-07', $5 = '604800', $6 = '2026-10-10 06:00:00-07', $7 = '86400', $8 = '300', $9 = '2026-10-10 06:00:00-07', $10 = '604800', $11 = '3600', $12 = '86400', $13 = '{o0,o1,o10,o100,o1000,o1001,o1002,o1003,o1004,o1005,o1006,o1007,o1008,o1009,o101,o1010,o1011,o1012,o1013,o1014,o1015,o1016,o1017,o1018,o1019,o102,o1020,o1021,o1022,o1023,o1024,o1025,o1026,o1027,o1028,o1029,o103,o1030,o1031,o1032,o1033,o1034,o1035,o1036,o1037,o1038,o1039,o104,o1040,o1041,o1042,o1043}', $14 = '102'
	Delete on output_snapshot_history  (cost=83385.90..83393.93 rows=0 width=0) (actual time=44.948..44.950 rows=0 loops=1)
	  Buffers: shared hit=6444
	  WAL: records=624 bytes=33696
	  ->  Nested Loop  (cost=83385.90..83393.93 rows=1 width=46) (actual time=43.160..44.799 rows=624 loops=1)
	        Buffers: shared hit=5820
	        ->  HashAggregate  (cost=83385.33..83385.34 rows=1 width=56) (actual time=43.140..43.182 rows=624 loops=1)
	              Group Key: ranked.id
	              Batches: 1  Memory Usage: 193kB
	              Buffers: shared hit=3324
	              ->  Subquery Scan on ranked  (cost=80147.33..83385.33 rows=1 width=56) (actual time=19.309..43.042 rows=624 loops=1)
	                    Filter: ((ranked.recency > 102) AND (ranked.prev_class = ranked.age_class) AND (ranked.prev_bucket = ranked.bucket))
	                    Rows Removed by Filter: 23960
	                    Buffers: shared hit=3324
	                    ->  WindowAgg  (cost=80147.33..82932.01 rows=25904 width=109) (actual time=19.031..41.716 rows=24584 loops=1)
	                          Buffers: shared hit=3324
	                          ->  Sort  (cost=80147.33..80212.09 rows=25904 width=29) (actual time=18.992..19.612 rows=24584 loops=1)
	                                Sort Key: output_snapshot_history_1.output_id, output_snapshot_history_1.captured_at DESC, output_snapshot_history_1.id DESC
	                                Sort Method: quicksort  Memory: 2113kB
	                                Buffers: shared hit=3324
	                                ->  Bitmap Heap Scan on output_snapshot_history output_snapshot_history_1  (cost=1055.32..78248.45 rows=25904 width=29) (actual time=1.119..7.659 rows=24584 loops=1)
	                                      Recheck Cond: (output_id = ANY ('{o0,o1,o10,o100,o1000,o1001,o1002,o1003,o1004,o1005,o1006,o1007,o1008,o1009,o101,o1010,o1011,o1012,o1013,o1014,o1015,o1016,o1017,o1018,o1019,o102,o1020,o1021,o1022,o1023,o1024,o1025,o1026,o1027,o1028,o1029,o103,o1030,o1031,o1032,o1033,o1034,o1035,o1036,o1037,o1038,o1039,o104,o1040,o1041,o1042,o1043}'::text[]))
	                                      Heap Blocks: exact=3033
	                                      Buffers: shared hit=3315
	                                      ->  Bitmap Index Scan on idx_output_snapshot_history_output_captured  (cost=0.00..1048.71 rows=25904 width=0) (actual time=0.945..0.945 rows=24585 loops=1)
	                                            Index Cond: (output_id = ANY ('{o0,o1,o10,o100,o1000,o1001,o1002,o1003,o1004,o1005,o1006,o1007,o1008,o1009,o101,o1010,o1011,o1012,o1013,o1014,o1015,o1016,o1017,o1018,o1019,o102,o1020,o1021,o1022,o1023,o1024,o1025,o1026,o1027,o1028,o1029,o103,o1030,o1031,o1032,o1033,o1034,o1035,o1036,o1037,o1038,o1039,o104,o1040,o1041,o1042,o1043}'::text[]))
	                                            Buffers: shared hit=282
	        ->  Index Scan using output_snapshot_history_pkey on output_snapshot_history  (cost=0.56..8.59 rows=1 width=22) (actual time=0.002..0.002 rows=1 loops=624)
	              Index Cond: (id = ranked.id)
	              Filter: (output_id = ANY ('{o0,o1,o10,o100,o1000,o1001,o1002,o1003,o1004,o1005,o1006,o1007,o1008,o1009,o101,o1010,o1011,o1012,o1013,o1014,o1015,o1016,o1017,o1018,o1019,o102,o1020,o1021,o1022,o1023,o1024,o1025,o1026,o1027,o1028,o1029,o103,o1030,o1031,o1032,o1033,o1034,o1035,o1036,o1037,o1038,o1039,o104,o1040,o1041,o1042,o1043}'::text[]))
	              Buffers: shared hit=2496
2026-10-10 13:34:55.117 UTC [10518] hel1435-S2-prod-noio-cpu1-R25000-b100-explain-r1 LOG:  duration: 3.115 ms  plan:
	Query Text: DELETE FROM output_snapshot_history h
	             USING pipelines p, users u
	             WHERE h.output_id = ANY($1) AND h.captured_at < $2
	               AND h.pipeline_id = p.id AND p.owner_id = u.id
	               AND h.captured_at < COALESCE(($3::timestamptz[])[array_position($4::text[], u.tier)], $5)
	Query Parameters: $1 = '{o547,o5470,o5471,o5472,o5473,o5474,o5475,o5476,o5477,o5478,o5479,o548,o5480,o5481,o5482,o5483,o5484,o5485,o5486,o5487,o5488,o5489,o549,o5490,o5491,o5492,o5493,o5494,o5495,o5496,o5497,o5498,o5499,o55,o550,o5500,o5501,o5502,o5503,o5504,o5505,o5506,o5507,o5508,o5509,o551,o5510,o5511,o5512}', $2 = '2026-09-10 06:00:00-07', $3 = '{"2026-09-10 06:00:00-07","2026-07-12 06:00:00-07","2025-10-10 06:00:00-07"}', $4 = '{free,beta,owner}', $5 = '2026-09-10 06:00:00-07'
	Delete on output_snapshot_history h  (cost=400.41..5852.23 rows=0 width=0) (actual time=3.113..3.115 rows=0 loops=1)
	  Buffers: shared hit=224 read=120
	  WAL: records=5 bytes=270
	  ->  Hash Join  (cost=400.41..5852.23 rows=478 width=18) (actual time=1.565..3.098 rows=5 loops=1)
	        Hash Cond: (p.owner_id = u.id)
	        Join Filter: (h.captured_at < COALESCE(('{"2026-09-10 06:00:00-07","2026-07-12 06:00:00-07","2025-10-10 06:00:00-07"}'::timestamp with time zone[])[array_position('{free,beta,owner}'::text[], u.tier)], '2026-09-10 06:00:00-07'::timestamp with time zone))
	        Rows Removed by Join Filter: 1740
	        Buffers: shared hit=219 read=120
	        ->  Hash Join  (cost=341.90..5789.95 rows=1435 width=36) (actual time=1.144..2.264 rows=1745 loops=1)
	              Hash Cond: (h.pipeline_id = p.id)
	              Buffers: shared hit=198 read=120
	              ->  Bitmap Heap Scan on output_snapshot_history h  (cost=231.88..5676.17 rows=1435 width=19) (actual time=0.277..1.104 rows=1745 loops=1)
	                    Recheck Cond: ((output_id = ANY ('{o547,o5470,o5471,o5472,o5473,o5474,o5475,o5476,o5477,o5478,o5479,o548,o5480,o5481,o5482,o5483,o5484,o5485,o5486,o5487,o5488,o5489,o549,o5490,o5491,o5492,o5493,o5494,o5495,o5496,o5497,o5498,o5499,o55,o550,o5500,o5501,o5502,o5503,o5504,o5505,o5506,o5507,o5508,o5509,o551,o5510,o5511,o5512}'::text[])) AND (captured_at < '2026-09-10 06:00:00-07'::timestamp with time zone))
	                    Heap Blocks: exact=123
	                    Buffers: shared hit=163 read=120
	                    ->  Bitmap Index Scan on idx_output_snapshot_history_output_captured  (cost=0.00..231.40 rows=1435 width=0) (actual time=0.266..0.266 rows=1745 loops=1)
	                          Index Cond: ((output_id = ANY ('{o547,o5470,o5471,o5472,o5473,o5474,o5475,o5476,o5477,o5478,o5479,o548,o5480,o5481,o5482,o5483,o5484,o5485,o5486,o5487,o5488,o5489,o549,o5490,o5491,o5492,o5493,o5494,o5495,o5496,o5497,o5498,o5499,o55,o550,o5500,o5501,o5502,o5503,o5504,o5505,o5506,o5507,o5508,o5509,o551,o5510,o5511,o5512}'::text[])) AND (captured_at < '2026-09-10 06:00:00-07'::timestamp with time zone))
	                          Buffers: shared hit=160
	              ->  Hash  (cost=68.34..68.34 rows=3334 width=27) (actual time=0.842..0.842 rows=3334 loops=1)
	                    Buckets: 4096  Batches: 1  Memory Usage: 227kB
	                    Buffers: shared hit=35
	                    ->  Seq Scan on pipelines p  (cost=0.00..68.34 rows=3334 width=27) (actual time=0.007..0.377 rows=3334 loops=1)
	                          Buffers: shared hit=35
	        ->  Hash  (cost=37.67..37.67 rows=1667 width=27) (actual time=0.411..0.411 rows=1667 loops=1)
	              Buckets: 2048  Batches: 1  Memory Usage: 113kB
	              Buffers: shared hit=21
	              ->  Seq Scan on users u  (cost=0.00..37.67 rows=1667 width=27) (actual time=0.003..0.193 rows=1667 loops=1)
	                    Buffers: shared hit=21
2026-10-10 13:34:55.169 UTC [10518] hel1435-S2-prod-noio-cpu1-R25000-b100-explain-r1 LOG:  duration: 51.646 ms  plan:
	Query Text: DELETE FROM output_snapshot_history WHERE output_id = ANY($1) AND id IN (
	             SELECT id FROM (
	               SELECT id, age_class, bucket,
	                      row_number() OVER w AS recency,
	                      lag(age_class) OVER w AS prev_class,
	                      lag(bucket) OVER w AS prev_bucket
	               FROM (
	                 SELECT id, output_id, captured_at,
	                        CASE WHEN extract(epoch FROM ($2::timestamptz - captured_at)) < $3 THEN 0
	                             WHEN extract(epoch FROM ($4::timestamptz - captured_at)) < $5 THEN 1
	                             ELSE 2 END AS age_class,
	                        floor(extract(epoch FROM captured_at) /
	                          CASE WHEN extract(epoch FROM ($6::timestamptz - captured_at)) < $7 THEN $8
	                               WHEN extract(epoch FROM ($9::timestamptz - captured_at)) < $10 THEN $11
	                               ELSE $12 END) AS bucket
	                 FROM output_snapshot_history
	                 WHERE output_id = ANY($13)
	               ) classed
	               WINDOW w AS (PARTITION BY output_id ORDER BY captured_at DESC, id DESC)
	             ) ranked
	             WHERE recency > $14 AND prev_class = age_class AND prev_bucket = bucket)
	Query Parameters: $1 = '{o547,o5470,o5471,o5472,o5473,o5474,o5475,o5476,o5477,o5478,o5479,o548,o5480,o5481,o5482,o5483,o5484,o5485,o5486,o5487,o5488,o5489,o549,o5490,o5491,o5492,o5493,o5494,o5495,o5496,o5497,o5498,o5499,o55,o550,o5500,o5501,o5502,o5503,o5504,o5505,o5506,o5507,o5508,o5509,o551,o5510,o5511,o5512}', $2 = '2026-10-10 06:00:00-07', $3 = '86400', $4 = '2026-10-10 06:00:00-07', $5 = '604800', $6 = '2026-10-10 06:00:00-07', $7 = '86400', $8 = '300', $9 = '2026-10-10 06:00:00-07', $10 = '604800', $11 = '3600', $12 = '86400', $13 = '{o547,o5470,o5471,o5472,o5473,o5474,o5475,o5476,o5477,o5478,o5479,o548,o5480,o5481,o5482,o5483,o5484,o5485,o5486,o5487,o5488,o5489,o549,o5490,o5491,o5492,o5493,o5494,o5495,o5496,o5497,o5498,o5499,o55,o550,o5500,o5501,o5502,o5503,o5504,o5505,o5506,o5507,o5508,o5509,o551,o5510,o5511,o5512}', $14 = '102'
	Delete on output_snapshot_history  (cost=79337.67..79345.71 rows=0 width=0) (actual time=51.644..51.645 rows=0 loops=1)
	  Buffers: shared hit=2839 read=3140 dirtied=369 written=345
	  WAL: records=588 bytes=31752
	  ->  Nested Loop  (cost=79337.67..79345.71 rows=1 width=46) (actual time=48.600..51.484 rows=588 loops=1)
	        Buffers: shared hit=2251 read=3140 dirtied=369 written=345
	        ->  HashAggregate  (cost=79337.12..79337.13 rows=1 width=56) (actual time=48.570..48.615 rows=588 loops=1)
	              Group Key: ranked.id
	              Batches: 1  Memory Usage: 193kB
	              Buffers: shared hit=471 read=2568 dirtied=369 written=341
	              ->  Subquery Scan on ranked  (cost=76285.99..79337.11 rows=1 width=56) (actual time=24.586..48.472 rows=588 loops=1)
	                    Filter: ((ranked.recency > 102) AND (ranked.prev_class = ranked.age_class) AND (ranked.prev_bucket = ranked.bucket))
	                    Rows Removed by Filter: 24035
	                    Buffers: shared hit=471 read=2568 dirtied=369 written=341
	                    ->  WindowAgg  (cost=76285.99..78909.96 rows=24409 width=109) (actual time=24.310..47.172 rows=24623 loops=1)
	                          Buffers: shared hit=471 read=2568 dirtied=369 written=341
	                          ->  Sort  (cost=76285.99..76347.01 rows=24409 width=29) (actual time=24.265..24.889 rows=24623 loops=1)
	                                Sort Key: output_snapshot_history_1.output_id, output_snapshot_history_1.captured_at DESC, output_snapshot_history_1.id DESC
	                                Sort Method: quicksort  Memory: 2115kB
	                                Buffers: shared hit=471 read=2568 dirtied=369 written=341
	                                ->  Bitmap Heap Scan on output_snapshot_history output_snapshot_history_1  (cost=994.43..74507.17 rows=24409 width=29) (actual time=1.158..13.411 rows=24623 loops=1)
	                                      Recheck Cond: (output_id = ANY ('{o547,o5470,o5471,o5472,o5473,o5474,o5475,o5476,o5477,o5478,o5479,o548,o5480,o5481,o5482,o5483,o5484,o5485,o5486,o5487,o5488,o5489,o549,o5490,o5491,o5492,o5493,o5494,o5495,o5496,o5497,o5498,o5499,o55,o550,o5500,o5501,o5502,o5503,o5504,o5505,o5506,o5507,o5508,o5509,o551,o5510,o5511,o5512}'::text[]))
	                                      Heap Blocks: exact=2759
	                                      Buffers: shared hit=462 read=2568 dirtied=369 written=341
	                                      ->  Bitmap Index Scan on idx_output_snapshot_history_output_captured  (cost=0.00..988.21 rows=24409 width=0) (actual time=0.993..0.993 rows=24628 loops=1)
	                                            Index Cond: (output_id = ANY ('{o547,o5470,o5471,o5472,o5473,o5474,o5475,o5476,o5477,o5478,o5479,o548,o5480,o5481,o5482,o5483,o5484,o5485,o5486,o5487,o5488,o5489,o549,o5490,o5491,o5492,o5493,o5494,o5495,o5496,o5497,o5498,o5499,o55,o550,o5500,o5501,o5502,o5503,o5504,o5505,o5506,o5507,o5508,o5509,o551,o5510,o5511,o5512}'::text[]))
	                                            Buffers: shared hit=271
	        ->  Index Scan using output_snapshot_history_pkey on output_snapshot_history  (cost=0.55..8.58 rows=1 width=22) (actual time=0.005..0.005 rows=1 loops=588)
	              Index Cond: (id = ranked.id)
	              Filter: (output_id = ANY ('{o547,o5470,o5471,o5472,o5473,o5474,o5475,o5476,o5477,o5478,o5479,o548,o5480,o5481,o5482,o5483,o5484,o5485,o5486,o5487,o5488,o5489,o549,o5490,o5491,o5492,o5493,o5494,o5495,o5496,o5497,o5498,o5499,o55,o550,o5500,o5501,o5502,o5503,o5504,o5505,o5506,o5507,o5508,o5509,o551,o5510,o5511,o5512}'::text[]))
	              Buffers: shared hit=1780 read=572 written=4
2026-10-10 13:34:55.233 UTC [10520] hel1435-S2-prod-noio-cpu1-R25000-b100-explain-r2 LOG:  duration: 43.623 ms  plan:
	Query Text: DELETE FROM output_snapshot_history WHERE output_id = ANY($1) AND id IN (
	             SELECT id FROM (
	               SELECT id, age_class, bucket,
	                      row_number() OVER w AS recency,
	                      lag(age_class) OVER w AS prev_class,
	                      lag(bucket) OVER w AS prev_bucket
	               FROM (
	                 SELECT id, output_id, captured_at,
	                        CASE WHEN extract(epoch FROM ($2::timestamptz - captured_at)) < $3 THEN 0
	                             WHEN extract(epoch FROM ($4::timestamptz - captured_at)) < $5 THEN 1
	                             ELSE 2 END AS age_class,
	                        floor(extract(epoch FROM captured_at) /
	                          CASE WHEN extract(epoch FROM ($6::timestamptz - captured_at)) < $7 THEN $8
	                               WHEN extract(epoch FROM ($9::timestamptz - captured_at)) < $10 THEN $11
	                               ELSE $12 END) AS bucket
	                 FROM output_snapshot_history
	                 WHERE output_id = ANY($13)
	               ) classed
	               WINDOW w AS (PARTITION BY output_id ORDER BY captured_at DESC, id DESC)
	             ) ranked
	             WHERE recency > $14 AND prev_class = age_class AND prev_bucket = bucket)
	Query Parameters: $1 = '{o547,o5470,o5471,o5472,o5473,o5474,o5475,o5476,o5477,o5478,o5479,o548,o5480,o5481,o5482,o5483,o5484,o5485,o5486,o5487,o5488,o5489,o549,o5490,o5491,o5492,o5493,o5494,o5495,o5496,o5497,o5498,o5499,o55,o550,o5500,o5501,o5502,o5503,o5504,o5505,o5506,o5507,o5508,o5509,o551,o5510,o5511,o5512}', $2 = '2026-10-10 06:00:00-07', $3 = '86400', $4 = '2026-10-10 06:00:00-07', $5 = '604800', $6 = '2026-10-10 06:00:00-07', $7 = '86400', $8 = '300', $9 = '2026-10-10 06:00:00-07', $10 = '604800', $11 = '3600', $12 = '86400', $13 = '{o547,o5470,o5471,o5472,o5473,o5474,o5475,o5476,o5477,o5478,o5479,o548,o5480,o5481,o5482,o5483,o5484,o5485,o5486,o5487,o5488,o5489,o549,o5490,o5491,o5492,o5493,o5494,o5495,o5496,o5497,o5498,o5499,o55,o550,o5500,o5501,o5502,o5503,o5504,o5505,o5506,o5507,o5508,o5509,o551,o5510,o5511,o5512}', $14 = '102'
	Delete on output_snapshot_history  (cost=79337.67..79345.71 rows=0 width=0) (actual time=43.621..43.622 rows=0 loops=1)
	  Buffers: shared hit=5979
	  WAL: records=588 bytes=31752
	  ->  Nested Loop  (cost=79337.67..79345.71 rows=1 width=46) (actual time=41.804..43.479 rows=588 loops=1)
	        Buffers: shared hit=5391
	        ->  HashAggregate  (cost=79337.12..79337.13 rows=1 width=56) (actual time=41.785..41.825 rows=588 loops=1)
	              Group Key: ranked.id
	              Batches: 1  Memory Usage: 193kB
	              Buffers: shared hit=3039
	              ->  Subquery Scan on ranked  (cost=76285.99..79337.11 rows=1 width=56) (actual time=18.017..41.694 rows=588 loops=1)
	                    Filter: ((ranked.recency > 102) AND (ranked.prev_class = ranked.age_class) AND (ranked.prev_bucket = ranked.bucket))
	                    Rows Removed by Filter: 24035
	                    Buffers: shared hit=3039
	                    ->  WindowAgg  (cost=76285.99..78909.96 rows=24409 width=109) (actual time=17.749..40.398 rows=24623 loops=1)
	                          Buffers: shared hit=3039
	                          ->  Sort  (cost=76285.99..76347.01 rows=24409 width=29) (actual time=17.722..18.339 rows=24623 loops=1)
	                                Sort Key: output_snapshot_history_1.output_id, output_snapshot_history_1.captured_at DESC, output_snapshot_history_1.id DESC
	                                Sort Method: quicksort  Memory: 2115kB
	                                Buffers: shared hit=3039
	                                ->  Bitmap Heap Scan on output_snapshot_history output_snapshot_history_1  (cost=994.43..74507.17 rows=24409 width=29) (actual time=1.090..6.965 rows=24623 loops=1)
	                                      Recheck Cond: (output_id = ANY ('{o547,o5470,o5471,o5472,o5473,o5474,o5475,o5476,o5477,o5478,o5479,o548,o5480,o5481,o5482,o5483,o5484,o5485,o5486,o5487,o5488,o5489,o549,o5490,o5491,o5492,o5493,o5494,o5495,o5496,o5497,o5498,o5499,o55,o550,o5500,o5501,o5502,o5503,o5504,o5505,o5506,o5507,o5508,o5509,o551,o5510,o5511,o5512}'::text[]))
	                                      Heap Blocks: exact=2759
	                                      Buffers: shared hit=3030
	                                      ->  Bitmap Index Scan on idx_output_snapshot_history_output_captured  (cost=0.00..988.21 rows=24409 width=0) (actual time=0.927..0.927 rows=24628 loops=1)
	                                            Index Cond: (output_id = ANY ('{o547,o5470,o5471,o5472,o5473,o5474,o5475,o5476,o5477,o5478,o5479,o548,o5480,o5481,o5482,o5483,o5484,o5485,o5486,o5487,o5488,o5489,o549,o5490,o5491,o5492,o5493,o5494,o5495,o5496,o5497,o5498,o5499,o55,o550,o5500,o5501,o5502,o5503,o5504,o5505,o5506,o5507,o5508,o5509,o551,o5510,o5511,o5512}'::text[]))
	                                            Buffers: shared hit=271
	        ->  Index Scan using output_snapshot_history_pkey on output_snapshot_history  (cost=0.55..8.58 rows=1 width=22) (actual time=0.003..0.003 rows=1 loops=588)
	              Index Cond: (id = ranked.id)
	              Filter: (output_id = ANY ('{o547,o5470,o5471,o5472,o5473,o5474,o5475,o5476,o5477,o5478,o5479,o548,o5480,o5481,o5482,o5483,o5484,o5485,o5486,o5487,o5488,o5489,o549,o5490,o5491,o5492,o5493,o5494,o5495,o5496,o5497,o5498,o5499,o55,o550,o5500,o5501,o5502,o5503,o5504,o5505,o5506,o5507,o5508,o5509,o551,o5510,o5511,o5512}'::text[]))
	              Buffers: shared hit=2352
2026-10-10 13:34:55.295 UTC [10522] hel1435-S2-prod-noio-cpu1-R25000-b100-explain-r3 LOG:  duration: 43.346 ms  plan:
	Query Text: DELETE FROM output_snapshot_history WHERE output_id = ANY($1) AND id IN (
	             SELECT id FROM (
	               SELECT id, age_class, bucket,
	                      row_number() OVER w AS recency,
	                      lag(age_class) OVER w AS prev_class,
	                      lag(bucket) OVER w AS prev_bucket
	               FROM (
	                 SELECT id, output_id, captured_at,
	                        CASE WHEN extract(epoch FROM ($2::timestamptz - captured_at)) < $3 THEN 0
	                             WHEN extract(epoch FROM ($4::timestamptz - captured_at)) < $5 THEN 1
	                             ELSE 2 END AS age_class,
	                        floor(extract(epoch FROM captured_at) /
	                          CASE WHEN extract(epoch FROM ($6::timestamptz - captured_at)) < $7 THEN $8
	                               WHEN extract(epoch FROM ($9::timestamptz - captured_at)) < $10 THEN $11
	                               ELSE $12 END) AS bucket
	                 FROM output_snapshot_history
	                 WHERE output_id = ANY($13)
	               ) classed
	               WINDOW w AS (PARTITION BY output_id ORDER BY captured_at DESC, id DESC)
	             ) ranked
	             WHERE recency > $14 AND prev_class = age_class AND prev_bucket = bucket)
	Query Parameters: $1 = '{o547,o5470,o5471,o5472,o5473,o5474,o5475,o5476,o5477,o5478,o5479,o548,o5480,o5481,o5482,o5483,o5484,o5485,o5486,o5487,o5488,o5489,o549,o5490,o5491,o5492,o5493,o5494,o5495,o5496,o5497,o5498,o5499,o55,o550,o5500,o5501,o5502,o5503,o5504,o5505,o5506,o5507,o5508,o5509,o551,o5510,o5511,o5512}', $2 = '2026-10-10 06:00:00-07', $3 = '86400', $4 = '2026-10-10 06:00:00-07', $5 = '604800', $6 = '2026-10-10 06:00:00-07', $7 = '86400', $8 = '300', $9 = '2026-10-10 06:00:00-07', $10 = '604800', $11 = '3600', $12 = '86400', $13 = '{o547,o5470,o5471,o5472,o5473,o5474,o5475,o5476,o5477,o5478,o5479,o548,o5480,o5481,o5482,o5483,o5484,o5485,o5486,o5487,o5488,o5489,o549,o5490,o5491,o5492,o5493,o5494,o5495,o5496,o5497,o5498,o5499,o55,o550,o5500,o5501,o5502,o5503,o5504,o5505,o5506,o5507,o5508,o5509,o551,o5510,o5511,o5512}', $14 = '102'
	Delete on output_snapshot_history  (cost=79337.67..79345.71 rows=0 width=0) (actual time=43.345..43.346 rows=0 loops=1)
	  Buffers: shared hit=5979
	  WAL: records=588 bytes=31752
	  ->  Nested Loop  (cost=79337.67..79345.71 rows=1 width=46) (actual time=41.600..43.204 rows=588 loops=1)
	        Buffers: shared hit=5391
	        ->  HashAggregate  (cost=79337.12..79337.13 rows=1 width=56) (actual time=41.585..41.626 rows=588 loops=1)
	              Group Key: ranked.id
	              Batches: 1  Memory Usage: 193kB
	              Buffers: shared hit=3039
	              ->  Subquery Scan on ranked  (cost=76285.99..79337.11 rows=1 width=56) (actual time=17.470..41.495 rows=588 loops=1)
	                    Filter: ((ranked.recency > 102) AND (ranked.prev_class = ranked.age_class) AND (ranked.prev_bucket = ranked.bucket))
	                    Rows Removed by Filter: 24035
	                    Buffers: shared hit=3039
	                    ->  WindowAgg  (cost=76285.99..78909.96 rows=24409 width=109) (actual time=17.202..40.191 rows=24623 loops=1)
	                          Buffers: shared hit=3039
	                          ->  Sort  (cost=76285.99..76347.01 rows=24409 width=29) (actual time=17.177..17.806 rows=24623 loops=1)
	                                Sort Key: output_snapshot_history_1.output_id, output_snapshot_history_1.captured_at DESC, output_snapshot_history_1.id DESC
	                                Sort Method: quicksort  Memory: 2115kB
	                                Buffers: shared hit=3039
	                                ->  Bitmap Heap Scan on output_snapshot_history output_snapshot_history_1  (cost=994.43..74507.17 rows=24409 width=29) (actual time=1.090..6.526 rows=24623 loops=1)
	                                      Recheck Cond: (output_id = ANY ('{o547,o5470,o5471,o5472,o5473,o5474,o5475,o5476,o5477,o5478,o5479,o548,o5480,o5481,o5482,o5483,o5484,o5485,o5486,o5487,o5488,o5489,o549,o5490,o5491,o5492,o5493,o5494,o5495,o5496,o5497,o5498,o5499,o55,o550,o5500,o5501,o5502,o5503,o5504,o5505,o5506,o5507,o5508,o5509,o551,o5510,o5511,o5512}'::text[]))
	                                      Heap Blocks: exact=2759
	                                      Buffers: shared hit=3030
	                                      ->  Bitmap Index Scan on idx_output_snapshot_history_output_captured  (cost=0.00..988.21 rows=24409 width=0) (actual time=0.927..0.927 rows=24628 loops=1)
	                                            Index Cond: (output_id = ANY ('{o547,o5470,o5471,o5472,o5473,o5474,o5475,o5476,o5477,o5478,o5479,o548,o5480,o5481,o5482,o5483,o5484,o5485,o5486,o5487,o5488,o5489,o549,o5490,o5491,o5492,o5493,o5494,o5495,o5496,o5497,o5498,o5499,o55,o550,o5500,o5501,o5502,o5503,o5504,o5505,o5506,o5507,o5508,o5509,o551,o5510,o5511,o5512}'::text[]))
	                                            Buffers: shared hit=271
	        ->  Index Scan using output_snapshot_history_pkey on output_snapshot_history  (cost=0.55..8.58 rows=1 width=22) (actual time=0.003..0.003 rows=1 loops=588)
	              Index Cond: (id = ranked.id)
	              Filter: (output_id = ANY ('{o547,o5470,o5471,o5472,o5473,o5474,o5475,o5476,o5477,o5478,o5479,o548,o5480,o5481,o5482,o5483,o5484,o5485,o5486,o5487,o5488,o5489,o549,o5490,o5491,o5492,o5493,o5494,o5495,o5496,o5497,o5498,o5499,o55,o550,o5500,o5501,o5502,o5503,o5504,o5505,o5506,o5507,o5508,o5509,o551,o5510,o5511,o5512}'::text[]))
	              Buffers: shared hit=2352
2026-10-10 13:34:55.499 UTC [10530] hel1435-S2-prod-noio-cpu1-R25000-b201-explain-r1 LOG:  duration: 21.606 ms  plan:
	Query Text: DELETE FROM output_snapshot_history WHERE output_id = ANY($1) AND id IN (
	             SELECT id FROM (
	               SELECT id, age_class, bucket,
	                      row_number() OVER w AS recency,
	                      lag(age_class) OVER w AS prev_class,
	                      lag(bucket) OVER w AS prev_bucket
	               FROM (
	                 SELECT id, output_id, captured_at,
	                        CASE WHEN extract(epoch FROM ($2::timestamptz - captured_at)) < $3 THEN 0
	                             WHEN extract(epoch FROM ($4::timestamptz - captured_at)) < $5 THEN 1
	                             ELSE 2 END AS age_class,
	                        floor(extract(epoch FROM captured_at) /
	                          CASE WHEN extract(epoch FROM ($6::timestamptz - captured_at)) < $7 THEN $8
	                               WHEN extract(epoch FROM ($9::timestamptz - captured_at)) < $10 THEN $11
	                               ELSE $12 END) AS bucket
	                 FROM output_snapshot_history
	                 WHERE output_id = ANY($13)
	               ) classed
	               WINDOW w AS (PARTITION BY output_id ORDER BY captured_at DESC, id DESC)
	             ) ranked
	             WHERE recency > $14 AND prev_class = age_class AND prev_bucket = bucket)
	Query Parameters: $1 = '{o998,o9980,o9981,o9982,o9983,o9984,o9985,o9986,o9987,o9988,o9989,o999,o9990,o9991,o9992,o9993,o9994,o9995,o9996,o9997,o9998,o9999}', $2 = '2026-10-10 06:00:00-07', $3 = '86400', $4 = '2026-10-10 06:00:00-07', $5 = '604800', $6 = '2026-10-10 06:00:00-07', $7 = '86400', $8 = '300', $9 = '2026-10-10 06:00:00-07', $10 = '604800', $11 = '3600', $12 = '86400', $13 = '{o998,o9980,o9981,o9982,o9983,o9984,o9985,o9986,o9987,o9988,o9989,o999,o9990,o9991,o9992,o9993,o9994,o9995,o9996,o9997,o9998,o9999}', $14 = '102'
	Delete on output_snapshot_history  (cost=39355.24..39363.28 rows=0 width=0) (actual time=21.605..21.606 rows=0 loops=1)
	  Buffers: shared hit=2132 read=835 dirtied=84
	  WAL: records=264 bytes=14256
	  ->  Nested Loop  (cost=39355.24..39363.28 rows=1 width=46) (actual time=20.357..21.534 rows=264 loops=1)
	        Buffers: shared hit=1868 read=835 dirtied=83
	        ->  HashAggregate  (cost=39354.76..39354.77 rows=1 width=56) (actual time=20.338..20.360 rows=264 loops=1)
	              Group Key: ranked.id
	              Batches: 1  Memory Usage: 117kB
	              Buffers: shared hit=1060 read=587 dirtied=83
	              ->  Subquery Scan on ranked  (cost=37984.88..39354.75 rows=1 width=56) (actual time=10.504..20.298 rows=264 loops=1)
	                    Filter: ((ranked.recency > 102) AND (ranked.prev_class = ranked.age_class) AND (ranked.prev_bucket = ranked.bucket))
	                    Rows Removed by Filter: 10010
	                    Buffers: shared hit=1060 read=587 dirtied=83
	                    ->  WindowAgg  (cost=37984.88..39162.97 rows=10959 width=109) (actual time=10.242..19.731 rows=10274 loops=1)
	                          Buffers: shared hit=1060 read=587 dirtied=83
	                          ->  Sort  (cost=37984.88..38012.28 rows=10959 width=29) (actual time=10.216..10.475 rows=10274 loops=1)
	                                Sort Key: output_snapshot_history_1.output_id, output_snapshot_history_1.captured_at DESC, output_snapshot_history_1.id DESC
	                                Sort Method: quicksort  Memory: 946kB
	                                Buffers: shared hit=1060 read=587 dirtied=83
	                                ->  Bitmap Heap Scan on output_snapshot_history output_snapshot_history_1  (cost=446.48..37249.54 rows=10959 width=29) (actual time=0.551..6.127 rows=10274 loops=1)
	                                      Recheck Cond: (output_id = ANY ('{o998,o9980,o9981,o9982,o9983,o9984,o9985,o9986,o9987,o9988,o9989,o999,o9990,o9991,o9992,o9993,o9994,o9995,o9996,o9997,o9998,o9999}'::text[]))
	                                      Heap Blocks: exact=1514
	                                      Buffers: shared hit=1051 read=587 dirtied=83
	                                      ->  Bitmap Index Scan on idx_output_snapshot_history_output_captured  (cost=0.00..443.69 rows=10959 width=0) (actual time=0.444..0.444 rows=10276 loops=1)
	                                            Index Cond: (output_id = ANY ('{o998,o9980,o9981,o9982,o9983,o9984,o9985,o9986,o9987,o9988,o9989,o999,o9990,o9991,o9992,o9993,o9994,o9995,o9996,o9997,o9998,o9999}'::text[]))
	                                            Buffers: shared hit=124
	        ->  Index Scan using output_snapshot_history_pkey on output_snapshot_history  (cost=0.49..8.51 rows=1 width=22) (actual time=0.004..0.004 rows=1 loops=264)
	              Index Cond: (id = ranked.id)
	              Filter: (output_id = ANY ('{o998,o9980,o9981,o9982,o9983,o9984,o9985,o9986,o9987,o9988,o9989,o999,o9990,o9991,o9992,o9993,o9994,o9995,o9996,o9997,o9998,o9999}'::text[]))
	              Buffers: shared hit=808 read=248
2026-10-10 13:34:55.530 UTC [10532] hel1435-S2-prod-noio-cpu1-R25000-b201-explain-r2 LOG:  duration: 18.475 ms  plan:
	Query Text: DELETE FROM output_snapshot_history WHERE output_id = ANY($1) AND id IN (
	             SELECT id FROM (
	               SELECT id, age_class, bucket,
	                      row_number() OVER w AS recency,
	                      lag(age_class) OVER w AS prev_class,
	                      lag(bucket) OVER w AS prev_bucket
	               FROM (
	                 SELECT id, output_id, captured_at,
	                        CASE WHEN extract(epoch FROM ($2::timestamptz - captured_at)) < $3 THEN 0
	                             WHEN extract(epoch FROM ($4::timestamptz - captured_at)) < $5 THEN 1
	                             ELSE 2 END AS age_class,
	                        floor(extract(epoch FROM captured_at) /
	                          CASE WHEN extract(epoch FROM ($6::timestamptz - captured_at)) < $7 THEN $8
	                               WHEN extract(epoch FROM ($9::timestamptz - captured_at)) < $10 THEN $11
	                               ELSE $12 END) AS bucket
	                 FROM output_snapshot_history
	                 WHERE output_id = ANY($13)
	               ) classed
	               WINDOW w AS (PARTITION BY output_id ORDER BY captured_at DESC, id DESC)
	             ) ranked
	             WHERE recency > $14 AND prev_class = age_class AND prev_bucket = bucket)
	Query Parameters: $1 = '{o998,o9980,o9981,o9982,o9983,o9984,o9985,o9986,o9987,o9988,o9989,o999,o9990,o9991,o9992,o9993,o9994,o9995,o9996,o9997,o9998,o9999}', $2 = '2026-10-10 06:00:00-07', $3 = '86400', $4 = '2026-10-10 06:00:00-07', $5 = '604800', $6 = '2026-10-10 06:00:00-07', $7 = '86400', $8 = '300', $9 = '2026-10-10 06:00:00-07', $10 = '604800', $11 = '3600', $12 = '86400', $13 = '{o998,o9980,o9981,o9982,o9983,o9984,o9985,o9986,o9987,o9988,o9989,o999,o9990,o9991,o9992,o9993,o9994,o9995,o9996,o9997,o9998,o9999}', $14 = '102'
	Delete on output_snapshot_history  (cost=39355.24..39363.28 rows=0 width=0) (actual time=18.474..18.475 rows=0 loops=1)
	  Buffers: shared hit=2967
	  WAL: records=264 bytes=14256
	  ->  Nested Loop  (cost=39355.24..39363.28 rows=1 width=46) (actual time=17.703..18.411 rows=264 loops=1)
	        Buffers: shared hit=2703
	        ->  HashAggregate  (cost=39354.76..39354.77 rows=1 width=56) (actual time=17.692..17.711 rows=264 loops=1)
	              Group Key: ranked.id
	              Batches: 1  Memory Usage: 117kB
	              Buffers: shared hit=1647
	              ->  Subquery Scan on ranked  (cost=37984.88..39354.75 rows=1 width=56) (actual time=8.021..17.655 rows=264 loops=1)
	                    Filter: ((ranked.recency > 102) AND (ranked.prev_class = ranked.age_class) AND (ranked.prev_bucket = ranked.bucket))
	                    Rows Removed by Filter: 10010
	                    Buffers: shared hit=1647
	                    ->  WindowAgg  (cost=37984.88..39162.97 rows=10959 width=109) (actual time=7.763..17.108 rows=10274 loops=1)
	                          Buffers: shared hit=1647
	                          ->  Sort  (cost=37984.88..38012.28 rows=10959 width=29) (actual time=7.739..7.987 rows=10274 loops=1)
	                                Sort Key: output_snapshot_history_1.output_id, output_snapshot_history_1.captured_at DESC, output_snapshot_history_1.id DESC
	                                Sort Method: quicksort  Memory: 946kB
	                                Buffers: shared hit=1647
	                                ->  Bitmap Heap Scan on output_snapshot_history output_snapshot_history_1  (cost=446.48..37249.54 rows=10959 width=29) (actual time=0.438..3.838 rows=10274 loops=1)
	                                      Recheck Cond: (output_id = ANY ('{o998,o9980,o9981,o9982,o9983,o9984,o9985,o9986,o9987,o9988,o9989,o999,o9990,o9991,o9992,o9993,o9994,o9995,o9996,o9997,o9998,o9999}'::text[]))
	                                      Heap Blocks: exact=1514
	                                      Buffers: shared hit=1638
	                                      ->  Bitmap Index Scan on idx_output_snapshot_history_output_captured  (cost=0.00..443.69 rows=10959 width=0) (actual time=0.354..0.354 rows=10276 loops=1)
	                                            Index Cond: (output_id = ANY ('{o998,o9980,o9981,o9982,o9983,o9984,o9985,o9986,o9987,o9988,o9989,o999,o9990,o9991,o9992,o9993,o9994,o9995,o9996,o9997,o9998,o9999}'::text[]))
	                                            Buffers: shared hit=124
	        ->  Index Scan using output_snapshot_history_pkey on output_snapshot_history  (cost=0.49..8.51 rows=1 width=22) (actual time=0.003..0.003 rows=1 loops=264)
	              Index Cond: (id = ranked.id)
	              Filter: (output_id = ANY ('{o998,o9980,o9981,o9982,o9983,o9984,o9985,o9986,o9987,o9988,o9989,o999,o9990,o9991,o9992,o9993,o9994,o9995,o9996,o9997,o9998,o9999}'::text[]))
	              Buffers: shared hit=1056
2026-10-10 13:34:55.562 UTC [10534] hel1435-S2-prod-noio-cpu1-R25000-b201-explain-r3 LOG:  duration: 18.588 ms  plan:
	Query Text: DELETE FROM output_snapshot_history WHERE output_id = ANY($1) AND id IN (
	             SELECT id FROM (
	               SELECT id, age_class, bucket,
	                      row_number() OVER w AS recency,
	                      lag(age_class) OVER w AS prev_class,
	                      lag(bucket) OVER w AS prev_bucket
	               FROM (
	                 SELECT id, output_id, captured_at,
	                        CASE WHEN extract(epoch FROM ($2::timestamptz - captured_at)) < $3 THEN 0
	                             WHEN extract(epoch FROM ($4::timestamptz - captured_at)) < $5 THEN 1
	                             ELSE 2 END AS age_class,
	                        floor(extract(epoch FROM captured_at) /
	                          CASE WHEN extract(epoch FROM ($6::timestamptz - captured_at)) < $7 THEN $8
	                               WHEN extract(epoch FROM ($9::timestamptz - captured_at)) < $10 THEN $11
	                               ELSE $12 END) AS bucket
	                 FROM output_snapshot_history
	                 WHERE output_id = ANY($13)
	               ) classed
	               WINDOW w AS (PARTITION BY output_id ORDER BY captured_at DESC, id DESC)
	             ) ranked
	             WHERE recency > $14 AND prev_class = age_class AND prev_bucket = bucket)
	Query Parameters: $1 = '{o998,o9980,o9981,o9982,o9983,o9984,o9985,o9986,o9987,o9988,o9989,o999,o9990,o9991,o9992,o9993,o9994,o9995,o9996,o9997,o9998,o9999}', $2 = '2026-10-10 06:00:00-07', $3 = '86400', $4 = '2026-10-10 06:00:00-07', $5 = '604800', $6 = '2026-10-10 06:00:00-07', $7 = '86400', $8 = '300', $9 = '2026-10-10 06:00:00-07', $10 = '604800', $11 = '3600', $12 = '86400', $13 = '{o998,o9980,o9981,o9982,o9983,o9984,o9985,o9986,o9987,o9988,o9989,o999,o9990,o9991,o9992,o9993,o9994,o9995,o9996,o9997,o9998,o9999}', $14 = '102'
	Delete on output_snapshot_history  (cost=39355.24..39363.28 rows=0 width=0) (actual time=18.587..18.588 rows=0 loops=1)
	  Buffers: shared hit=2967
	  WAL: records=264 bytes=14256
	  ->  Nested Loop  (cost=39355.24..39363.28 rows=1 width=46) (actual time=17.791..18.522 rows=264 loops=1)
	        Buffers: shared hit=2703
	        ->  HashAggregate  (cost=39354.76..39354.77 rows=1 width=56) (actual time=17.779..17.797 rows=264 loops=1)
	              Group Key: ranked.id
	              Batches: 1  Memory Usage: 117kB
	              Buffers: shared hit=1647
	              ->  Subquery Scan on ranked  (cost=37984.88..39354.75 rows=1 width=56) (actual time=7.942..17.742 rows=264 loops=1)
	                    Filter: ((ranked.recency > 102) AND (ranked.prev_class = ranked.age_class) AND (ranked.prev_bucket = ranked.bucket))
	                    Rows Removed by Filter: 10010
	                    Buffers: shared hit=1647
	                    ->  WindowAgg  (cost=37984.88..39162.97 rows=10959 width=109) (actual time=7.680..17.196 rows=10274 loops=1)
	                          Buffers: shared hit=1647
	                          ->  Sort  (cost=37984.88..38012.28 rows=10959 width=29) (actual time=7.656..7.906 rows=10274 loops=1)
	                                Sort Key: output_snapshot_history_1.output_id, output_snapshot_history_1.captured_at DESC, output_snapshot_history_1.id DESC
	                                Sort Method: quicksort  Memory: 946kB
	                                Buffers: shared hit=1647
	                                ->  Bitmap Heap Scan on output_snapshot_history output_snapshot_history_1  (cost=446.48..37249.54 rows=10959 width=29) (actual time=0.449..3.749 rows=10274 loops=1)
	                                      Recheck Cond: (output_id = ANY ('{o998,o9980,o9981,o9982,o9983,o9984,o9985,o9986,o9987,o9988,o9989,o999,o9990,o9991,o9992,o9993,o9994,o9995,o9996,o9997,o9998,o9999}'::text[]))
	                                      Heap Blocks: exact=1514
	                                      Buffers: shared hit=1638
	                                      ->  Bitmap Index Scan on idx_output_snapshot_history_output_captured  (cost=0.00..443.69 rows=10959 width=0) (actual time=0.364..0.365 rows=10276 loops=1)
	                                            Index Cond: (output_id = ANY ('{o998,o9980,o9981,o9982,o9983,o9984,o9985,o9986,o9987,o9988,o9989,o999,o9990,o9991,o9992,o9993,o9994,o9995,o9996,o9997,o9998,o9999}'::text[]))
	                                            Buffers: shared hit=124
	        ->  Index Scan using output_snapshot_history_pkey on output_snapshot_history  (cost=0.49..8.51 rows=1 width=22) (actual time=0.003..0.003 rows=1 loops=264)
	              Index Cond: (id = ranked.id)
	              Filter: (output_id = ANY ('{o998,o9980,o9981,o9982,o9983,o9984,o9985,o9986,o9987,o9988,o9989,o999,o9990,o9991,o9992,o9993,o9994,o9995,o9996,o9997,o9998,o9999}'::text[]))
	              Buffers: shared hit=1056
