2026-10-10 13:37:47.045 UTC [47] psql LOG:  temporary file: path "base/pgsql_tmp/pgsql_tmp47.84", size 26208252
2026-10-10 13:37:47.045 UTC [47] psql CONTEXT:  SQL statement "DELETE FROM output_snapshot_history WHERE id IN (
	               SELECT id FROM (
	                 SELECT id, row_number() OVER (
	                   PARTITION BY output_id, age_class, floor(epoch / bucket_secs)
	                   ORDER BY captured_at DESC, id DESC) AS rn
	                 FROM (
	                   SELECT id, output_id, captured_at,
	                          extract(epoch FROM captured_at) AS epoch,
	                          CASE WHEN extract(epoch FROM ('2026-10-10 13:00:00+00'::timestamptz - captured_at)) < 86400::bigint THEN 0
	                               WHEN extract(epoch FROM ('2026-10-10 13:00:00+00'::timestamptz - captured_at)) < 604800::bigint THEN 1
	                               ELSE 2 END AS age_class,
	                          CASE WHEN extract(epoch FROM ('2026-10-10 13:00:00+00'::timestamptz - captured_at)) < 86400::bigint THEN 300::bigint
	                               WHEN extract(epoch FROM ('2026-10-10 13:00:00+00'::timestamptz - captured_at)) < 604800::bigint THEN 3600::bigint
	                               ELSE 86400::bigint END AS bucket_secs
	                   FROM (
	                     SELECT id, output_id, captured_at,
	                            row_number() OVER (PARTITION BY output_id ORDER BY captured_at DESC, id DESC) AS recency
	                     FROM output_snapshot_history
	                   ) recent
	                   WHERE recency > 101
	                 ) classed
	               ) ranked WHERE rn > 1)"
	PL/pgSQL function pg_temp_3.perf_time(integer,integer) line 7 at EXECUTE
2026-10-10 13:37:47.045 UTC [47] psql STATEMENT:  SELECT pg_temp.perf_time(3, 1)
2026-10-10 13:37:47.046 UTC [47] psql LOG:  temporary file: path "base/pgsql_tmp/pgsql_tmp47.77", size 1208844
2026-10-10 13:37:47.046 UTC [47] psql CONTEXT:  SQL statement "DELETE FROM output_snapshot_history WHERE id IN (
	               SELECT id FROM (
	                 SELECT id, row_number() OVER (
	                   PARTITION BY output_id, age_class, floor(epoch / bucket_secs)
	                   ORDER BY captured_at DESC, id DESC) AS rn
	                 FROM (
	                   SELECT id, output_id, captured_at,
	                          extract(epoch FROM captured_at) AS epoch,
	                          CASE WHEN extract(epoch FROM ('2026-10-10 13:00:00+00'::timestamptz - captured_at)) < 86400::bigint THEN 0
	                               WHEN extract(epoch FROM ('2026-10-10 13:00:00+00'::timestamptz - captured_at)) < 604800::bigint THEN 1
	                               ELSE 2 END AS age_class,
	                          CASE WHEN extract(epoch FROM ('2026-10-10 13:00:00+00'::timestamptz - captured_at)) < 86400::bigint THEN 300::bigint
	                               WHEN extract(epoch FROM ('2026-10-10 13:00:00+00'::timestamptz - captured_at)) < 604800::bigint THEN 3600::bigint
	                               ELSE 86400::bigint END AS bucket_secs
	                   FROM (
	                     SELECT id, output_id, captured_at,
	                            row_number() OVER (PARTITION BY output_id ORDER BY captured_at DESC, id DESC) AS recency
	                     FROM output_snapshot_history
	                   ) recent
	                   WHERE recency > 101
	                 ) classed
	               ) ranked WHERE rn > 1)"
	PL/pgSQL function pg_temp_3.perf_time(integer,integer) line 7 at EXECUTE
2026-10-10 13:37:47.046 UTC [47] psql STATEMENT:  SELECT pg_temp.perf_time(3, 1)
2026-10-10 13:37:47.133 UTC [47] psql LOG:  temporary file: path "base/pgsql_tmp/pgsql_tmp47.89", size 26187546
2026-10-10 13:37:47.133 UTC [47] psql CONTEXT:  SQL statement "DELETE FROM output_snapshot_history WHERE id IN (
	               SELECT id FROM (
	                 SELECT id, row_number() OVER (
	                   PARTITION BY output_id, age_class, floor(epoch / bucket_secs)
	                   ORDER BY captured_at DESC, id DESC) AS rn
	                 FROM (
	                   SELECT id, output_id, captured_at,
	                          extract(epoch FROM captured_at) AS epoch,
	                          CASE WHEN extract(epoch FROM ('2026-10-10 13:00:00+00'::timestamptz - captured_at)) < 86400::bigint THEN 0
	                               WHEN extract(epoch FROM ('2026-10-10 13:00:00+00'::timestamptz - captured_at)) < 604800::bigint THEN 1
	                               ELSE 2 END AS age_class,
	                          CASE WHEN extract(epoch FROM ('2026-10-10 13:00:00+00'::timestamptz - captured_at)) < 86400::bigint THEN 300::bigint
	                               WHEN extract(epoch FROM ('2026-10-10 13:00:00+00'::timestamptz - captured_at)) < 604800::bigint THEN 3600::bigint
	                               ELSE 86400::bigint END AS bucket_secs
	                   FROM (
	                     SELECT id, output_id, captured_at,
	                            row_number() OVER (PARTITION BY output_id ORDER BY captured_at DESC, id DESC) AS recency
	                     FROM output_snapshot_history
	                   ) recent
	                   WHERE recency > 101
	                 ) classed
	               ) ranked WHERE rn > 1)"
	PL/pgSQL function pg_temp_3.perf_time(integer,integer) line 7 at EXECUTE
2026-10-10 13:37:47.133 UTC [47] psql STATEMENT:  SELECT pg_temp.perf_time(3, 1)
2026-10-10 13:37:47.134 UTC [47] psql LOG:  temporary file: path "base/pgsql_tmp/pgsql_tmp47.78", size 1223262
2026-10-10 13:37:47.134 UTC [47] psql CONTEXT:  SQL statement "DELETE FROM output_snapshot_history WHERE id IN (
	               SELECT id FROM (
	                 SELECT id, row_number() OVER (
	                   PARTITION BY output_id, age_class, floor(epoch / bucket_secs)
	                   ORDER BY captured_at DESC, id DESC) AS rn
	                 FROM (
	                   SELECT id, output_id, captured_at,
	                          extract(epoch FROM captured_at) AS epoch,
	                          CASE WHEN extract(epoch FROM ('2026-10-10 13:00:00+00'::timestamptz - captured_at)) < 86400::bigint THEN 0
	                               WHEN extract(epoch FROM ('2026-10-10 13:00:00+00'::timestamptz - captured_at)) < 604800::bigint THEN 1
	                               ELSE 2 END AS age_class,
	                          CASE WHEN extract(epoch FROM ('2026-10-10 13:00:00+00'::timestamptz - captured_at)) < 86400::bigint THEN 300::bigint
	                               WHEN extract(epoch FROM ('2026-10-10 13:00:00+00'::timestamptz - captured_at)) < 604800::bigint THEN 3600::bigint
	                               ELSE 86400::bigint END AS bucket_secs
	                   FROM (
	                     SELECT id, output_id, captured_at,
	                            row_number() OVER (PARTITION BY output_id ORDER BY captured_at DESC, id DESC) AS recency
	                     FROM output_snapshot_history
	                   ) recent
	                   WHERE recency > 101
	                 ) classed
	               ) ranked WHERE rn > 1)"
	PL/pgSQL function pg_temp_3.perf_time(integer,integer) line 7 at EXECUTE
2026-10-10 13:37:47.134 UTC [47] psql STATEMENT:  SELECT pg_temp.perf_time(3, 1)
2026-10-10 13:37:47.220 UTC [47] psql LOG:  temporary file: path "base/pgsql_tmp/pgsql_tmp47.85", size 26190780
2026-10-10 13:37:47.220 UTC [47] psql CONTEXT:  SQL statement "DELETE FROM output_snapshot_history WHERE id IN (
	               SELECT id FROM (
	                 SELECT id, row_number() OVER (
	                   PARTITION BY output_id, age_class, floor(epoch / bucket_secs)
	                   ORDER BY captured_at DESC, id DESC) AS rn
	                 FROM (
	                   SELECT id, output_id, captured_at,
	                          extract(epoch FROM captured_at) AS epoch,
	                          CASE WHEN extract(epoch FROM ('2026-10-10 13:00:00+00'::timestamptz - captured_at)) < 86400::bigint THEN 0
	                               WHEN extract(epoch FROM ('2026-10-10 13:00:00+00'::timestamptz - captured_at)) < 604800::bigint THEN 1
	                               ELSE 2 END AS age_class,
	                          CASE WHEN extract(epoch FROM ('2026-10-10 13:00:00+00'::timestamptz - captured_at)) < 86400::bigint THEN 300::bigint
	                               WHEN extract(epoch FROM ('2026-10-10 13:00:00+00'::timestamptz - captured_at)) < 604800::bigint THEN 3600::bigint
	                               ELSE 86400::bigint END AS bucket_secs
	                   FROM (
	                     SELECT id, output_id, captured_at,
	                            row_number() OVER (PARTITION BY output_id ORDER BY captured_at DESC, id DESC) AS recency
	                     FROM output_snapshot_history
	                   ) recent
	                   WHERE recency > 101
	                 ) classed
	               ) ranked WHERE rn > 1)"
	PL/pgSQL function pg_temp_3.perf_time(integer,integer) line 7 at EXECUTE
2026-10-10 13:37:47.220 UTC [47] psql STATEMENT:  SELECT pg_temp.perf_time(3, 1)
2026-10-10 13:37:47.221 UTC [47] psql LOG:  temporary file: path "base/pgsql_tmp/pgsql_tmp47.82", size 1223667
2026-10-10 13:37:47.221 UTC [47] psql CONTEXT:  SQL statement "DELETE FROM output_snapshot_history WHERE id IN (
	               SELECT id FROM (
	                 SELECT id, row_number() OVER (
	                   PARTITION BY output_id, age_class, floor(epoch / bucket_secs)
	                   ORDER BY captured_at DESC, id DESC) AS rn
	                 FROM (
	                   SELECT id, output_id, captured_at,
	                          extract(epoch FROM captured_at) AS epoch,
	                          CASE WHEN extract(epoch FROM ('2026-10-10 13:00:00+00'::timestamptz - captured_at)) < 86400::bigint THEN 0
	                               WHEN extract(epoch FROM ('2026-10-10 13:00:00+00'::timestamptz - captured_at)) < 604800::bigint THEN 1
	                               ELSE 2 END AS age_class,
	                          CASE WHEN extract(epoch FROM ('2026-10-10 13:00:00+00'::timestamptz - captured_at)) < 86400::bigint THEN 300::bigint
	                               WHEN extract(epoch FROM ('2026-10-10 13:00:00+00'::timestamptz - captured_at)) < 604800::bigint THEN 3600::bigint
	                               ELSE 86400::bigint END AS bucket_secs
	                   FROM (
	                     SELECT id, output_id, captured_at,
	                            row_number() OVER (PARTITION BY output_id ORDER BY captured_at DESC, id DESC) AS recency
	                     FROM output_snapshot_history
	                   ) recent
	                   WHERE recency > 101
	                 ) classed
	               ) ranked WHERE rn > 1)"
	PL/pgSQL function pg_temp_3.perf_time(integer,integer) line 7 at EXECUTE
2026-10-10 13:37:47.221 UTC [47] psql STATEMENT:  SELECT pg_temp.perf_time(3, 1)
2026-10-10 13:37:47.256 UTC [47] psql LOG:  temporary file: path "base/pgsql_tmp/pgsql_tmp47.88", size 26184438
2026-10-10 13:37:47.256 UTC [47] psql CONTEXT:  SQL statement "DELETE FROM output_snapshot_history WHERE id IN (
	               SELECT id FROM (
	                 SELECT id, row_number() OVER (
	                   PARTITION BY output_id, age_class, floor(epoch / bucket_secs)
	                   ORDER BY captured_at DESC, id DESC) AS rn
	                 FROM (
	                   SELECT id, output_id, captured_at,
	                          extract(epoch FROM captured_at) AS epoch,
	                          CASE WHEN extract(epoch FROM ('2026-10-10 13:00:00+00'::timestamptz - captured_at)) < 86400::bigint THEN 0
	                               WHEN extract(epoch FROM ('2026-10-10 13:00:00+00'::timestamptz - captured_at)) < 604800::bigint THEN 1
	                               ELSE 2 END AS age_class,
	                          CASE WHEN extract(epoch FROM ('2026-10-10 13:00:00+00'::timestamptz - captured_at)) < 86400::bigint THEN 300::bigint
	                               WHEN extract(epoch FROM ('2026-10-10 13:00:00+00'::timestamptz - captured_at)) < 604800::bigint THEN 3600::bigint
	                               ELSE 86400::bigint END AS bucket_secs
	                   FROM (
	                     SELECT id, output_id, captured_at,
	                            row_number() OVER (PARTITION BY output_id ORDER BY captured_at DESC, id DESC) AS recency
	                     FROM output_snapshot_history
	                   ) recent
	                   WHERE recency > 101
	                 ) classed
	               ) ranked WHERE rn > 1)"
	PL/pgSQL function pg_temp_3.perf_time(integer,integer) line 7 at EXECUTE
2026-10-10 13:37:47.256 UTC [47] psql STATEMENT:  SELECT pg_temp.perf_time(3, 1)
2026-10-10 13:37:47.256 UTC [47] psql LOG:  temporary file: path "base/pgsql_tmp/pgsql_tmp47.81", size 1209492
2026-10-10 13:37:47.256 UTC [47] psql CONTEXT:  SQL statement "DELETE FROM output_snapshot_history WHERE id IN (
	               SELECT id FROM (
	                 SELECT id, row_number() OVER (
	                   PARTITION BY output_id, age_class, floor(epoch / bucket_secs)
	                   ORDER BY captured_at DESC, id DESC) AS rn
	                 FROM (
	                   SELECT id, output_id, captured_at,
	                          extract(epoch FROM captured_at) AS epoch,
	                          CASE WHEN extract(epoch FROM ('2026-10-10 13:00:00+00'::timestamptz - captured_at)) < 86400::bigint THEN 0
	                               WHEN extract(epoch FROM ('2026-10-10 13:00:00+00'::timestamptz - captured_at)) < 604800::bigint THEN 1
	                               ELSE 2 END AS age_class,
	                          CASE WHEN extract(epoch FROM ('2026-10-10 13:00:00+00'::timestamptz - captured_at)) < 86400::bigint THEN 300::bigint
	                               WHEN extract(epoch FROM ('2026-10-10 13:00:00+00'::timestamptz - captured_at)) < 604800::bigint THEN 3600::bigint
	                               ELSE 86400::bigint END AS bucket_secs
	                   FROM (
	                     SELECT id, output_id, captured_at,
	                            row_number() OVER (PARTITION BY output_id ORDER BY captured_at DESC, id DESC) AS recency
	                     FROM output_snapshot_history
	                   ) recent
	                   WHERE recency > 101
	                 ) classed
	               ) ranked WHERE rn > 1)"
	PL/pgSQL function pg_temp_3.perf_time(integer,integer) line 7 at EXECUTE
2026-10-10 13:37:47.256 UTC [47] psql STATEMENT:  SELECT pg_temp.perf_time(3, 1)
2026-10-10 13:37:47.345 UTC [47] psql LOG:  temporary file: path "base/pgsql_tmp/pgsql_tmp47.83", size 26159994
2026-10-10 13:37:47.345 UTC [47] psql CONTEXT:  SQL statement "DELETE FROM output_snapshot_history WHERE id IN (
	               SELECT id FROM (
	                 SELECT id, row_number() OVER (
	                   PARTITION BY output_id, age_class, floor(epoch / bucket_secs)
	                   ORDER BY captured_at DESC, id DESC) AS rn
	                 FROM (
	                   SELECT id, output_id, captured_at,
	                          extract(epoch FROM captured_at) AS epoch,
	                          CASE WHEN extract(epoch FROM ('2026-10-10 13:00:00+00'::timestamptz - captured_at)) < 86400::bigint THEN 0
	                               WHEN extract(epoch FROM ('2026-10-10 13:00:00+00'::timestamptz - captured_at)) < 604800::bigint THEN 1
	                               ELSE 2 END AS age_class,
	                          CASE WHEN extract(epoch FROM ('2026-10-10 13:00:00+00'::timestamptz - captured_at)) < 86400::bigint THEN 300::bigint
	                               WHEN extract(epoch FROM ('2026-10-10 13:00:00+00'::timestamptz - captured_at)) < 604800::bigint THEN 3600::bigint
	                               ELSE 86400::bigint END AS bucket_secs
	                   FROM (
	                     SELECT id, output_id, captured_at,
	                            row_number() OVER (PARTITION BY output_id ORDER BY captured_at DESC, id DESC) AS recency
	                     FROM output_snapshot_history
	                   ) recent
	                   WHERE recency > 101
	                 ) classed
	               ) ranked WHERE rn > 1)"
	PL/pgSQL function pg_temp_3.perf_time(integer,integer) line 7 at EXECUTE
2026-10-10 13:37:47.345 UTC [47] psql STATEMENT:  SELECT pg_temp.perf_time(3, 1)
2026-10-10 13:37:47.361 UTC [47] psql LOG:  temporary file: path "base/pgsql_tmp/pgsql_tmp47.75", size 209903616
2026-10-10 13:37:47.361 UTC [47] psql CONTEXT:  SQL statement "DELETE FROM output_snapshot_history WHERE id IN (
	               SELECT id FROM (
	                 SELECT id, row_number() OVER (
	                   PARTITION BY output_id, age_class, floor(epoch / bucket_secs)
	                   ORDER BY captured_at DESC, id DESC) AS rn
	                 FROM (
	                   SELECT id, output_id, captured_at,
	                          extract(epoch FROM captured_at) AS epoch,
	                          CASE WHEN extract(epoch FROM ('2026-10-10 13:00:00+00'::timestamptz - captured_at)) < 86400::bigint THEN 0
	                               WHEN extract(epoch FROM ('2026-10-10 13:00:00+00'::timestamptz - captured_at)) < 604800::bigint THEN 1
	                               ELSE 2 END AS age_class,
	                          CASE WHEN extract(epoch FROM ('2026-10-10 13:00:00+00'::timestamptz - captured_at)) < 86400::bigint THEN 300::bigint
	                               WHEN extract(epoch FROM ('2026-10-10 13:00:00+00'::timestamptz - captured_at)) < 604800::bigint THEN 3600::bigint
	                               ELSE 86400::bigint END AS bucket_secs
	                   FROM (
	                     SELECT id, output_id, captured_at,
	                            row_number() OVER (PARTITION BY output_id ORDER BY captured_at DESC, id DESC) AS recency
	                     FROM output_snapshot_history
	                   ) recent
	                   WHERE recency > 101
	                 ) classed
	               ) ranked WHERE rn > 1)"
	PL/pgSQL function pg_temp_3.perf_time(integer,integer) line 7 at EXECUTE
2026-10-10 13:37:47.361 UTC [47] psql STATEMENT:  SELECT pg_temp.perf_time(3, 1)
2026-10-10 13:38:55.118 UTC [10460] hel1435-S2-prod-noio-sb570-R25000-b0-explain-r1 LOG:  duration: 144.900 ms  plan:
	Query Text: DELETE FROM output_snapshot_history WHERE output_id = ANY($1) AND id IN (
	             SELECT id FROM (
	               SELECT id, age_class, bucket,
	                      row_number() OVER w AS recency,
	                      lag(age_class) OVER w AS prev_class,
	                      lag(bucket) OVER w AS prev_bucket
	               FROM (
	                 SELECT id, output_id, captured_at,
	                        CASE WHEN extract(epoch FROM ($2::timestamptz - captured_at)) < $3 THEN 0
	                             WHEN extract(epoch FROM ($4::timestamptz - captured_at)) < $5 THEN 1
	                             ELSE 2 END AS age_class,
	                        floor(extract(epoch FROM captured_at) /
	                          CASE WHEN extract(epoch FROM ($6::timestamptz - captured_at)) < $7 THEN $8
	                               WHEN extract(epoch FROM ($9::timestamptz - captured_at)) < $10 THEN $11
	                               ELSE $12 END) AS bucket
	                 FROM output_snapshot_history
	                 WHERE output_id = ANY($13)
	               ) classed
	               WINDOW w AS (PARTITION BY output_id ORDER BY captured_at DESC, id DESC)
	             ) ranked
	             WHERE recency > $14 AND prev_class = age_class AND prev_bucket = bucket)
	Query Parameters: $1 = '{o0,o1,o10,o100,o1000,o1001,o1002,o1003,o1004,o1005,o1006,o1007,o1008,o1009,o101,o1010,o1011,o1012,o1013,o1014,o1015,o1016,o1017,o1018,o1019,o102,o1020,o1021,o1022,o1023,o1024,o1025,o1026,o1027,o1028,o1029,o103,o1030,o1031,o1032,o1033,o1034,o1035,o1036,o1037,o1038,o1039,o104,o1040,o1041,o1042,o1043}', $2 = '2026-10-10 06:00:00-07', $3 = '86400', $4 = '2026-10-10 06:00:00-07', $5 = '604800', $6 = '2026-10-10 06:00:00-07', $7 = '86400', $8 = '300', $9 = '2026-10-10 06:00:00-07', $10 = '604800', $11 = '3600', $12 = '86400', $13 = '{o0,o1,o10,o100,o1000,o1001,o1002,o1003,o1004,o1005,o1006,o1007,o1008,o1009,o101,o1010,o1011,o1012,o1013,o1014,o1015,o1016,o1017,o1018,o1019,o102,o1020,o1021,o1022,o1023,o1024,o1025,o1026,o1027,o1028,o1029,o103,o1030,o1031,o1032,o1033,o1034,o1035,o1036,o1037,o1038,o1039,o104,o1040,o1041,o1042,o1043}', $14 = '102'
	Delete on output_snapshot_history  (cost=83405.99..83414.03 rows=0 width=0) (actual time=144.897..144.899 rows=0 loops=1)
	  Buffers: shared hit=2999 read=3445
	  WAL: records=624 bytes=33696
	  ->  Nested Loop  (cost=83405.99..83414.03 rows=1 width=46) (actual time=89.196..144.713 rows=624 loops=1)
	        Buffers: shared hit=2375 read=3445
	        ->  HashAggregate  (cost=83405.43..83405.44 rows=1 width=56) (actual time=89.164..89.219 rows=624 loops=1)
	              Group Key: ranked.id
	              Batches: 1  Memory Usage: 193kB
	              Buffers: shared hit=514 read=2810
	              ->  Subquery Scan on ranked  (cost=80166.68..83405.43 rows=1 width=56) (actual time=65.011..89.061 rows=624 loops=1)
	                    Filter: ((ranked.recency > 102) AND (ranked.prev_class = ranked.age_class) AND (ranked.prev_bucket = ranked.bucket))
	                    Rows Removed by Filter: 23960
	                    Buffers: shared hit=514 read=2810
	                    ->  WindowAgg  (cost=80166.68..82952.00 rows=25910 width=109) (actual time=64.743..87.765 rows=24584 loops=1)
	                          Buffers: shared hit=514 read=2810
	                          ->  Sort  (cost=80166.68..80231.45 rows=25910 width=29) (actual time=64.703..65.353 rows=24584 loops=1)
	                                Sort Key: output_snapshot_history_1.output_id, output_snapshot_history_1.captured_at DESC, output_snapshot_history_1.id DESC
	                                Sort Method: quicksort  Memory: 2113kB
	                                Buffers: shared hit=514 read=2810
	                                ->  Bitmap Heap Scan on output_snapshot_history output_snapshot_history_1  (cost=1055.32..78267.32 rows=25910 width=29) (actual time=1.207..53.160 rows=24584 loops=1)
	                                      Recheck Cond: (output_id = ANY ('{o0,o1,o10,o100,o1000,o1001,o1002,o1003,o1004,o1005,o1006,o1007,o1008,o1009,o101,o1010,o1011,o1012,o1013,o1014,o1015,o1016,o1017,o1018,o1019,o102,o1020,o1021,o1022,o1023,o1024,o1025,o1026,o1027,o1028,o1029,o103,o1030,o1031,o1032,o1033,o1034,o1035,o1036,o1037,o1038,o1039,o104,o1040,o1041,o1042,o1043}'::text[]))
	                                      Heap Blocks: exact=3033
	                                      Buffers: shared hit=505 read=2810
	                                      ->  Bitmap Index Scan on idx_output_snapshot_history_output_captured  (cost=0.00..1048.71 rows=25910 width=0) (actual time=1.034..1.034 rows=24585 loops=1)
	                                            Index Cond: (output_id = ANY ('{o0,o1,o10,o100,o1000,o1001,o1002,o1003,o1004,o1005,o1006,o1007,o1008,o1009,o101,o1010,o1011,o1012,o1013,o1014,o1015,o1016,o1017,o1018,o1019,o102,o1020,o1021,o1022,o1023,o1024,o1025,o1026,o1027,o1028,o1029,o103,o1030,o1031,o1032,o1033,o1034,o1035,o1036,o1037,o1038,o1039,o104,o1040,o1041,o1042,o1043}'::text[]))
	                                            Buffers: shared hit=282
	        ->  Index Scan using output_snapshot_history_pkey on output_snapshot_history  (cost=0.56..8.59 rows=1 width=22) (actual time=0.089..0.089 rows=1 loops=624)
	              Index Cond: (id = ranked.id)
	              Filter: (output_id = ANY ('{o0,o1,o10,o100,o1000,o1001,o1002,o1003,o1004,o1005,o1006,o1007,o1008,o1009,o101,o1010,o1011,o1012,o1013,o1014,o1015,o1016,o1017,o1018,o1019,o102,o1020,o1021,o1022,o1023,o1024,o1025,o1026,o1027,o1028,o1029,o103,o1030,o1031,o1032,o1033,o1034,o1035,o1036,o1037,o1038,o1039,o104,o1040,o1041,o1042,o1043}'::text[]))
	              Buffers: shared hit=1861 read=635
2026-10-10 13:38:55.230 UTC [10462] hel1435-S2-prod-noio-sb570-R25000-b0-explain-r2 LOG:  duration: 89.240 ms  plan:
	Query Text: DELETE FROM output_snapshot_history WHERE output_id = ANY($1) AND id IN (
	             SELECT id FROM (
	               SELECT id, age_class, bucket,
	                      row_number() OVER w AS recency,
	                      lag(age_class) OVER w AS prev_class,
	                      lag(bucket) OVER w AS prev_bucket
	               FROM (
	                 SELECT id, output_id, captured_at,
	                        CASE WHEN extract(epoch FROM ($2::timestamptz - captured_at)) < $3 THEN 0
	                             WHEN extract(epoch FROM ($4::timestamptz - captured_at)) < $5 THEN 1
	                             ELSE 2 END AS age_class,
	                        floor(extract(epoch FROM captured_at) /
	                          CASE WHEN extract(epoch FROM ($6::timestamptz - captured_at)) < $7 THEN $8
	                               WHEN extract(epoch FROM ($9::timestamptz - captured_at)) < $10 THEN $11
	                               ELSE $12 END) AS bucket
	                 FROM output_snapshot_history
	                 WHERE output_id = ANY($13)
	               ) classed
	               WINDOW w AS (PARTITION BY output_id ORDER BY captured_at DESC, id DESC)
	             ) ranked
	             WHERE recency > $14 AND prev_class = age_class AND prev_bucket = bucket)
	Query Parameters: $1 = '{o0,o1,o10,o100,o1000,o1001,o1002,o1003,o1004,o1005,o1006,o1007,o1008,o1009,o101,o1010,o1011,o1012,o1013,o1014,o1015,o1016,o1017,o1018,o1019,o102,o1020,o1021,o1022,o1023,o1024,o1025,o1026,o1027,o1028,o1029,o103,o1030,o1031,o1032,o1033,o1034,o1035,o1036,o1037,o1038,o1039,o104,o1040,o1041,o1042,o1043}', $2 = '2026-10-10 06:00:00-07', $3 = '86400', $4 = '2026-10-10 06:00:00-07', $5 = '604800', $6 = '2026-10-10 06:00:00-07', $7 = '86400', $8 = '300', $9 = '2026-10-10 06:00:00-07', $10 = '604800', $11 = '3600', $12 = '86400', $13 = '{o0,o1,o10,o100,o1000,o1001,o1002,o1003,o1004,o1005,o1006,o1007,o1008,o1009,o101,o1010,o1011,o1012,o1013,o1014,o1015,o1016,o1017,o1018,o1019,o102,o1020,o1021,o1022,o1023,o1024,o1025,o1026,o1027,o1028,o1029,o103,o1030,o1031,o1032,o1033,o1034,o1035,o1036,o1037,o1038,o1039,o104,o1040,o1041,o1042,o1043}', $14 = '102'
	Delete on output_snapshot_history  (cost=83405.99..83414.03 rows=0 width=0) (actual time=89.237..89.239 rows=0 loops=1)
	  Buffers: shared hit=6444
	  WAL: records=624 bytes=33696
	  ->  Nested Loop  (cost=83405.99..83414.03 rows=1 width=46) (actual time=87.342..89.088 rows=624 loops=1)
	        Buffers: shared hit=5820
	        ->  HashAggregate  (cost=83405.43..83405.44 rows=1 width=56) (actual time=87.310..87.383 rows=624 loops=1)
	              Group Key: ranked.id
	              Batches: 1  Memory Usage: 193kB
	              Buffers: shared hit=3324
	              ->  Subquery Scan on ranked  (cost=80166.68..83405.43 rows=1 width=56) (actual time=18.965..87.194 rows=624 loops=1)
	                    Filter: ((ranked.recency > 102) AND (ranked.prev_class = ranked.age_class) AND (ranked.prev_bucket = ranked.bucket))
	                    Rows Removed by Filter: 23960
	                    Buffers: shared hit=3324
	                    ->  WindowAgg  (cost=80166.68..82952.00 rows=25910 width=109) (actual time=18.698..85.923 rows=24584 loops=1)
	                          Buffers: shared hit=3324
	                          ->  Sort  (cost=80166.68..80231.45 rows=25910 width=29) (actual time=18.661..19.565 rows=24584 loops=1)
	                                Sort Key: output_snapshot_history_1.output_id, output_snapshot_history_1.captured_at DESC, output_snapshot_history_1.id DESC
	                                Sort Method: quicksort  Memory: 2113kB
	                                Buffers: shared hit=3324
	                                ->  Bitmap Heap Scan on output_snapshot_history output_snapshot_history_1  (cost=1055.32..78267.32 rows=25910 width=29) (actual time=1.552..7.248 rows=24584 loops=1)
	                                      Recheck Cond: (output_id = ANY ('{o0,o1,o10,o100,o1000,o1001,o1002,o1003,o1004,o1005,o1006,o1007,o1008,o1009,o101,o1010,o1011,o1012,o1013,o1014,o1015,o1016,o1017,o1018,o1019,o102,o1020,o1021,o1022,o1023,o1024,o1025,o1026,o1027,o1028,o1029,o103,o1030,o1031,o1032,o1033,o1034,o1035,o1036,o1037,o1038,o1039,o104,o1040,o1041,o1042,o1043}'::text[]))
	                                      Heap Blocks: exact=3033
	                                      Buffers: shared hit=3315
	                                      ->  Bitmap Index Scan on idx_output_snapshot_history_output_captured  (cost=0.00..1048.71 rows=25910 width=0) (actual time=1.376..1.376 rows=24585 loops=1)
	                                            Index Cond: (output_id = ANY ('{o0,o1,o10,o100,o1000,o1001,o1002,o1003,o1004,o1005,o1006,o1007,o1008,o1009,o101,o1010,o1011,o1012,o1013,o1014,o1015,o1016,o1017,o1018,o1019,o102,o1020,o1021,o1022,o1023,o1024,o1025,o1026,o1027,o1028,o1029,o103,o1030,o1031,o1032,o1033,o1034,o1035,o1036,o1037,o1038,o1039,o104,o1040,o1041,o1042,o1043}'::text[]))
	                                            Buffers: shared hit=282
	        ->  Index Scan using output_snapshot_history_pkey on output_snapshot_history  (cost=0.56..8.59 rows=1 width=22) (actual time=0.003..0.003 rows=1 loops=624)
	              Index Cond: (id = ranked.id)
	              Filter: (output_id = ANY ('{o0,o1,o10,o100,o1000,o1001,o1002,o1003,o1004,o1005,o1006,o1007,o1008,o1009,o101,o1010,o1011,o1012,o1013,o1014,o1015,o1016,o1017,o1018,o1019,o102,o1020,o1021,o1022,o1023,o1024,o1025,o1026,o1027,o1028,o1029,o103,o1030,o1031,o1032,o1033,o1034,o1035,o1036,o1037,o1038,o1039,o104,o1040,o1041,o1042,o1043}'::text[]))
	              Buffers: shared hit=2496
2026-10-10 13:38:55.342 UTC [10464] hel1435-S2-prod-noio-sb570-R25000-b0-explain-r3 LOG:  duration: 91.319 ms  plan:
	Query Text: DELETE FROM output_snapshot_history WHERE output_id = ANY($1) AND id IN (
	             SELECT id FROM (
	               SELECT id, age_class, bucket,
	                      row_number() OVER w AS recency,
	                      lag(age_class) OVER w AS prev_class,
	                      lag(bucket) OVER w AS prev_bucket
	               FROM (
	                 SELECT id, output_id, captured_at,
	                        CASE WHEN extract(epoch FROM ($2::timestamptz - captured_at)) < $3 THEN 0
	                             WHEN extract(epoch FROM ($4::timestamptz - captured_at)) < $5 THEN 1
	                             ELSE 2 END AS age_class,
	                        floor(extract(epoch FROM captured_at) /
	                          CASE WHEN extract(epoch FROM ($6::timestamptz - captured_at)) < $7 THEN $8
	                               WHEN extract(epoch FROM ($9::timestamptz - captured_at)) < $10 THEN $11
	                               ELSE $12 END) AS bucket
	                 FROM output_snapshot_history
	                 WHERE output_id = ANY($13)
	               ) classed
	               WINDOW w AS (PARTITION BY output_id ORDER BY captured_at DESC, id DESC)
	             ) ranked
	             WHERE recency > $14 AND prev_class = age_class AND prev_bucket = bucket)
	Query Parameters: $1 = '{o0,o1,o10,o100,o1000,o1001,o1002,o1003,o1004,o1005,o1006,o1007,o1008,o1009,o101,o1010,o1011,o1012,o1013,o1014,o1015,o1016,o1017,o1018,o1019,o102,o1020,o1021,o1022,o1023,o1024,o1025,o1026,o1027,o1028,o1029,o103,o1030,o1031,o1032,o1033,o1034,o1035,o1036,o1037,o1038,o1039,o104,o1040,o1041,o1042,o1043}', $2 = '2026-10-10 06:00:00-07', $3 = '86400', $4 = '2026-10-10 06:00:00-07', $5 = '604800', $6 = '2026-10-10 06:00:00-07', $7 = '86400', $8 = '300', $9 = '2026-10-10 06:00:00-07', $10 = '604800', $11 = '3600', $12 = '86400', $13 = '{o0,o1,o10,o100,o1000,o1001,o1002,o1003,o1004,o1005,o1006,o1007,o1008,o1009,o101,o1010,o1011,o1012,o1013,o1014,o1015,o1016,o1017,o1018,o1019,o102,o1020,o1021,o1022,o1023,o1024,o1025,o1026,o1027,o1028,o1029,o103,o1030,o1031,o1032,o1033,o1034,o1035,o1036,o1037,o1038,o1039,o104,o1040,o1041,o1042,o1043}', $14 = '102'
	Delete on output_snapshot_history  (cost=83405.99..83414.03 rows=0 width=0) (actual time=91.318..91.319 rows=0 loops=1)
	  Buffers: shared hit=6444
	  WAL: records=624 bytes=33696
	  ->  Nested Loop  (cost=83405.99..83414.03 rows=1 width=46) (actual time=89.562..91.170 rows=624 loops=1)
	        Buffers: shared hit=5820
	        ->  HashAggregate  (cost=83405.43..83405.44 rows=1 width=56) (actual time=89.540..89.583 rows=624 loops=1)
	              Group Key: ranked.id
	              Batches: 1  Memory Usage: 193kB
	              Buffers: shared hit=3324
	              ->  Subquery Scan on ranked  (cost=80166.68..83405.43 rows=1 width=56) (actual time=65.958..89.447 rows=624 loops=1)
	                    Filter: ((ranked.recency > 102) AND (ranked.prev_class = ranked.age_class) AND (ranked.prev_bucket = ranked.bucket))
	                    Rows Removed by Filter: 23960
	                    Buffers: shared hit=3324
	                    ->  WindowAgg  (cost=80166.68..82952.00 rows=25910 width=109) (actual time=65.688..88.216 rows=24584 loops=1)
	                          Buffers: shared hit=3324
	                          ->  Sort  (cost=80166.68..80231.45 rows=25910 width=29) (actual time=65.654..66.287 rows=24584 loops=1)
	                                Sort Key: output_snapshot_history_1.output_id, output_snapshot_history_1.captured_at DESC, output_snapshot_history_1.id DESC
	                                Sort Method: quicksort  Memory: 2113kB
	                                Buffers: shared hit=3324
	                                ->  Bitmap Heap Scan on output_snapshot_history output_snapshot_history_1  (cost=1055.32..78267.32 rows=25910 width=29) (actual time=1.113..6.894 rows=24584 loops=1)
	                                      Recheck Cond: (output_id = ANY ('{o0,o1,o10,o100,o1000,o1001,o1002,o1003,o1004,o1005,o1006,o1007,o1008,o1009,o101,o1010,o1011,o1012,o1013,o1014,o1015,o1016,o1017,o1018,o1019,o102,o1020,o1021,o1022,o1023,o1024,o1025,o1026,o1027,o1028,o1029,o103,o1030,o1031,o1032,o1033,o1034,o1035,o1036,o1037,o1038,o1039,o104,o1040,o1041,o1042,o1043}'::text[]))
	                                      Heap Blocks: exact=3033
	                                      Buffers: shared hit=3315
	                                      ->  Bitmap Index Scan on idx_output_snapshot_history_output_captured  (cost=0.00..1048.71 rows=25910 width=0) (actual time=0.940..0.940 rows=24585 loops=1)
	                                            Index Cond: (output_id = ANY ('{o0,o1,o10,o100,o1000,o1001,o1002,o1003,o1004,o1005,o1006,o1007,o1008,o1009,o101,o1010,o1011,o1012,o1013,o1014,o1015,o1016,o1017,o1018,o1019,o102,o1020,o1021,o1022,o1023,o1024,o1025,o1026,o1027,o1028,o1029,o103,o1030,o1031,o1032,o1033,o1034,o1035,o1036,o1037,o1038,o1039,o104,o1040,o1041,o1042,o1043}'::text[]))
	                                            Buffers: shared hit=282
	        ->  Index Scan using output_snapshot_history_pkey on output_snapshot_history  (cost=0.56..8.59 rows=1 width=22) (actual time=0.002..0.002 rows=1 loops=624)
	              Index Cond: (id = ranked.id)
	              Filter: (output_id = ANY ('{o0,o1,o10,o100,o1000,o1001,o1002,o1003,o1004,o1005,o1006,o1007,o1008,o1009,o101,o1010,o1011,o1012,o1013,o1014,o1015,o1016,o1017,o1018,o1019,o102,o1020,o1021,o1022,o1023,o1024,o1025,o1026,o1027,o1028,o1029,o103,o1030,o1031,o1032,o1033,o1034,o1035,o1036,o1037,o1038,o1039,o104,o1040,o1041,o1042,o1043}'::text[]))
	              Buffers: shared hit=2496
2026-10-10 13:38:55.850 UTC [10472] hel1435-S2-prod-noio-sb570-R25000-b100-explain-r1 LOG:  duration: 107.157 ms  plan:
	Query Text: DELETE FROM output_snapshot_history WHERE output_id = ANY($1) AND id IN (
	             SELECT id FROM (
	               SELECT id, age_class, bucket,
	                      row_number() OVER w AS recency,
	                      lag(age_class) OVER w AS prev_class,
	                      lag(bucket) OVER w AS prev_bucket
	               FROM (
	                 SELECT id, output_id, captured_at,
	                        CASE WHEN extract(epoch FROM ($2::timestamptz - captured_at)) < $3 THEN 0
	                             WHEN extract(epoch FROM ($4::timestamptz - captured_at)) < $5 THEN 1
	                             ELSE 2 END AS age_class,
	                        floor(extract(epoch FROM captured_at) /
	                          CASE WHEN extract(epoch FROM ($6::timestamptz - captured_at)) < $7 THEN $8
	                               WHEN extract(epoch FROM ($9::timestamptz - captured_at)) < $10 THEN $11
	                               ELSE $12 END) AS bucket
	                 FROM output_snapshot_history
	                 WHERE output_id = ANY($13)
	               ) classed
	               WINDOW w AS (PARTITION BY output_id ORDER BY captured_at DESC, id DESC)
	             ) ranked
	             WHERE recency > $14 AND prev_class = age_class AND prev_bucket = bucket)
	Query Parameters: $1 = '{o547,o5470,o5471,o5472,o5473,o5474,o5475,o5476,o5477,o5478,o5479,o548,o5480,o5481,o5482,o5483,o5484,o5485,o5486,o5487,o5488,o5489,o549,o5490,o5491,o5492,o5493,o5494,o5495,o5496,o5497,o5498,o5499,o55,o550,o5500,o5501,o5502,o5503,o5504,o5505,o5506,o5507,o5508,o5509,o551,o5510,o5511,o5512}', $2 = '2026-10-10 06:00:00-07', $3 = '86400', $4 = '2026-10-10 06:00:00-07', $5 = '604800', $6 = '2026-10-10 06:00:00-07', $7 = '86400', $8 = '300', $9 = '2026-10-10 06:00:00-07', $10 = '604800', $11 = '3600', $12 = '86400', $13 = '{o547,o5470,o5471,o5472,o5473,o5474,o5475,o5476,o5477,o5478,o5479,o548,o5480,o5481,o5482,o5483,o5484,o5485,o5486,o5487,o5488,o5489,o549,o5490,o5491,o5492,o5493,o5494,o5495,o5496,o5497,o5498,o5499,o55,o550,o5500,o5501,o5502,o5503,o5504,o5505,o5506,o5507,o5508,o5509,o551,o5510,o5511,o5512}', $14 = '102'
	Delete on output_snapshot_history  (cost=79357.76..79365.79 rows=0 width=0) (actual time=107.154..107.156 rows=0 loops=1)
	  Buffers: shared hit=2854 read=3125
	  WAL: records=588 bytes=31752
	  ->  Nested Loop  (cost=79357.76..79365.79 rows=1 width=46) (actual time=103.103..106.995 rows=588 loops=1)
	        Buffers: shared hit=2266 read=3125
	        ->  HashAggregate  (cost=79357.21..79357.22 rows=1 width=56) (actual time=103.067..103.119 rows=588 loops=1)
	              Group Key: ranked.id
	              Batches: 1  Memory Usage: 193kB
	              Buffers: shared hit=481 read=2558
	              ->  Subquery Scan on ranked  (cost=76305.33..79357.20 rows=1 width=56) (actual time=78.346..102.971 rows=588 loops=1)
	                    Filter: ((ranked.recency > 102) AND (ranked.prev_class = ranked.age_class) AND (ranked.prev_bucket = ranked.bucket))
	                    Rows Removed by Filter: 24035
	                    Buffers: shared hit=481 read=2558
	                    ->  WindowAgg  (cost=76305.33..78929.94 rows=24415 width=109) (actual time=78.067..101.670 rows=24623 loops=1)
	                          Buffers: shared hit=481 read=2558
	                          ->  Sort  (cost=76305.33..76366.37 rows=24415 width=29) (actual time=78.030..78.660 rows=24623 loops=1)
	                                Sort Key: output_snapshot_history_1.output_id, output_snapshot_history_1.captured_at DESC, output_snapshot_history_1.id DESC
	                                Sort Method: quicksort  Memory: 2115kB
	                                Buffers: shared hit=481 read=2558
	                                ->  Bitmap Heap Scan on output_snapshot_history output_snapshot_history_1  (cost=994.43..74526.03 rows=24415 width=29) (actual time=1.292..16.894 rows=24623 loops=1)
	                                      Recheck Cond: (output_id = ANY ('{o547,o5470,o5471,o5472,o5473,o5474,o5475,o5476,o5477,o5478,o5479,o548,o5480,o5481,o5482,o5483,o5484,o5485,o5486,o5487,o5488,o5489,o549,o5490,o5491,o5492,o5493,o5494,o5495,o5496,o5497,o5498,o5499,o55,o550,o5500,o5501,o5502,o5503,o5504,o5505,o5506,o5507,o5508,o5509,o551,o5510,o5511,o5512}'::text[]))
	                                      Heap Blocks: exact=2759
	                                      Buffers: shared hit=472 read=2558
	                                      ->  Bitmap Index Scan on idx_output_snapshot_history_output_captured  (cost=0.00..988.21 rows=24415 width=0) (actual time=1.122..1.122 rows=24628 loops=1)
	                                            Index Cond: (output_id = ANY ('{o547,o5470,o5471,o5472,o5473,o5474,o5475,o5476,o5477,o5478,o5479,o548,o5480,o5481,o5482,o5483,o5484,o5485,o5486,o5487,o5488,o5489,o549,o5490,o5491,o5492,o5493,o5494,o5495,o5496,o5497,o5498,o5499,o55,o550,o5500,o5501,o5502,o5503,o5504,o5505,o5506,o5507,o5508,o5509,o551,o5510,o5511,o5512}'::text[]))
	                                            Buffers: shared hit=271
	        ->  Index Scan using output_snapshot_history_pkey on output_snapshot_history  (cost=0.55..8.58 rows=1 width=22) (actual time=0.006..0.006 rows=1 loops=588)
	              Index Cond: (id = ranked.id)
	              Filter: (output_id = ANY ('{o547,o5470,o5471,o5472,o5473,o5474,o5475,o5476,o5477,o5478,o5479,o548,o5480,o5481,o5482,o5483,o5484,o5485,o5486,o5487,o5488,o5489,o549,o5490,o5491,o5492,o5493,o5494,o5495,o5496,o5497,o5498,o5499,o55,o550,o5500,o5501,o5502,o5503,o5504,o5505,o5506,o5507,o5508,o5509,o551,o5510,o5511,o5512}'::text[]))
	              Buffers: shared hit=1785 read=567
2026-10-10 13:38:55.967 UTC [10474] hel1435-S2-prod-noio-sb570-R25000-b100-explain-r2 LOG:  duration: 44.941 ms  plan:
	Query Text: DELETE FROM output_snapshot_history WHERE output_id = ANY($1) AND id IN (
	             SELECT id FROM (
	               SELECT id, age_class, bucket,
	                      row_number() OVER w AS recency,
	                      lag(age_class) OVER w AS prev_class,
	                      lag(bucket) OVER w AS prev_bucket
	               FROM (
	                 SELECT id, output_id, captured_at,
	                        CASE WHEN extract(epoch FROM ($2::timestamptz - captured_at)) < $3 THEN 0
	                             WHEN extract(epoch FROM ($4::timestamptz - captured_at)) < $5 THEN 1
	                             ELSE 2 END AS age_class,
	                        floor(extract(epoch FROM captured_at) /
	                          CASE WHEN extract(epoch FROM ($6::timestamptz - captured_at)) < $7 THEN $8
	                               WHEN extract(epoch FROM ($9::timestamptz - captured_at)) < $10 THEN $11
	                               ELSE $12 END) AS bucket
	                 FROM output_snapshot_history
	                 WHERE output_id = ANY($13)
	               ) classed
	               WINDOW w AS (PARTITION BY output_id ORDER BY captured_at DESC, id DESC)
	             ) ranked
	             WHERE recency > $14 AND prev_class = age_class AND prev_bucket = bucket)
	Query Parameters: $1 = '{o547,o5470,o5471,o5472,o5473,o5474,o5475,o5476,o5477,o5478,o5479,o548,o5480,o5481,o5482,o5483,o5484,o5485,o5486,o5487,o5488,o5489,o549,o5490,o5491,o5492,o5493,o5494,o5495,o5496,o5497,o5498,o5499,o55,o550,o5500,o5501,o5502,o5503,o5504,o5505,o5506,o5507,o5508,o5509,o551,o5510,o5511,o5512}', $2 = '2026-10-10 06:00:00-07', $3 = '86400', $4 = '2026-10-10 06:00:00-07', $5 = '604800', $6 = '2026-10-10 06:00:00-07', $7 = '86400', $8 = '300', $9 = '2026-10-10 06:00:00-07', $10 = '604800', $11 = '3600', $12 = '86400', $13 = '{o547,o5470,o5471,o5472,o5473,o5474,o5475,o5476,o5477,o5478,o5479,o548,o5480,o5481,o5482,o5483,o5484,o5485,o5486,o5487,o5488,o5489,o549,o5490,o5491,o5492,o5493,o5494,o5495,o5496,o5497,o5498,o5499,o55,o550,o5500,o5501,o5502,o5503,o5504,o5505,o5506,o5507,o5508,o5509,o551,o5510,o5511,o5512}', $14 = '102'
	Delete on output_snapshot_history  (cost=79357.76..79365.79 rows=0 width=0) (actual time=44.938..44.940 rows=0 loops=1)
	  Buffers: shared hit=5979
	  WAL: records=588 bytes=31752
	  ->  Nested Loop  (cost=79357.76..79365.79 rows=1 width=46) (actual time=43.141..44.799 rows=588 loops=1)
	        Buffers: shared hit=5391
	        ->  HashAggregate  (cost=79357.21..79357.22 rows=1 width=56) (actual time=43.115..43.163 rows=588 loops=1)
	              Group Key: ranked.id
	              Batches: 1  Memory Usage: 193kB
	              Buffers: shared hit=3039
	              ->  Subquery Scan on ranked  (cost=76305.33..79357.20 rows=1 width=56) (actual time=17.268..43.012 rows=588 loops=1)
	                    Filter: ((ranked.recency > 102) AND (ranked.prev_class = ranked.age_class) AND (ranked.prev_bucket = ranked.bucket))
	                    Rows Removed by Filter: 24035
	                    Buffers: shared hit=3039
	                    ->  WindowAgg  (cost=76305.33..78929.94 rows=24415 width=109) (actual time=16.996..41.684 rows=24623 loops=1)
	                          Buffers: shared hit=3039
	                          ->  Sort  (cost=76305.33..76366.37 rows=24415 width=29) (actual time=16.962..17.669 rows=24623 loops=1)
	                                Sort Key: output_snapshot_history_1.output_id, output_snapshot_history_1.captured_at DESC, output_snapshot_history_1.id DESC
	                                Sort Method: quicksort  Memory: 2115kB
	                                Buffers: shared hit=3039
	                                ->  Bitmap Heap Scan on output_snapshot_history output_snapshot_history_1  (cost=994.43..74526.03 rows=24415 width=29) (actual time=1.109..6.226 rows=24623 loops=1)
	                                      Recheck Cond: (output_id = ANY ('{o547,o5470,o5471,o5472,o5473,o5474,o5475,o5476,o5477,o5478,o5479,o548,o5480,o5481,o5482,o5483,o5484,o5485,o5486,o5487,o5488,o5489,o549,o5490,o5491,o5492,o5493,o5494,o5495,o5496,o5497,o5498,o5499,o55,o550,o5500,o5501,o5502,o5503,o5504,o5505,o5506,o5507,o5508,o5509,o551,o5510,o5511,o5512}'::text[]))
	                                      Heap Blocks: exact=2759
	                                      Buffers: shared hit=3030
	                                      ->  Bitmap Index Scan on idx_output_snapshot_history_output_captured  (cost=0.00..988.21 rows=24415 width=0) (actual time=0.942..0.942 rows=24628 loops=1)
	                                            Index Cond: (output_id = ANY ('{o547,o5470,o5471,o5472,o5473,o5474,o5475,o5476,o5477,o5478,o5479,o548,o5480,o5481,o5482,o5483,o5484,o5485,o5486,o5487,o5488,o5489,o549,o5490,o5491,o5492,o5493,o5494,o5495,o5496,o5497,o5498,o5499,o55,o550,o5500,o5501,o5502,o5503,o5504,o5505,o5506,o5507,o5508,o5509,o551,o5510,o5511,o5512}'::text[]))
	                                            Buffers: shared hit=271
	        ->  Index Scan using output_snapshot_history_pkey on output_snapshot_history  (cost=0.55..8.58 rows=1 width=22) (actual time=0.003..0.003 rows=1 loops=588)
	              Index Cond: (id = ranked.id)
	              Filter: (output_id = ANY ('{o547,o5470,o5471,o5472,o5473,o5474,o5475,o5476,o5477,o5478,o5479,o548,o5480,o5481,o5482,o5483,o5484,o5485,o5486,o5487,o5488,o5489,o549,o5490,o5491,o5492,o5493,o5494,o5495,o5496,o5497,o5498,o5499,o55,o550,o5500,o5501,o5502,o5503,o5504,o5505,o5506,o5507,o5508,o5509,o551,o5510,o5511,o5512}'::text[]))
	              Buffers: shared hit=2352
2026-10-10 13:38:56.127 UTC [10476] hel1435-S2-prod-noio-sb570-R25000-b100-explain-r3 LOG:  duration: 92.281 ms  plan:
	Query Text: DELETE FROM output_snapshot_history WHERE output_id = ANY($1) AND id IN (
	             SELECT id FROM (
	               SELECT id, age_class, bucket,
	                      row_number() OVER w AS recency,
	                      lag(age_class) OVER w AS prev_class,
	                      lag(bucket) OVER w AS prev_bucket
	               FROM (
	                 SELECT id, output_id, captured_at,
	                        CASE WHEN extract(epoch FROM ($2::timestamptz - captured_at)) < $3 THEN 0
	                             WHEN extract(epoch FROM ($4::timestamptz - captured_at)) < $5 THEN 1
	                             ELSE 2 END AS age_class,
	                        floor(extract(epoch FROM captured_at) /
	                          CASE WHEN extract(epoch FROM ($6::timestamptz - captured_at)) < $7 THEN $8
	                               WHEN extract(epoch FROM ($9::timestamptz - captured_at)) < $10 THEN $11
	                               ELSE $12 END) AS bucket
	                 FROM output_snapshot_history
	                 WHERE output_id = ANY($13)
	               ) classed
	               WINDOW w AS (PARTITION BY output_id ORDER BY captured_at DESC, id DESC)
	             ) ranked
	             WHERE recency > $14 AND prev_class = age_class AND prev_bucket = bucket)
	Query Parameters: $1 = '{o547,o5470,o5471,o5472,o5473,o5474,o5475,o5476,o5477,o5478,o5479,o548,o5480,o5481,o5482,o5483,o5484,o5485,o5486,o5487,o5488,o5489,o549,o5490,o5491,o5492,o5493,o5494,o5495,o5496,o5497,o5498,o5499,o55,o550,o5500,o5501,o5502,o5503,o5504,o5505,o5506,o5507,o5508,o5509,o551,o5510,o5511,o5512}', $2 = '2026-10-10 06:00:00-07', $3 = '86400', $4 = '2026-10-10 06:00:00-07', $5 = '604800', $6 = '2026-10-10 06:00:00-07', $7 = '86400', $8 = '300', $9 = '2026-10-10 06:00:00-07', $10 = '604800', $11 = '3600', $12 = '86400', $13 = '{o547,o5470,o5471,o5472,o5473,o5474,o5475,o5476,o5477,o5478,o5479,o548,o5480,o5481,o5482,o5483,o5484,o5485,o5486,o5487,o5488,o5489,o549,o5490,o5491,o5492,o5493,o5494,o5495,o5496,o5497,o5498,o5499,o55,o550,o5500,o5501,o5502,o5503,o5504,o5505,o5506,o5507,o5508,o5509,o551,o5510,o5511,o5512}', $14 = '102'
	Delete on output_snapshot_history  (cost=79357.76..79365.79 rows=0 width=0) (actual time=92.277..92.280 rows=0 loops=1)
	  Buffers: shared hit=5979
	  WAL: records=588 bytes=31752
	  ->  Nested Loop  (cost=79357.76..79365.79 rows=1 width=46) (actual time=90.421..92.135 rows=588 loops=1)
	        Buffers: shared hit=5391
	        ->  HashAggregate  (cost=79357.21..79357.22 rows=1 width=56) (actual time=90.387..90.457 rows=588 loops=1)
	              Group Key: ranked.id
	              Batches: 1  Memory Usage: 193kB
	              Buffers: shared hit=3039
	              ->  Subquery Scan on ranked  (cost=76305.33..79357.20 rows=1 width=56) (actual time=17.868..90.277 rows=588 loops=1)
	                    Filter: ((ranked.recency > 102) AND (ranked.prev_class = ranked.age_class) AND (ranked.prev_bucket = ranked.bucket))
	                    Rows Removed by Filter: 24035
	                    Buffers: shared hit=3039
	                    ->  WindowAgg  (cost=76305.33..78929.94 rows=24415 width=109) (actual time=17.602..89.031 rows=24623 loops=1)
	                          Buffers: shared hit=3039
	                          ->  Sort  (cost=76305.33..76366.37 rows=24415 width=29) (actual time=17.575..18.418 rows=24623 loops=1)
	                                Sort Key: output_snapshot_history_1.output_id, output_snapshot_history_1.captured_at DESC, output_snapshot_history_1.id DESC
	                                Sort Method: quicksort  Memory: 2115kB
	                                Buffers: shared hit=3039
	                                ->  Bitmap Heap Scan on output_snapshot_history output_snapshot_history_1  (cost=994.43..74526.03 rows=24415 width=29) (actual time=1.306..6.435 rows=24623 loops=1)
	                                      Recheck Cond: (output_id = ANY ('{o547,o5470,o5471,o5472,o5473,o5474,o5475,o5476,o5477,o5478,o5479,o548,o5480,o5481,o5482,o5483,o5484,o5485,o5486,o5487,o5488,o5489,o549,o5490,o5491,o5492,o5493,o5494,o5495,o5496,o5497,o5498,o5499,o55,o550,o5500,o5501,o5502,o5503,o5504,o5505,o5506,o5507,o5508,o5509,o551,o5510,o5511,o5512}'::text[]))
	                                      Heap Blocks: exact=2759
	                                      Buffers: shared hit=3030
	                                      ->  Bitmap Index Scan on idx_output_snapshot_history_output_captured  (cost=0.00..988.21 rows=24415 width=0) (actual time=1.095..1.096 rows=24628 loops=1)
	                                            Index Cond: (output_id = ANY ('{o547,o5470,o5471,o5472,o5473,o5474,o5475,o5476,o5477,o5478,o5479,o548,o5480,o5481,o5482,o5483,o5484,o5485,o5486,o5487,o5488,o5489,o549,o5490,o5491,o5492,o5493,o5494,o5495,o5496,o5497,o5498,o5499,o55,o550,o5500,o5501,o5502,o5503,o5504,o5505,o5506,o5507,o5508,o5509,o551,o5510,o5511,o5512}'::text[]))
	                                            Buffers: shared hit=271
	        ->  Index Scan using output_snapshot_history_pkey on output_snapshot_history  (cost=0.55..8.58 rows=1 width=22) (actual time=0.003..0.003 rows=1 loops=588)
	              Index Cond: (id = ranked.id)
	              Filter: (output_id = ANY ('{o547,o5470,o5471,o5472,o5473,o5474,o5475,o5476,o5477,o5478,o5479,o548,o5480,o5481,o5482,o5483,o5484,o5485,o5486,o5487,o5488,o5489,o549,o5490,o5491,o5492,o5493,o5494,o5495,o5496,o5497,o5498,o5499,o55,o550,o5500,o5501,o5502,o5503,o5504,o5505,o5506,o5507,o5508,o5509,o551,o5510,o5511,o5512}'::text[]))
	              Buffers: shared hit=2352
2026-10-10 13:38:56.536 UTC [10484] hel1435-S2-prod-noio-sb570-R25000-b201-explain-r1 LOG:  duration: 73.890 ms  plan:
	Query Text: DELETE FROM output_snapshot_history WHERE output_id = ANY($1) AND id IN (
	             SELECT id FROM (
	               SELECT id, age_class, bucket,
	                      row_number() OVER w AS recency,
	                      lag(age_class) OVER w AS prev_class,
	                      lag(bucket) OVER w AS prev_bucket
	               FROM (
	                 SELECT id, output_id, captured_at,
	                        CASE WHEN extract(epoch FROM ($2::timestamptz - captured_at)) < $3 THEN 0
	                             WHEN extract(epoch FROM ($4::timestamptz - captured_at)) < $5 THEN 1
	                             ELSE 2 END AS age_class,
	                        floor(extract(epoch FROM captured_at) /
	                          CASE WHEN extract(epoch FROM ($6::timestamptz - captured_at)) < $7 THEN $8
	                               WHEN extract(epoch FROM ($9::timestamptz - captured_at)) < $10 THEN $11
	                               ELSE $12 END) AS bucket
	                 FROM output_snapshot_history
	                 WHERE output_id = ANY($13)
	               ) classed
	               WINDOW w AS (PARTITION BY output_id ORDER BY captured_at DESC, id DESC)
	             ) ranked
	             WHERE recency > $14 AND prev_class = age_class AND prev_bucket = bucket)
	Query Parameters: $1 = '{o998,o9980,o9981,o9982,o9983,o9984,o9985,o9986,o9987,o9988,o9989,o999,o9990,o9991,o9992,o9993,o9994,o9995,o9996,o9997,o9998,o9999}', $2 = '2026-10-10 06:00:00-07', $3 = '86400', $4 = '2026-10-10 06:00:00-07', $5 = '604800', $6 = '2026-10-10 06:00:00-07', $7 = '86400', $8 = '300', $9 = '2026-10-10 06:00:00-07', $10 = '604800', $11 = '3600', $12 = '86400', $13 = '{o998,o9980,o9981,o9982,o9983,o9984,o9985,o9986,o9987,o9988,o9989,o999,o9990,o9991,o9992,o9993,o9994,o9995,o9996,o9997,o9998,o9999}', $14 = '102'
	Delete on output_snapshot_history  (cost=39366.04..39374.08 rows=0 width=0) (actual time=73.888..73.890 rows=0 loops=1)
	  Buffers: shared hit=2137 read=830
	  WAL: records=264 bytes=14256
	  ->  Nested Loop  (cost=39366.04..39374.08 rows=1 width=46) (actual time=72.070..73.817 rows=264 loops=1)
	        Buffers: shared hit=1873 read=830
	        ->  HashAggregate  (cost=39365.55..39365.56 rows=1 width=56) (actual time=72.047..72.068 rows=264 loops=1)
	              Group Key: ranked.id
	              Batches: 1  Memory Usage: 117kB
	              Buffers: shared hit=1061 read=586
	              ->  Subquery Scan on ranked  (cost=37995.30..39365.55 rows=1 width=56) (actual time=62.408..72.010 rows=264 loops=1)
	                    Filter: ((ranked.recency > 102) AND (ranked.prev_class = ranked.age_class) AND (ranked.prev_bucket = ranked.bucket))
	                    Rows Removed by Filter: 10010
	                    Buffers: shared hit=1061 read=586
	                    ->  WindowAgg  (cost=37995.30..39173.72 rows=10962 width=109) (actual time=62.148..71.480 rows=10274 loops=1)
	                          Buffers: shared hit=1061 read=586
	                          ->  Sort  (cost=37995.30..38022.71 rows=10962 width=29) (actual time=62.118..62.373 rows=10274 loops=1)
	                                Sort Key: output_snapshot_history_1.output_id, output_snapshot_history_1.captured_at DESC, output_snapshot_history_1.id DESC
	                                Sort Method: quicksort  Memory: 946kB
	                                Buffers: shared hit=1061 read=586
	                                ->  Bitmap Heap Scan on output_snapshot_history output_snapshot_history_1  (cost=446.48..37259.74 rows=10962 width=29) (actual time=0.581..58.018 rows=10274 loops=1)
	                                      Recheck Cond: (output_id = ANY ('{o998,o9980,o9981,o9982,o9983,o9984,o9985,o9986,o9987,o9988,o9989,o999,o9990,o9991,o9992,o9993,o9994,o9995,o9996,o9997,o9998,o9999}'::text[]))
	                                      Heap Blocks: exact=1514
	                                      Buffers: shared hit=1052 read=586
	                                      ->  Bitmap Index Scan on idx_output_snapshot_history_output_captured  (cost=0.00..443.69 rows=10962 width=0) (actual time=0.468..0.468 rows=10276 loops=1)
	                                            Index Cond: (output_id = ANY ('{o998,o9980,o9981,o9982,o9983,o9984,o9985,o9986,o9987,o9988,o9989,o999,o9990,o9991,o9992,o9993,o9994,o9995,o9996,o9997,o9998,o9999}'::text[]))
	                                            Buffers: shared hit=124
	        ->  Index Scan using output_snapshot_history_pkey on output_snapshot_history  (cost=0.49..8.51 rows=1 width=22) (actual time=0.006..0.006 rows=1 loops=264)
	              Index Cond: (id = ranked.id)
	              Filter: (output_id = ANY ('{o998,o9980,o9981,o9982,o9983,o9984,o9985,o9986,o9987,o9988,o9989,o999,o9990,o9991,o9992,o9993,o9994,o9995,o9996,o9997,o9998,o9999}'::text[]))
	              Buffers: shared hit=812 read=244
2026-10-10 13:38:56.620 UTC [10486] hel1435-S2-prod-noio-sb570-R25000-b201-explain-r2 LOG:  duration: 70.143 ms  plan:
	Query Text: DELETE FROM output_snapshot_history WHERE output_id = ANY($1) AND id IN (
	             SELECT id FROM (
	               SELECT id, age_class, bucket,
	                      row_number() OVER w AS recency,
	                      lag(age_class) OVER w AS prev_class,
	                      lag(bucket) OVER w AS prev_bucket
	               FROM (
	                 SELECT id, output_id, captured_at,
	                        CASE WHEN extract(epoch FROM ($2::timestamptz - captured_at)) < $3 THEN 0
	                             WHEN extract(epoch FROM ($4::timestamptz - captured_at)) < $5 THEN 1
	                             ELSE 2 END AS age_class,
	                        floor(extract(epoch FROM captured_at) /
	                          CASE WHEN extract(epoch FROM ($6::timestamptz - captured_at)) < $7 THEN $8
	                               WHEN extract(epoch FROM ($9::timestamptz - captured_at)) < $10 THEN $11
	                               ELSE $12 END) AS bucket
	                 FROM output_snapshot_history
	                 WHERE output_id = ANY($13)
	               ) classed
	               WINDOW w AS (PARTITION BY output_id ORDER BY captured_at DESC, id DESC)
	             ) ranked
	             WHERE recency > $14 AND prev_class = age_class AND prev_bucket = bucket)
	Query Parameters: $1 = '{o998,o9980,o9981,o9982,o9983,o9984,o9985,o9986,o9987,o9988,o9989,o999,o9990,o9991,o9992,o9993,o9994,o9995,o9996,o9997,o9998,o9999}', $2 = '2026-10-10 06:00:00-07', $3 = '86400', $4 = '2026-10-10 06:00:00-07', $5 = '604800', $6 = '2026-10-10 06:00:00-07', $7 = '86400', $8 = '300', $9 = '2026-10-10 06:00:00-07', $10 = '604800', $11 = '3600', $12 = '86400', $13 = '{o998,o9980,o9981,o9982,o9983,o9984,o9985,o9986,o9987,o9988,o9989,o999,o9990,o9991,o9992,o9993,o9994,o9995,o9996,o9997,o9998,o9999}', $14 = '102'
	Delete on output_snapshot_history  (cost=39366.04..39374.08 rows=0 width=0) (actual time=70.142..70.143 rows=0 loops=1)
	  Buffers: shared hit=2967
	  WAL: records=264 bytes=14256
	  ->  Nested Loop  (cost=39366.04..39374.08 rows=1 width=46) (actual time=69.248..70.078 rows=264 loops=1)
	        Buffers: shared hit=2703
	        ->  HashAggregate  (cost=39365.55..39365.56 rows=1 width=56) (actual time=69.229..69.248 rows=264 loops=1)
	              Group Key: ranked.id
	              Batches: 1  Memory Usage: 117kB
	              Buffers: shared hit=1647
	              ->  Subquery Scan on ranked  (cost=37995.30..39365.55 rows=1 width=56) (actual time=8.271..69.190 rows=264 loops=1)
	                    Filter: ((ranked.recency > 102) AND (ranked.prev_class = ranked.age_class) AND (ranked.prev_bucket = ranked.bucket))
	                    Rows Removed by Filter: 10010
	                    Buffers: shared hit=1647
	                    ->  WindowAgg  (cost=37995.30..39173.72 rows=10962 width=109) (actual time=8.013..68.648 rows=10274 loops=1)
	                          Buffers: shared hit=1647
	                          ->  Sort  (cost=37995.30..38022.71 rows=10962 width=29) (actual time=7.986..8.250 rows=10274 loops=1)
	                                Sort Key: output_snapshot_history_1.output_id, output_snapshot_history_1.captured_at DESC, output_snapshot_history_1.id DESC
	                                Sort Method: quicksort  Memory: 946kB
	                                Buffers: shared hit=1647
	                                ->  Bitmap Heap Scan on output_snapshot_history output_snapshot_history_1  (cost=446.48..37259.74 rows=10962 width=29) (actual time=0.444..3.781 rows=10274 loops=1)
	                                      Recheck Cond: (output_id = ANY ('{o998,o9980,o9981,o9982,o9983,o9984,o9985,o9986,o9987,o9988,o9989,o999,o9990,o9991,o9992,o9993,o9994,o9995,o9996,o9997,o9998,o9999}'::text[]))
	                                      Heap Blocks: exact=1514
	                                      Buffers: shared hit=1638
	                                      ->  Bitmap Index Scan on idx_output_snapshot_history_output_captured  (cost=0.00..443.69 rows=10962 width=0) (actual time=0.357..0.357 rows=10276 loops=1)
	                                            Index Cond: (output_id = ANY ('{o998,o9980,o9981,o9982,o9983,o9984,o9985,o9986,o9987,o9988,o9989,o999,o9990,o9991,o9992,o9993,o9994,o9995,o9996,o9997,o9998,o9999}'::text[]))
	                                            Buffers: shared hit=124
	        ->  Index Scan using output_snapshot_history_pkey on output_snapshot_history  (cost=0.49..8.51 rows=1 width=22) (actual time=0.003..0.003 rows=1 loops=264)
	              Index Cond: (id = ranked.id)
	              Filter: (output_id = ANY ('{o998,o9980,o9981,o9982,o9983,o9984,o9985,o9986,o9987,o9988,o9989,o999,o9990,o9991,o9992,o9993,o9994,o9995,o9996,o9997,o9998,o9999}'::text[]))
	              Buffers: shared hit=1056
2026-10-10 13:38:56.651 UTC [10488] hel1435-S2-prod-noio-sb570-R25000-b201-explain-r3 LOG:  duration: 18.382 ms  plan:
	Query Text: DELETE FROM output_snapshot_history WHERE output_id = ANY($1) AND id IN (
	             SELECT id FROM (
	               SELECT id, age_class, bucket,
	                      row_number() OVER w AS recency,
	                      lag(age_class) OVER w AS prev_class,
	                      lag(bucket) OVER w AS prev_bucket
	               FROM (
	                 SELECT id, output_id, captured_at,
	                        CASE WHEN extract(epoch FROM ($2::timestamptz - captured_at)) < $3 THEN 0
	                             WHEN extract(epoch FROM ($4::timestamptz - captured_at)) < $5 THEN 1
	                             ELSE 2 END AS age_class,
	                        floor(extract(epoch FROM captured_at) /
	                          CASE WHEN extract(epoch FROM ($6::timestamptz - captured_at)) < $7 THEN $8
	                               WHEN extract(epoch FROM ($9::timestamptz - captured_at)) < $10 THEN $11
	                               ELSE $12 END) AS bucket
	                 FROM output_snapshot_history
	                 WHERE output_id = ANY($13)
	               ) classed
	               WINDOW w AS (PARTITION BY output_id ORDER BY captured_at DESC, id DESC)
	             ) ranked
	             WHERE recency > $14 AND prev_class = age_class AND prev_bucket = bucket)
	Query Parameters: $1 = '{o998,o9980,o9981,o9982,o9983,o9984,o9985,o9986,o9987,o9988,o9989,o999,o9990,o9991,o9992,o9993,o9994,o9995,o9996,o9997,o9998,o9999}', $2 = '2026-10-10 06:00:00-07', $3 = '86400', $4 = '2026-10-10 06:00:00-07', $5 = '604800', $6 = '2026-10-10 06:00:00-07', $7 = '86400', $8 = '300', $9 = '2026-10-10 06:00:00-07', $10 = '604800', $11 = '3600', $12 = '86400', $13 = '{o998,o9980,o9981,o9982,o9983,o9984,o9985,o9986,o9987,o9988,o9989,o999,o9990,o9991,o9992,o9993,o9994,o9995,o9996,o9997,o9998,o9999}', $14 = '102'
	Delete on output_snapshot_history  (cost=39366.04..39374.08 rows=0 width=0) (actual time=18.381..18.382 rows=0 loops=1)
	  Buffers: shared hit=2967
	  WAL: records=264 bytes=14256
	  ->  Nested Loop  (cost=39366.04..39374.08 rows=1 width=46) (actual time=17.556..18.320 rows=264 loops=1)
	        Buffers: shared hit=2703
	        ->  HashAggregate  (cost=39365.55..39365.56 rows=1 width=56) (actual time=17.539..17.557 rows=264 loops=1)
	              Group Key: ranked.id
	              Batches: 1  Memory Usage: 117kB
	              Buffers: shared hit=1647
	              ->  Subquery Scan on ranked  (cost=37995.30..39365.55 rows=1 width=56) (actual time=7.815..17.499 rows=264 loops=1)
	                    Filter: ((ranked.recency > 102) AND (ranked.prev_class = ranked.age_class) AND (ranked.prev_bucket = ranked.bucket))
	                    Rows Removed by Filter: 10010
	                    Buffers: shared hit=1647
	                    ->  WindowAgg  (cost=37995.30..39173.72 rows=10962 width=109) (actual time=7.556..16.956 rows=10274 loops=1)
	                          Buffers: shared hit=1647
	                          ->  Sort  (cost=37995.30..38022.71 rows=10962 width=29) (actual time=7.531..7.790 rows=10274 loops=1)
	                                Sort Key: output_snapshot_history_1.output_id, output_snapshot_history_1.captured_at DESC, output_snapshot_history_1.id DESC
	                                Sort Method: quicksort  Memory: 946kB
	                                Buffers: shared hit=1647
	                                ->  Bitmap Heap Scan on output_snapshot_history output_snapshot_history_1  (cost=446.48..37259.74 rows=10962 width=29) (actual time=0.444..3.538 rows=10274 loops=1)
	                                      Recheck Cond: (output_id = ANY ('{o998,o9980,o9981,o9982,o9983,o9984,o9985,o9986,o9987,o9988,o9989,o999,o9990,o9991,o9992,o9993,o9994,o9995,o9996,o9997,o9998,o9999}'::text[]))
	                                      Heap Blocks: exact=1514
	                                      Buffers: shared hit=1638
	                                      ->  Bitmap Index Scan on idx_output_snapshot_history_output_captured  (cost=0.00..443.69 rows=10962 width=0) (actual time=0.357..0.357 rows=10276 loops=1)
	                                            Index Cond: (output_id = ANY ('{o998,o9980,o9981,o9982,o9983,o9984,o9985,o9986,o9987,o9988,o9989,o999,o9990,o9991,o9992,o9993,o9994,o9995,o9996,o9997,o9998,o9999}'::text[]))
	                                            Buffers: shared hit=124
	        ->  Index Scan using output_snapshot_history_pkey on output_snapshot_history  (cost=0.49..8.51 rows=1 width=22) (actual time=0.003..0.003 rows=1 loops=264)
	              Index Cond: (id = ranked.id)
	              Filter: (output_id = ANY ('{o998,o9980,o9981,o9982,o9983,o9984,o9985,o9986,o9987,o9988,o9989,o999,o9990,o9991,o9992,o9993,o9994,o9995,o9996,o9997,o9998,o9999}'::text[]))
	              Buffers: shared hit=1056
