2026-10-10 13:28:34.710 UTC [1241] hel1435-S3-prod-io-base-direct-R25000-b0-explain-r1 LOG:  duration: 3.001 ms  plan:
	Query Text: SELECT count(*) FROM (SELECT 1 FROM output_snapshot_history WHERE output_id = $1 LIMIT $2) x
	Query Parameters: $1 = 'o0', $2 = '25001'
	Aggregate  (cost=118.65..118.66 rows=1 width=8) (actual time=2.999..3.000 rows=1 loops=1)
	  Buffers: shared hit=1713
	  ->  Limit  (cost=0.43..92.72 rows=2074 width=4) (actual time=0.032..2.924 rows=2051 loops=1)
	        Buffers: shared hit=1713
	        ->  Index Only Scan using idx_output_snapshot_history_output_captured on output_snapshot_history  (cost=0.43..92.72 rows=2074 width=4) (actual time=0.031..2.829 rows=2051 loops=1)
	              Index Cond: (output_id = 'o0'::text)
	              Heap Fetches: 1693
	              Buffers: shared hit=1713
2026-10-10 13:28:34.754 UTC [1241] hel1435-S3-prod-io-base-direct-R25000-b0-explain-r1 LOG:  duration: 25.968 ms  plan:
	Query Text: SELECT count(*) FROM (SELECT 1 FROM output_snapshot_history WHERE output_id = $1 LIMIT $2) x
	Query Parameters: $1 = 'o108', $2 = '1960'
	Aggregate  (cost=12.26..12.27 rows=1 width=8) (actual time=25.963..25.963 rows=1 loops=1)
	  Buffers: shared hit=1331 read=220
	  ->  Limit  (cost=0.43..9.66 rows=208 width=4) (actual time=0.122..25.889 rows=1960 loops=1)
	        Buffers: shared hit=1331 read=220
	        ->  Index Only Scan using idx_output_snapshot_history_output_captured on output_snapshot_history  (cost=0.43..92.86 rows=2082 width=4) (actual time=0.122..25.797 rows=1960 loops=1)
	              Index Cond: (output_id = ($1)::text)
	              Heap Fetches: 1531
	              Buffers: shared hit=1331 read=220
2026-10-10 13:28:34.767 UTC [1241] hel1435-S3-prod-io-base-direct-R25000-b0-explain-r1 LOG:  duration: 9.122 ms  plan:
	Query Text: DELETE FROM output_snapshot_history h
	             USING pipelines p, users u
	             WHERE h.output_id = ANY($1) AND h.captured_at < $2
	               AND h.pipeline_id = p.id AND p.owner_id = u.id
	               AND h.captured_at < COALESCE(($3::timestamptz[])[array_position($4::text[], u.tier)], $5)
	Query Parameters: $1 = '{o0,o1,o10,o100,o101,o102,o103,o104,o105,o106,o107}', $2 = '2026-09-10 05:00:00-07', $3 = '{"2026-09-10 05:00:00-07","2026-07-12 05:00:00-07","2025-10-10 05:00:00-07"}', $4 = '{free,beta,owner}', $5 = '2026-09-10 05:00:00-07'
	Delete on output_snapshot_history h  (cost=70.50..1398.07 rows=0 width=0) (actual time=9.120..9.122 rows=0 loops=1)
	  Buffers: shared hit=38 read=127
	  ->  Hash Join  (cost=70.50..1398.07 rows=115 width=18) (actual time=9.119..9.121 rows=0 loops=1)
	        Hash Cond: (p.owner_id = u.id)
	        Join Filter: (h.captured_at < COALESCE(('{"2026-09-10 05:00:00-07","2026-07-12 05:00:00-07","2025-10-10 05:00:00-07"}'::timestamp with time zone[])[array_position('{free,beta,owner}'::text[], u.tier)], '2026-09-10 05:00:00-07'::timestamp with time zone))
	        Rows Removed by Join Filter: 480
	        Buffers: shared hit=38 read=127
	        ->  Hash Join  (cost=63.74..1390.39 rows=344 width=36) (actual time=0.511..8.799 rows=480 loops=1)
	              Hash Cond: (h.pipeline_id = p.id)
	              Buffers: shared hit=38 read=124
	              ->  Bitmap Heap Scan on output_snapshot_history h  (cost=52.23..1377.96 rows=344 width=18) (actual time=0.169..8.379 rows=480 loops=1)
	                    Recheck Cond: ((output_id = ANY ('{o0,o1,o10,o100,o101,o102,o103,o104,o105,o106,o107}'::text[])) AND (captured_at < '2026-09-10 05:00:00-07'::timestamp with time zone))
	                    Heap Blocks: exact=120
	                    Buffers: shared hit=38 read=120
	                    ->  Bitmap Index Scan on idx_output_snapshot_history_output_captured  (cost=0.00..52.11 rows=344 width=0) (actual time=0.061..0.061 rows=480 loops=1)
	                          Index Cond: ((output_id = ANY ('{o0,o1,o10,o100,o101,o102,o103,o104,o105,o106,o107}'::text[])) AND (captured_at < '2026-09-10 05:00:00-07'::timestamp with time zone))
	                          Buffers: shared hit=38
	              ->  Hash  (cost=7.34..7.34 rows=334 width=26) (actual time=0.329..0.329 rows=334 loops=1)
	                    Buckets: 1024  Batches: 1  Memory Usage: 28kB
	                    Buffers: shared read=4
	                    ->  Seq Scan on pipelines p  (cost=0.00..7.34 rows=334 width=26) (actual time=0.037..0.290 rows=334 loops=1)
	                          Buffers: shared read=4
	        ->  Hash  (cost=4.67..4.67 rows=167 width=27) (actual time=0.221..0.221 rows=167 loops=1)
	              Buckets: 1024  Batches: 1  Memory Usage: 18kB
	              Buffers: shared read=3
	              ->  Seq Scan on users u  (cost=0.00..4.67 rows=167 width=27) (actual time=0.082..0.193 rows=167 loops=1)
	                    Buffers: shared read=3
2026-10-10 13:28:41.678 UTC [1241] hel1435-S3-prod-io-base-direct-R25000-b0-explain-r1 LOG:  duration: 6905.362 ms  plan:
	Query Text: DELETE FROM output_snapshot_history WHERE output_id = ANY($1) AND id IN (
	             SELECT id FROM (
	               SELECT id, age_class, bucket,
	                      row_number() OVER w AS recency,
	                      lag(age_class) OVER w AS prev_class,
	                      lag(bucket) OVER w AS prev_bucket
	               FROM (
	                 SELECT id, output_id, captured_at,
	                        CASE WHEN extract(epoch FROM ($2::timestamptz - captured_at)) < $3 THEN 0
	                             WHEN extract(epoch FROM ($4::timestamptz - captured_at)) < $5 THEN 1
	                             ELSE 2 END AS age_class,
	                        floor(extract(epoch FROM captured_at) /
	                          CASE WHEN extract(epoch FROM ($6::timestamptz - captured_at)) < $7 THEN $8
	                               WHEN extract(epoch FROM ($9::timestamptz - captured_at)) < $10 THEN $11
	                               ELSE $12 END) AS bucket
	                 FROM output_snapshot_history
	                 WHERE output_id = ANY($13)
	               ) classed
	               WINDOW w AS (PARTITION BY output_id ORDER BY captured_at DESC, id DESC)
	             ) ranked
	             WHERE recency > $14 AND prev_class = age_class AND prev_bucket = bucket)
	Query Parameters: $1 = '{o0,o1,o10,o100,o101,o102,o103,o104,o105,o106,o107}', $2 = '2026-10-10 05:00:00-07', $3 = '86400', $4 = '2026-10-10 05:00:00-07', $5 = '604800', $6 = '2026-10-10 05:00:00-07', $7 = '86400', $8 = '300', $9 = '2026-10-10 05:00:00-07', $10 = '604800', $11 = '3600', $12 = '86400', $13 = '{o0,o1,o10,o100,o101,o102,o103,o104,o105,o106,o107}', $14 = '102'
	Delete on output_snapshot_history  (cost=62298.40..62306.43 rows=0 width=0) (actual time=6905.358..6905.361 rows=0 loops=1)
	  Buffers: shared hit=84646 read=9386 dirtied=2971
	  WAL: records=17545 fpi=4701 bytes=37977207
	  ->  Nested Loop  (cost=62298.40..62306.43 rows=1 width=46) (actual time=227.621..1477.129 rows=17545 loops=1)
	        Buffers: shared hit=67101 read=9386
	        ->  HashAggregate  (cost=62297.94..62297.95 rows=1 width=56) (actual time=227.363..230.828 rows=17545 loops=1)
	              Group Key: ranked.id
	              Batches: 1  Memory Usage: 3369kB
	              Buffers: shared hit=5110 read=1197
	              ->  Subquery Scan on ranked  (cost=59446.82..62297.94 rows=1 width=56) (actual time=196.250..224.123 rows=17545 loops=1)
	                    Filter: ((ranked.recency > 102) AND (ranked.prev_class = ranked.age_class) AND (ranked.prev_bucket = ranked.bucket))
	                    Rows Removed by Filter: 5496
	                    Buffers: shared hit=5110 read=1197
	                    ->  WindowAgg  (cost=59446.82..61898.78 rows=22809 width=108) (actual time=195.977..220.979 rows=23041 loops=1)
	                          Buffers: shared hit=5110 read=1197
	                          ->  Sort  (cost=59446.82..59503.84 rows=22809 width=28) (actual time=195.917..196.689 rows=23041 loops=1)
	                                Sort Key: output_snapshot_history_1.output_id, output_snapshot_history_1.captured_at DESC, output_snapshot_history_1.id DESC
	                                Sort Method: quicksort  Memory: 2029kB
	                                Buffers: shared hit=5110 read=1197
	                                ->  Bitmap Heap Scan on output_snapshot_history output_snapshot_history_1  (cost=797.54..57795.75 rows=22809 width=28) (actual time=2.067..187.320 rows=23041 loops=1)
	                                      Recheck Cond: (output_id = ANY ('{o0,o1,o10,o100,o101,o102,o103,o104,o105,o106,o107}'::text[]))
	                                      Heap Blocks: exact=6116
	                                      Buffers: shared hit=5101 read=1197
	                                      ->  Bitmap Index Scan on idx_output_snapshot_history_output_captured  (cost=0.00..791.81 rows=22809 width=0) (actual time=1.598..1.598 rows=23041 loops=1)
	                                            Index Cond: (output_id = ANY ('{o0,o1,o10,o100,o101,o102,o103,o104,o105,o106,o107}'::text[]))
	                                            Buffers: shared hit=182
	        ->  Index Scan using output_snapshot_history_pkey on output_snapshot_history  (cost=0.46..8.48 rows=1 width=22) (actual time=0.071..0.071 rows=1 loops=17545)
	              Index Cond: (id = ranked.id)
	              Filter: (output_id = ANY ('{o0,o1,o10,o100,o101,o102,o103,o104,o105,o106,o107}'::text[]))
	              Buffers: shared hit=61991 read=8189
2026-10-10 13:28:45.449 UTC [1245] hel1435-S3-prod-io-base-direct-R25000-b42-explain-r1 LOG:  duration: 2831.463 ms  plan:
	Query Text: DELETE FROM output_snapshot_history WHERE output_id = ANY($1) AND id IN (
	             SELECT id FROM (
	               SELECT id, age_class, bucket,
	                      row_number() OVER w AS recency,
	                      lag(age_class) OVER w AS prev_class,
	                      lag(bucket) OVER w AS prev_bucket
	               FROM (
	                 SELECT id, output_id, captured_at,
	                        CASE WHEN extract(epoch FROM ($2::timestamptz - captured_at)) < $3 THEN 0
	                             WHEN extract(epoch FROM ($4::timestamptz - captured_at)) < $5 THEN 1
	                             ELSE 2 END AS age_class,
	                        floor(extract(epoch FROM captured_at) /
	                          CASE WHEN extract(epoch FROM ($6::timestamptz - captured_at)) < $7 THEN $8
	                               WHEN extract(epoch FROM ($9::timestamptz - captured_at)) < $10 THEN $11
	                               ELSE $12 END) AS bucket
	                 FROM output_snapshot_history
	                 WHERE output_id = ANY($13)
	               ) classed
	               WINDOW w AS (PARTITION BY output_id ORDER BY captured_at DESC, id DESC)
	             ) ranked
	             WHERE recency > $14 AND prev_class = age_class AND prev_bucket = bucket)
	Query Parameters: $1 = '{o54,o540,o541,o542,o543,o544,o545,o546,o547,o548,o549,o55}', $2 = '2026-10-10 05:00:00-07', $3 = '86400', $4 = '2026-10-10 05:00:00-07', $5 = '604800', $6 = '2026-10-10 05:00:00-07', $7 = '86400', $8 = '300', $9 = '2026-10-10 05:00:00-07', $10 = '604800', $11 = '3600', $12 = '86400', $13 = '{o54,o540,o541,o542,o543,o544,o545,o546,o547,o548,o549,o55}', $14 = '102'
	Delete on output_snapshot_history  (cost=66324.14..66332.17 rows=0 width=0) (actual time=2831.459..2831.462 rows=0 loops=1)
	  Buffers: shared hit=98606 read=2602 dirtied=4092
	  WAL: records=19140 fpi=4166 bytes=33849174
	  ->  Nested Loop  (cost=66324.14..66332.17 rows=1 width=46) (actual time=157.470..383.802 rows=19140 loops=1)
	        Buffers: shared hit=79466 read=2602
	        ->  HashAggregate  (cost=66323.68..66323.69 rows=1 width=56) (actual time=157.446..161.011 rows=19140 loops=1)
	              Group Key: ranked.id
	              Batches: 1  Memory Usage: 3369kB
	              Buffers: shared hit=4368 read=1140
	              ->  Subquery Scan on ranked  (cost=63213.30..66323.68 rows=1 width=56) (actual time=123.854..153.882 rows=19140 loops=1)
	                    Filter: ((ranked.recency > 102) AND (ranked.prev_class = ranked.age_class) AND (ranked.prev_bucket = ranked.bucket))
	                    Rows Removed by Filter: 5472
	                    Buffers: shared hit=4368 read=1140
	                    ->  WindowAgg  (cost=63213.30..65888.23 rows=24883 width=108) (actual time=123.585..150.325 rows=24612 loops=1)
	                          Buffers: shared hit=4368 read=1140
	                          ->  Sort  (cost=63213.30..63275.51 rows=24883 width=28) (actual time=123.547..124.365 rows=24612 loops=1)
	                                Sort Key: output_snapshot_history_1.output_id, output_snapshot_history_1.captured_at DESC, output_snapshot_history_1.id DESC
	                                Sort Method: quicksort  Memory: 2114kB
	                                Buffers: shared hit=4368 read=1140
	                                ->  Bitmap Heap Scan on output_snapshot_history output_snapshot_history_1  (cost=866.04..61396.49 rows=24883 width=28) (actual time=1.627..114.676 rows=24612 loops=1)
	                                      Recheck Cond: (output_id = ANY ('{o54,o540,o541,o542,o543,o544,o545,o546,o547,o548,o549,o55}'::text[]))
	                                      Heap Blocks: exact=5307
	                                      Buffers: shared hit=4359 read=1140
	                                      ->  Bitmap Index Scan on idx_output_snapshot_history_output_captured  (cost=0.00..859.79 rows=24883 width=0) (actual time=1.158..1.159 rows=24613 loops=1)
	                                            Index Cond: (output_id = ANY ('{o54,o540,o541,o542,o543,o544,o545,o546,o547,o548,o549,o55}'::text[]))
	                                            Buffers: shared hit=192
	        ->  Index Scan using output_snapshot_history_pkey on output_snapshot_history  (cost=0.46..8.48 rows=1 width=22) (actual time=0.011..0.011 rows=1 loops=19140)
	              Index Cond: (id = ranked.id)
	              Filter: (output_id = ANY ('{o54,o540,o541,o542,o543,o544,o545,o546,o547,o548,o549,o55}'::text[]))
	              Buffers: shared hit=75098 read=1462
2026-10-10 13:28:49.083 UTC [1249] hel1435-S3-prod-io-base-direct-R25000-b85-explain-r1 LOG:  duration: 196.950 ms  plan:
	Query Text: DELETE FROM output_snapshot_history WHERE output_id = ANY($1) AND id IN (
	             SELECT id FROM (
	               SELECT id, age_class, bucket,
	                      row_number() OVER w AS recency,
	                      lag(age_class) OVER w AS prev_class,
	                      lag(bucket) OVER w AS prev_bucket
	               FROM (
	                 SELECT id, output_id, captured_at,
	                        CASE WHEN extract(epoch FROM ($2::timestamptz - captured_at)) < $3 THEN 0
	                             WHEN extract(epoch FROM ($4::timestamptz - captured_at)) < $5 THEN 1
	                             ELSE 2 END AS age_class,
	                        floor(extract(epoch FROM captured_at) /
	                          CASE WHEN extract(epoch FROM ($6::timestamptz - captured_at)) < $7 THEN $8
	                               WHEN extract(epoch FROM ($9::timestamptz - captured_at)) < $10 THEN $11
	                               ELSE $12 END) AS bucket
	                 FROM output_snapshot_history
	                 WHERE output_id = ANY($13)
	               ) classed
	               WINDOW w AS (PARTITION BY output_id ORDER BY captured_at DESC, id DESC)
	             ) ranked
	             WHERE recency > $14 AND prev_class = age_class AND prev_bucket = bucket)
	Query Parameters: $1 = '{o990,o991,o992,o993,o994,o995,o996,o997,o998,o999}', $2 = '2026-10-10 05:00:00-07', $3 = '86400', $4 = '2026-10-10 05:00:00-07', $5 = '604800', $6 = '2026-10-10 05:00:00-07', $7 = '86400', $8 = '300', $9 = '2026-10-10 05:00:00-07', $10 = '604800', $11 = '3600', $12 = '86400', $13 = '{o990,o991,o992,o993,o994,o995,o996,o997,o998,o999}', $14 = '102'
	Delete on output_snapshot_history  (cost=58075.99..58084.02 rows=0 width=0) (actual time=196.946..196.949 rows=0 loops=1)
	  Buffers: shared hit=82428 read=457 dirtied=48
	  WAL: records=15950 fpi=1016 bytes=8864332
	  ->  Nested Loop  (cost=58075.99..58084.02 rows=1 width=46) (actual time=97.598..190.326 rows=15950 loops=1)
	        Buffers: shared hit=66478 read=457
	        ->  HashAggregate  (cost=58075.53..58075.54 rows=1 width=56) (actual time=97.567..100.114 rows=15950 loops=1)
	              Group Key: ranked.id
	              Batches: 1  Memory Usage: 3113kB
	              Buffers: shared hit=2914 read=221
	              ->  Subquery Scan on ranked  (cost=55483.53..58075.53 rows=1 width=56) (actual time=34.714..94.323 rows=15950 loops=1)
	                    Filter: ((ranked.recency > 102) AND (ranked.prev_class = ranked.age_class) AND (ranked.prev_bucket = ranked.bucket))
	                    Rows Removed by Filter: 4560
	                    Buffers: shared hit=2914 read=221
	                    ->  WindowAgg  (cost=55483.53..57712.65 rows=20736 width=108) (actual time=34.435..91.514 rows=20510 loops=1)
	                          Buffers: shared hit=2914 read=221
	                          ->  Sort  (cost=55483.53..55535.37 rows=20736 width=28) (actual time=34.397..35.104 rows=20510 loops=1)
	                                Sort Key: output_snapshot_history_1.output_id, output_snapshot_history_1.captured_at DESC, output_snapshot_history_1.id DESC
	                                Sort Method: quicksort  Memory: 1890kB
	                                Buffers: shared hit=2914 read=221
	                                ->  Bitmap Heap Scan on output_snapshot_history output_snapshot_history_1  (cost=725.03..53996.78 rows=20736 width=28) (actual time=1.007..27.166 rows=20510 loops=1)
	                                      Recheck Cond: (output_id = ANY ('{o990,o991,o992,o993,o994,o995,o996,o997,o998,o999}'::text[]))
	                                      Heap Blocks: exact=2962
	                                      Buffers: shared hit=2905 read=221
	                                      ->  Bitmap Index Scan on idx_output_snapshot_history_output_captured  (cost=0.00..719.82 rows=20736 width=0) (actual time=0.834..0.834 rows=20510 loops=1)
	                                            Index Cond: (output_id = ANY ('{o990,o991,o992,o993,o994,o995,o996,o997,o998,o999}'::text[]))
	                                            Buffers: shared hit=164
	        ->  Index Scan using output_snapshot_history_pkey on output_snapshot_history  (cost=0.45..8.48 rows=1 width=22) (actual time=0.006..0.006 rows=1 loops=15950)
	              Index Cond: (id = ranked.id)
	              Filter: (output_id = ANY ('{o990,o991,o992,o993,o994,o995,o996,o997,o998,o999}'::text[]))
	              Buffers: shared hit=63564 read=236
