2026-10-10 07:36:23.052 UTC [33]  LOG:  checkpoint complete: wrote 382 buffers (2.3%); 0 WAL file(s) added, 2 removed, 31 recycled; write=0.674 s, sync=0.118 s, total=0.824 s; sync files=1, longest=0.118 s, average=0.118 s; distance=540632 kB, estimate=543025 kB; lsn=12/17401E48, redo lsn=11/F74011B8
2026-10-10 07:36:23.064 UTC [33]  LOG:  checkpoints are occurring too frequently (1 second apart)
2026-10-10 07:36:23.064 UTC [33]  HINT:  Consider increasing the configuration parameter "max_wal_size".
2026-10-10 07:36:23.064 UTC [33]  LOG:  checkpoint starting: wal
2026-10-10 07:36:23.323 UTC [65] psql LOG:  temporary file: path "base/pgsql_tmp/pgsql_tmp65.361", size 2738736
2026-10-10 07:36:23.323 UTC [65] psql CONTEXT:  SQL statement "DELETE FROM output_snapshot_history WHERE id IN (
	               SELECT id FROM (
	                 SELECT id, row_number() OVER (
	                   PARTITION BY output_id, age_class, floor(epoch / bucket_secs)
	                   ORDER BY captured_at DESC, id DESC) AS rn
	                 FROM (
	                   SELECT id, output_id, captured_at,
	                          extract(epoch FROM captured_at) AS epoch,
	                          CASE WHEN extract(epoch FROM ('2026-10-10 07:00:00+00'::timestamptz - captured_at)) < 86400::bigint THEN 0
	                               WHEN extract(epoch FROM ('2026-10-10 07:00:00+00'::timestamptz - captured_at)) < 604800::bigint THEN 1
	                               ELSE 2 END AS age_class,
	                          CASE WHEN extract(epoch FROM ('2026-10-10 07:00:00+00'::timestamptz - captured_at)) < 86400::bigint THEN 300::bigint
	                               WHEN extract(epoch FROM ('2026-10-10 07:00:00+00'::timestamptz - captured_at)) < 604800::bigint THEN 3600::bigint
	                               ELSE 86400::bigint END AS bucket_secs
	                   FROM (
	                     SELECT id, output_id, captured_at,
	                            row_number() OVER (PARTITION BY output_id ORDER BY captured_at DESC, id DESC) AS recency
	                     FROM output_snapshot_history
	                   ) recent
	                   WHERE recency > 101
	                 ) classed
	               ) ranked WHERE rn > 1)"
	PL/pgSQL function pg_temp_3.perf_time(integer,integer) line 7 at EXECUTE
2026-10-10 07:36:23.323 UTC [65] psql STATEMENT:  SELECT pg_temp.perf_time(3, 1)
2026-10-10 07:36:23.331 UTC [65] psql LOG:  temporary file: path "base/pgsql_tmp/pgsql_tmp65.315", size 87695360
2026-10-10 07:36:23.331 UTC [65] psql CONTEXT:  SQL statement "DELETE FROM output_snapshot_history WHERE id IN (
	               SELECT id FROM (
	                 SELECT id, row_number() OVER (
	                   PARTITION BY output_id, age_class, floor(epoch / bucket_secs)
	                   ORDER BY captured_at DESC, id DESC) AS rn
	                 FROM (
	                   SELECT id, output_id, captured_at,
	                          extract(epoch FROM captured_at) AS epoch,
	                          CASE WHEN extract(epoch FROM ('2026-10-10 07:00:00+00'::timestamptz - captured_at)) < 86400::bigint THEN 0
	                               WHEN extract(epoch FROM ('2026-10-10 07:00:00+00'::timestamptz - captured_at)) < 604800::bigint THEN 1
	                               ELSE 2 END AS age_class,
	                          CASE WHEN extract(epoch FROM ('2026-10-10 07:00:00+00'::timestamptz - captured_at)) < 86400::bigint THEN 300::bigint
	                               WHEN extract(epoch FROM ('2026-10-10 07:00:00+00'::timestamptz - captured_at)) < 604800::bigint THEN 3600::bigint
	                               ELSE 86400::bigint END AS bucket_secs
	                   FROM (
	                     SELECT id, output_id, captured_at,
	                            row_number() OVER (PARTITION BY output_id ORDER BY captured_at DESC, id DESC) AS recency
	                     FROM output_snapshot_history
	                   ) recent
	                   WHERE recency > 101
	                 ) classed
	               ) ranked WHERE rn > 1)"
	PL/pgSQL function pg_temp_3.perf_time(integer,integer) line 7 at EXECUTE
2026-10-10 07:36:23.331 UTC [65] psql STATEMENT:  SELECT pg_temp.perf_time(3, 1)
2026-10-10 07:36:33.574 UTC [1244] hel1435-S3-desktop-R25000-b0-explain-r1 LOG:  duration: 3.137 ms  plan:
	Query Text: SELECT count(*) FROM (SELECT 1 FROM output_snapshot_history WHERE output_id = $1 LIMIT $2) x
	Query Parameters: $1 = 'o0', $2 = '25001'
	Aggregate  (cost=122.59..122.60 rows=1 width=8) (actual time=3.133..3.134 rows=1 loops=1)
	  Buffers: shared hit=1713
	  ->  Limit  (cost=0.43..96.69 rows=2072 width=4) (actual time=0.045..3.054 rows=2051 loops=1)
	        Buffers: shared hit=1713
	        ->  Index Only Scan using idx_output_snapshot_history_output_captured on output_snapshot_history  (cost=0.43..96.69 rows=2072 width=4) (actual time=0.045..2.953 rows=2051 loops=1)
	              Index Cond: (output_id = 'o0'::text)
	              Heap Fetches: 1693
	              Buffers: shared hit=1713
2026-10-10 07:36:33.727 UTC [1244] hel1435-S3-desktop-R25000-b0-explain-r1 LOG:  duration: 130.419 ms  plan:
	Query Text: DELETE FROM output_snapshot_history WHERE output_id = ANY($1) AND id IN (
	             SELECT id FROM (
	               SELECT id, age_class, bucket,
	                      row_number() OVER w AS recency,
	                      lag(age_class) OVER w AS prev_class,
	                      lag(bucket) OVER w AS prev_bucket
	               FROM (
	                 SELECT id, output_id, captured_at,
	                        CASE WHEN extract(epoch FROM ($2::timestamptz - captured_at)) < $3 THEN 0
	                             WHEN extract(epoch FROM ($4::timestamptz - captured_at)) < $5 THEN 1
	                             ELSE 2 END AS age_class,
	                        floor(extract(epoch FROM captured_at) /
	                          CASE WHEN extract(epoch FROM ($6::timestamptz - captured_at)) < $7 THEN $8
	                               WHEN extract(epoch FROM ($9::timestamptz - captured_at)) < $10 THEN $11
	                               ELSE $12 END) AS bucket
	                 FROM output_snapshot_history
	                 WHERE output_id = ANY($13)
	               ) classed
	               WINDOW w AS (PARTITION BY output_id ORDER BY captured_at DESC, id DESC)
	             ) ranked
	             WHERE recency > $14 AND prev_class = age_class AND prev_bucket = bucket)
	Query Parameters: $1 = '{o0,o1,o10,o100,o101,o102,o103,o104,o105,o106,o107}', $2 = '2026-10-10 00:00:00-07', $3 = '86400', $4 = '2026-10-10 00:00:00-07', $5 = '604800', $6 = '2026-10-10 00:00:00-07', $7 = '86400', $8 = '300', $9 = '2026-10-10 00:00:00-07', $10 = '604800', $11 = '3600', $12 = '86400', $13 = '{o0,o1,o10,o100,o101,o102,o103,o104,o105,o106,o107}', $14 = '102'
	Delete on output_snapshot_history  (cost=62263.33..62271.36 rows=0 width=0) (actual time=130.415..130.418 rows=0 loops=1)
	  Buffers: shared hit=84381 read=9651 dirtied=4701 written=6968
	  WAL: records=17545 fpi=3232 bytes=26405894
	  ->  Nested Loop  (cost=62263.33..62271.36 rows=1 width=46) (actual time=52.467..112.935 rows=17545 loops=1)
	        Buffers: shared hit=66836 read=9651 written=6968
	        ->  HashAggregate  (cost=62262.87..62262.88 rows=1 width=56) (actual time=52.439..55.683 rows=17545 loops=1)
	              Group Key: ranked.id
	              Batches: 1  Memory Usage: 3369kB
	              Buffers: shared hit=5110 read=1197 written=709
	              ->  Subquery Scan on ranked  (cost=59414.00..62262.87 rows=1 width=56) (actual time=20.848..49.196 rows=17545 loops=1)
	                    Filter: ((ranked.recency > 102) AND (ranked.prev_class = ranked.age_class) AND (ranked.prev_bucket = ranked.bucket))
	                    Rows Removed by Filter: 5496
	                    Buffers: shared hit=5110 read=1197 written=709
	                    ->  WindowAgg  (cost=59414.00..61864.03 rows=22791 width=108) (actual time=20.576..45.985 rows=23041 loops=1)
	                          Buffers: shared hit=5110 read=1197 written=709
	                          ->  Sort  (cost=59414.00..59470.97 rows=22791 width=28) (actual time=20.539..21.312 rows=23041 loops=1)
	                                Sort Key: output_snapshot_history_1.output_id, output_snapshot_history_1.captured_at DESC, output_snapshot_history_1.id DESC
	                                Sort Method: quicksort  Memory: 2029kB
	                                Buffers: shared hit=5110 read=1197 written=709
	                                ->  Bitmap Heap Scan on output_snapshot_history output_snapshot_history_1  (cost=797.37..57764.36 rows=22791 width=28) (actual time=1.598..12.259 rows=23041 loops=1)
	                                      Recheck Cond: (output_id = ANY ('{o0,o1,o10,o100,o101,o102,o103,o104,o105,o106,o107}'::text[]))
	                                      Heap Blocks: exact=6116
	                                      Buffers: shared hit=5101 read=1197 written=709
	                                      ->  Bitmap Index Scan on idx_output_snapshot_history_output_captured  (cost=0.00..791.64 rows=22791 width=0) (actual time=1.207..1.207 rows=23041 loops=1)
	                                            Index Cond: (output_id = ANY ('{o0,o1,o10,o100,o101,o102,o103,o104,o105,o106,o107}'::text[]))
	                                            Buffers: shared hit=182
	        ->  Index Scan using output_snapshot_history_pkey on output_snapshot_history  (cost=0.46..8.48 rows=1 width=22) (actual time=0.003..0.003 rows=1 loops=17545)
	              Index Cond: (id = ranked.id)
	              Filter: (output_id = ANY ('{o0,o1,o10,o100,o101,o102,o103,o104,o105,o106,o107}'::text[]))
	              Buffers: shared hit=61726 read=8454 written=6259
2026-10-10 07:36:33.857 UTC [1246] hel1435-S3-desktop-R25000-b0-explain-r2 LOG:  duration: 91.400 ms  plan:
	Query Text: DELETE FROM output_snapshot_history WHERE output_id = ANY($1) AND id IN (
	             SELECT id FROM (
	               SELECT id, age_class, bucket,
	                      row_number() OVER w AS recency,
	                      lag(age_class) OVER w AS prev_class,
	                      lag(bucket) OVER w AS prev_bucket
	               FROM (
	                 SELECT id, output_id, captured_at,
	                        CASE WHEN extract(epoch FROM ($2::timestamptz - captured_at)) < $3 THEN 0
	                             WHEN extract(epoch FROM ($4::timestamptz - captured_at)) < $5 THEN 1
	                             ELSE 2 END AS age_class,
	                        floor(extract(epoch FROM captured_at) /
	                          CASE WHEN extract(epoch FROM ($6::timestamptz - captured_at)) < $7 THEN $8
	                               WHEN extract(epoch FROM ($9::timestamptz - captured_at)) < $10 THEN $11
	                               ELSE $12 END) AS bucket
	                 FROM output_snapshot_history
	                 WHERE output_id = ANY($13)
	               ) classed
	               WINDOW w AS (PARTITION BY output_id ORDER BY captured_at DESC, id DESC)
	             ) ranked
	             WHERE recency > $14 AND prev_class = age_class AND prev_bucket = bucket)
	Query Parameters: $1 = '{o0,o1,o10,o100,o101,o102,o103,o104,o105,o106,o107}', $2 = '2026-10-10 00:00:00-07', $3 = '86400', $4 = '2026-10-10 00:00:00-07', $5 = '604800', $6 = '2026-10-10 00:00:00-07', $7 = '86400', $8 = '300', $9 = '2026-10-10 00:00:00-07', $10 = '604800', $11 = '3600', $12 = '86400', $13 = '{o0,o1,o10,o100,o101,o102,o103,o104,o105,o106,o107}', $14 = '102'
	Delete on output_snapshot_history  (cost=62263.33..62271.36 rows=0 width=0) (actual time=91.396..91.399 rows=0 loops=1)
	  Buffers: shared hit=92232 read=1800 written=1483
	  WAL: records=17545 bytes=947430
	  ->  Nested Loop  (cost=62263.33..62271.36 rows=1 width=46) (actual time=51.970..87.189 rows=17545 loops=1)
	        Buffers: shared hit=74687 read=1800 written=1483
	        ->  HashAggregate  (cost=62262.87..62262.88 rows=1 width=56) (actual time=51.932..54.935 rows=17545 loops=1)
	              Group Key: ranked.id
	              Batches: 1  Memory Usage: 3369kB
	              Buffers: shared hit=5111 read=1196 written=1015
	              ->  Subquery Scan on ranked  (cost=59414.00..62262.87 rows=1 width=56) (actual time=19.744..48.638 rows=17545 loops=1)
	                    Filter: ((ranked.recency > 102) AND (ranked.prev_class = ranked.age_class) AND (ranked.prev_bucket = ranked.bucket))
	                    Rows Removed by Filter: 5496
	                    Buffers: shared hit=5111 read=1196 written=1015
	                    ->  WindowAgg  (cost=59414.00..61864.03 rows=22791 width=108) (actual time=19.476..45.337 rows=23041 loops=1)
	                          Buffers: shared hit=5111 read=1196 written=1015
	                          ->  Sort  (cost=59414.00..59470.97 rows=22791 width=28) (actual time=19.437..20.427 rows=23041 loops=1)
	                                Sort Key: output_snapshot_history_1.output_id, output_snapshot_history_1.captured_at DESC, output_snapshot_history_1.id DESC
	                                Sort Method: quicksort  Memory: 2029kB
	                                Buffers: shared hit=5111 read=1196 written=1015
	                                ->  Bitmap Heap Scan on output_snapshot_history output_snapshot_history_1  (cost=797.37..57764.36 rows=22791 width=28) (actual time=1.533..11.349 rows=23041 loops=1)
	                                      Recheck Cond: (output_id = ANY ('{o0,o1,o10,o100,o101,o102,o103,o104,o105,o106,o107}'::text[]))
	                                      Heap Blocks: exact=6116
	                                      Buffers: shared hit=5102 read=1196 written=1015
	                                      ->  Bitmap Index Scan on idx_output_snapshot_history_output_captured  (cost=0.00..791.64 rows=22791 width=0) (actual time=1.152..1.152 rows=23041 loops=1)
	                                            Index Cond: (output_id = ANY ('{o0,o1,o10,o100,o101,o102,o103,o104,o105,o106,o107}'::text[]))
	                                            Buffers: shared hit=182
	        ->  Index Scan using output_snapshot_history_pkey on output_snapshot_history  (cost=0.46..8.48 rows=1 width=22) (actual time=0.002..0.002 rows=1 loops=17545)
	              Index Cond: (id = ranked.id)
	              Filter: (output_id = ANY ('{o0,o1,o10,o100,o101,o102,o103,o104,o105,o106,o107}'::text[]))
	              Buffers: shared hit=69576 read=604 written=468
2026-10-10 07:36:33.979 UTC [1248] hel1435-S3-desktop-R25000-b0-explain-r3 LOG:  duration: 88.971 ms  plan:
	Query Text: DELETE FROM output_snapshot_history WHERE output_id = ANY($1) AND id IN (
	             SELECT id FROM (
	               SELECT id, age_class, bucket,
	                      row_number() OVER w AS recency,
	                      lag(age_class) OVER w AS prev_class,
	                      lag(bucket) OVER w AS prev_bucket
	               FROM (
	                 SELECT id, output_id, captured_at,
	                        CASE WHEN extract(epoch FROM ($2::timestamptz - captured_at)) < $3 THEN 0
	                             WHEN extract(epoch FROM ($4::timestamptz - captured_at)) < $5 THEN 1
	                             ELSE 2 END AS age_class,
	                        floor(extract(epoch FROM captured_at) /
	                          CASE WHEN extract(epoch FROM ($6::timestamptz - captured_at)) < $7 THEN $8
	                               WHEN extract(epoch FROM ($9::timestamptz - captured_at)) < $10 THEN $11
	                               ELSE $12 END) AS bucket
	                 FROM output_snapshot_history
	                 WHERE output_id = ANY($13)
	               ) classed
	               WINDOW w AS (PARTITION BY output_id ORDER BY captured_at DESC, id DESC)
	             ) ranked
	             WHERE recency > $14 AND prev_class = age_class AND prev_bucket = bucket)
	Query Parameters: $1 = '{o0,o1,o10,o100,o101,o102,o103,o104,o105,o106,o107}', $2 = '2026-10-10 00:00:00-07', $3 = '86400', $4 = '2026-10-10 00:00:00-07', $5 = '604800', $6 = '2026-10-10 00:00:00-07', $7 = '86400', $8 = '300', $9 = '2026-10-10 00:00:00-07', $10 = '604800', $11 = '3600', $12 = '86400', $13 = '{o0,o1,o10,o100,o101,o102,o103,o104,o105,o106,o107}', $14 = '102'
	Delete on output_snapshot_history  (cost=62263.33..62271.36 rows=0 width=0) (actual time=88.967..88.970 rows=0 loops=1)
	  Buffers: shared hit=94032
	  WAL: records=17545 bytes=947430
	  ->  Nested Loop  (cost=62263.33..62271.36 rows=1 width=46) (actual time=49.560..84.696 rows=17545 loops=1)
	        Buffers: shared hit=76487
	        ->  HashAggregate  (cost=62262.87..62262.88 rows=1 width=56) (actual time=49.534..52.552 rows=17545 loops=1)
	              Group Key: ranked.id
	              Batches: 1  Memory Usage: 3369kB
	              Buffers: shared hit=6307
	              ->  Subquery Scan on ranked  (cost=59414.00..62262.87 rows=1 width=56) (actual time=15.228..45.923 rows=17545 loops=1)
	                    Filter: ((ranked.recency > 102) AND (ranked.prev_class = ranked.age_class) AND (ranked.prev_bucket = ranked.bucket))
	                    Rows Removed by Filter: 5496
	                    Buffers: shared hit=6307
	                    ->  WindowAgg  (cost=59414.00..61864.03 rows=22791 width=108) (actual time=14.955..42.541 rows=23041 loops=1)
	                          Buffers: shared hit=6307
	                          ->  Sort  (cost=59414.00..59470.97 rows=22791 width=28) (actual time=14.918..16.249 rows=23041 loops=1)
	                                Sort Key: output_snapshot_history_1.output_id, output_snapshot_history_1.captured_at DESC, output_snapshot_history_1.id DESC
	                                Sort Method: quicksort  Memory: 2029kB
	                                Buffers: shared hit=6307
	                                ->  Bitmap Heap Scan on output_snapshot_history output_snapshot_history_1  (cost=797.37..57764.36 rows=22791 width=28) (actual time=1.659..6.737 rows=23041 loops=1)
	                                      Recheck Cond: (output_id = ANY ('{o0,o1,o10,o100,o101,o102,o103,o104,o105,o106,o107}'::text[]))
	                                      Heap Blocks: exact=6116
	                                      Buffers: shared hit=6298
	                                      ->  Bitmap Index Scan on idx_output_snapshot_history_output_captured  (cost=0.00..791.64 rows=22791 width=0) (actual time=1.172..1.172 rows=23041 loops=1)
	                                            Index Cond: (output_id = ANY ('{o0,o1,o10,o100,o101,o102,o103,o104,o105,o106,o107}'::text[]))
	                                            Buffers: shared hit=182
	        ->  Index Scan using output_snapshot_history_pkey on output_snapshot_history  (cost=0.46..8.48 rows=1 width=22) (actual time=0.002..0.002 rows=1 loops=17545)
	              Index Cond: (id = ranked.id)
	              Filter: (output_id = ANY ('{o0,o1,o10,o100,o101,o102,o103,o104,o105,o106,o107}'::text[]))
	              Buffers: shared hit=70180
2026-10-10 07:36:34.373 UTC [1256] hel1435-S3-desktop-R25000-b28-explain-r1 LOG:  duration: 3.592 ms  plan:
	Query Text: SELECT count(*) FROM (SELECT 1 FROM output_snapshot_history WHERE output_id = $1 LIMIT $2) x
	Query Parameters: $1 = 'o392', $2 = '25001'
	Aggregate  (cost=122.59..122.60 rows=1 width=8) (actual time=3.588..3.589 rows=1 loops=1)
	  Buffers: shared hit=1422 read=193 written=41
	  ->  Limit  (cost=0.43..96.69 rows=2072 width=4) (actual time=0.028..3.508 rows=2051 loops=1)
	        Buffers: shared hit=1422 read=193 written=41
	        ->  Index Only Scan using idx_output_snapshot_history_output_captured on output_snapshot_history  (cost=0.43..96.69 rows=2072 width=4) (actual time=0.028..3.410 rows=2051 loops=1)
	              Index Cond: (output_id = 'o392'::text)
	              Heap Fetches: 1595
	              Buffers: shared hit=1422 read=193 written=41
2026-10-10 07:36:34.520 UTC [1256] hel1435-S3-desktop-R25000-b28-explain-r1 LOG:  duration: 132.013 ms  plan:
	Query Text: DELETE FROM output_snapshot_history WHERE output_id = ANY($1) AND id IN (
	             SELECT id FROM (
	               SELECT id, age_class, bucket,
	                      row_number() OVER w AS recency,
	                      lag(age_class) OVER w AS prev_class,
	                      lag(bucket) OVER w AS prev_bucket
	               FROM (
	                 SELECT id, output_id, captured_at,
	                        CASE WHEN extract(epoch FROM ($2::timestamptz - captured_at)) < $3 THEN 0
	                             WHEN extract(epoch FROM ($4::timestamptz - captured_at)) < $5 THEN 1
	                             ELSE 2 END AS age_class,
	                        floor(extract(epoch FROM captured_at) /
	                          CASE WHEN extract(epoch FROM ($6::timestamptz - captured_at)) < $7 THEN $8
	                               WHEN extract(epoch FROM ($9::timestamptz - captured_at)) < $10 THEN $11
	                               ELSE $12 END) AS bucket
	                 FROM output_snapshot_history
	                 WHERE output_id = ANY($13)
	               ) classed
	               WINDOW w AS (PARTITION BY output_id ORDER BY captured_at DESC, id DESC)
	             ) ranked
	             WHERE recency > $14 AND prev_class = age_class AND prev_bucket = bucket)
	Query Parameters: $1 = '{o392,o393,o394,o395,o396,o397,o398,o399,o4,o40,o400,o401}', $2 = '2026-10-10 00:00:00-07', $3 = '86400', $4 = '2026-10-10 00:00:00-07', $5 = '604800', $6 = '2026-10-10 00:00:00-07', $7 = '86400', $8 = '300', $9 = '2026-10-10 00:00:00-07', $10 = '604800', $11 = '3600', $12 = '86400', $13 = '{o392,o393,o394,o395,o396,o397,o398,o399,o4,o40,o400,o401}', $14 = '102'
	Delete on output_snapshot_history  (cost=66287.79..66295.83 rows=0 width=0) (actual time=132.009..132.012 rows=0 loops=1)
	  Buffers: shared hit=96682 read=6442 dirtied=4049 written=2547
	  WAL: records=19140 fpi=2737 bytes=22592909
	  ->  Nested Loop  (cost=66287.79..66295.83 rows=1 width=46) (actual time=58.893..118.003 rows=19140 loops=1)
	        Buffers: shared hit=77542 read=6442 written=2547
	        ->  HashAggregate  (cost=66287.33..66287.34 rows=1 width=56) (actual time=58.864..62.530 rows=19140 loops=1)
	              Group Key: ranked.id
	              Batches: 1  Memory Usage: 3369kB
	              Buffers: shared hit=6301 read=1123 written=220
	              ->  Subquery Scan on ranked  (cost=63179.46..66287.33 rows=1 width=56) (actual time=22.716..55.147 rows=19140 loops=1)
	                    Filter: ((ranked.recency > 102) AND (ranked.prev_class = ranked.age_class) AND (ranked.prev_bucket = ranked.bucket))
	                    Rows Removed by Filter: 5472
	                    Buffers: shared hit=6301 read=1123 written=220
	                    ->  WindowAgg  (cost=63179.46..65852.23 rows=24863 width=108) (actual time=22.430..51.616 rows=24612 loops=1)
	                          Buffers: shared hit=6301 read=1123 written=220
	                          ->  Sort  (cost=63179.46..63241.61 rows=24863 width=28) (actual time=22.367..24.311 rows=24612 loops=1)
	                                Sort Key: output_snapshot_history_1.output_id, output_snapshot_history_1.captured_at DESC, output_snapshot_history_1.id DESC
	                                Sort Method: quicksort  Memory: 2114kB
	                                Buffers: shared hit=6301 read=1123 written=220
	                                ->  Bitmap Heap Scan on output_snapshot_history output_snapshot_history_1  (cost=865.86..61364.25 rows=24863 width=28) (actual time=2.059..13.286 rows=24612 loops=1)
	                                      Recheck Cond: (output_id = ANY ('{o392,o393,o394,o395,o396,o397,o398,o399,o4,o40,o400,o401}'::text[]))
	                                      Heap Blocks: exact=7223
	                                      Buffers: shared hit=6292 read=1123 written=220
	                                      ->  Bitmap Index Scan on idx_output_snapshot_history_output_captured  (cost=0.00..859.61 rows=24863 width=0) (actual time=1.567..1.568 rows=24612 loops=1)
	                                            Index Cond: (output_id = ANY ('{o392,o393,o394,o395,o396,o397,o398,o399,o4,o40,o400,o401}'::text[]))
	                                            Buffers: shared hit=192
	        ->  Index Scan using output_snapshot_history_pkey on output_snapshot_history  (cost=0.46..8.48 rows=1 width=22) (actual time=0.003..0.003 rows=1 loops=19140)
	              Index Cond: (id = ranked.id)
	              Filter: (output_id = ANY ('{o392,o393,o394,o395,o396,o397,o398,o399,o4,o40,o400,o401}'::text[]))
	              Buffers: shared hit=71241 read=5319 written=2327
2026-10-10 07:36:34.657 UTC [1258] hel1435-S3-desktop-R25000-b28-explain-r2 LOG:  duration: 101.497 ms  plan:
	Query Text: DELETE FROM output_snapshot_history WHERE output_id = ANY($1) AND id IN (
	             SELECT id FROM (
	               SELECT id, age_class, bucket,
	                      row_number() OVER w AS recency,
	                      lag(age_class) OVER w AS prev_class,
	                      lag(bucket) OVER w AS prev_bucket
	               FROM (
	                 SELECT id, output_id, captured_at,
	                        CASE WHEN extract(epoch FROM ($2::timestamptz - captured_at)) < $3 THEN 0
	                             WHEN extract(epoch FROM ($4::timestamptz - captured_at)) < $5 THEN 1
	                             ELSE 2 END AS age_class,
	                        floor(extract(epoch FROM captured_at) /
	                          CASE WHEN extract(epoch FROM ($6::timestamptz - captured_at)) < $7 THEN $8
	                               WHEN extract(epoch FROM ($9::timestamptz - captured_at)) < $10 THEN $11
	                               ELSE $12 END) AS bucket
	                 FROM output_snapshot_history
	                 WHERE output_id = ANY($13)
	               ) classed
	               WINDOW w AS (PARTITION BY output_id ORDER BY captured_at DESC, id DESC)
	             ) ranked
	             WHERE recency > $14 AND prev_class = age_class AND prev_bucket = bucket)
	Query Parameters: $1 = '{o392,o393,o394,o395,o396,o397,o398,o399,o4,o40,o400,o401}', $2 = '2026-10-10 00:00:00-07', $3 = '86400', $4 = '2026-10-10 00:00:00-07', $5 = '604800', $6 = '2026-10-10 00:00:00-07', $7 = '86400', $8 = '300', $9 = '2026-10-10 00:00:00-07', $10 = '604800', $11 = '3600', $12 = '86400', $13 = '{o392,o393,o394,o395,o396,o397,o398,o399,o4,o40,o400,o401}', $14 = '102'
	Delete on output_snapshot_history  (cost=66287.79..66295.83 rows=0 width=0) (actual time=101.493..101.496 rows=0 loops=1)
	  Buffers: shared hit=103124
	  WAL: records=19140 bytes=1033560
	  ->  Nested Loop  (cost=66287.79..66295.83 rows=1 width=46) (actual time=54.415..96.777 rows=19140 loops=1)
	        Buffers: shared hit=83984
	        ->  HashAggregate  (cost=66287.33..66287.34 rows=1 width=56) (actual time=54.380..57.809 rows=19140 loops=1)
	              Group Key: ranked.id
	              Batches: 1  Memory Usage: 3369kB
	              Buffers: shared hit=7424
	              ->  Subquery Scan on ranked  (cost=63179.46..66287.33 rows=1 width=56) (actual time=19.215..50.824 rows=19140 loops=1)
	                    Filter: ((ranked.recency > 102) AND (ranked.prev_class = ranked.age_class) AND (ranked.prev_bucket = ranked.bucket))
	                    Rows Removed by Filter: 5472
	                    Buffers: shared hit=7424
	                    ->  WindowAgg  (cost=63179.46..65852.23 rows=24863 width=108) (actual time=18.900..47.247 rows=24612 loops=1)
	                          Buffers: shared hit=7424
	                          ->  Sort  (cost=63179.46..63241.61 rows=24863 width=28) (actual time=18.852..20.494 rows=24612 loops=1)
	                                Sort Key: output_snapshot_history_1.output_id, output_snapshot_history_1.captured_at DESC, output_snapshot_history_1.id DESC
	                                Sort Method: quicksort  Memory: 2114kB
	                                Buffers: shared hit=7424
	                                ->  Bitmap Heap Scan on output_snapshot_history output_snapshot_history_1  (cost=865.86..61364.25 rows=24863 width=28) (actual time=2.437..9.614 rows=24612 loops=1)
	                                      Recheck Cond: (output_id = ANY ('{o392,o393,o394,o395,o396,o397,o398,o399,o4,o40,o400,o401}'::text[]))
	                                      Heap Blocks: exact=7223
	                                      Buffers: shared hit=7415
	                                      ->  Bitmap Index Scan on idx_output_snapshot_history_output_captured  (cost=0.00..859.61 rows=24863 width=0) (actual time=1.947..1.947 rows=24612 loops=1)
	                                            Index Cond: (output_id = ANY ('{o392,o393,o394,o395,o396,o397,o398,o399,o4,o40,o400,o401}'::text[]))
	                                            Buffers: shared hit=192
	        ->  Index Scan using output_snapshot_history_pkey on output_snapshot_history  (cost=0.46..8.48 rows=1 width=22) (actual time=0.002..0.002 rows=1 loops=19140)
	              Index Cond: (id = ranked.id)
	              Filter: (output_id = ANY ('{o392,o393,o394,o395,o396,o397,o398,o399,o4,o40,o400,o401}'::text[]))
	              Buffers: shared hit=76560
2026-10-10 07:36:34.782 UTC [1260] hel1435-S3-desktop-R25000-b28-explain-r3 LOG:  duration: 92.145 ms  plan:
	Query Text: DELETE FROM output_snapshot_history WHERE output_id = ANY($1) AND id IN (
	             SELECT id FROM (
	               SELECT id, age_class, bucket,
	                      row_number() OVER w AS recency,
	                      lag(age_class) OVER w AS prev_class,
	                      lag(bucket) OVER w AS prev_bucket
	               FROM (
	                 SELECT id, output_id, captured_at,
	                        CASE WHEN extract(epoch FROM ($2::timestamptz - captured_at)) < $3 THEN 0
	                             WHEN extract(epoch FROM ($4::timestamptz - captured_at)) < $5 THEN 1
	                             ELSE 2 END AS age_class,
	                        floor(extract(epoch FROM captured_at) /
	                          CASE WHEN extract(epoch FROM ($6::timestamptz - captured_at)) < $7 THEN $8
	                               WHEN extract(epoch FROM ($9::timestamptz - captured_at)) < $10 THEN $11
	                               ELSE $12 END) AS bucket
	                 FROM output_snapshot_history
	                 WHERE output_id = ANY($13)
	               ) classed
	               WINDOW w AS (PARTITION BY output_id ORDER BY captured_at DESC, id DESC)
	             ) ranked
	             WHERE recency > $14 AND prev_class = age_class AND prev_bucket = bucket)
	Query Parameters: $1 = '{o392,o393,o394,o395,o396,o397,o398,o399,o4,o40,o400,o401}', $2 = '2026-10-10 00:00:00-07', $3 = '86400', $4 = '2026-10-10 00:00:00-07', $5 = '604800', $6 = '2026-10-10 00:00:00-07', $7 = '86400', $8 = '300', $9 = '2026-10-10 00:00:00-07', $10 = '604800', $11 = '3600', $12 = '86400', $13 = '{o392,o393,o394,o395,o396,o397,o398,o399,o4,o40,o400,o401}', $14 = '102'
	Delete on output_snapshot_history  (cost=66287.79..66295.83 rows=0 width=0) (actual time=92.141..92.144 rows=0 loops=1)
	  Buffers: shared hit=103124
	  WAL: records=19140 bytes=1033560
	  ->  Nested Loop  (cost=66287.79..66295.83 rows=1 width=46) (actual time=49.866..87.459 rows=19140 loops=1)
	        Buffers: shared hit=83984
	        ->  HashAggregate  (cost=66287.33..66287.34 rows=1 width=56) (actual time=49.850..53.125 rows=19140 loops=1)
	              Group Key: ranked.id
	              Batches: 1  Memory Usage: 3369kB
	              Buffers: shared hit=7424
	              ->  Subquery Scan on ranked  (cost=63179.46..66287.33 rows=1 width=56) (actual time=16.293..46.454 rows=19140 loops=1)
	                    Filter: ((ranked.recency > 102) AND (ranked.prev_class = ranked.age_class) AND (ranked.prev_bucket = ranked.bucket))
	                    Rows Removed by Filter: 5472
	                    Buffers: shared hit=7424
	                    ->  WindowAgg  (cost=63179.46..65852.23 rows=24863 width=108) (actual time=16.021..42.949 rows=24612 loops=1)
	                          Buffers: shared hit=7424
	                          ->  Sort  (cost=63179.46..63241.61 rows=24863 width=28) (actual time=15.988..16.798 rows=24612 loops=1)
	                                Sort Key: output_snapshot_history_1.output_id, output_snapshot_history_1.captured_at DESC, output_snapshot_history_1.id DESC
	                                Sort Method: quicksort  Memory: 2114kB
	                                Buffers: shared hit=7424
	                                ->  Bitmap Heap Scan on output_snapshot_history output_snapshot_history_1  (cost=865.86..61364.25 rows=24863 width=28) (actual time=1.879..7.407 rows=24612 loops=1)
	                                      Recheck Cond: (output_id = ANY ('{o392,o393,o394,o395,o396,o397,o398,o399,o4,o40,o400,o401}'::text[]))
	                                      Heap Blocks: exact=7223
	                                      Buffers: shared hit=7415
	                                      ->  Bitmap Index Scan on idx_output_snapshot_history_output_captured  (cost=0.00..859.61 rows=24863 width=0) (actual time=1.392..1.392 rows=24612 loops=1)
	                                            Index Cond: (output_id = ANY ('{o392,o393,o394,o395,o396,o397,o398,o399,o4,o40,o400,o401}'::text[]))
	                                            Buffers: shared hit=192
	        ->  Index Scan using output_snapshot_history_pkey on output_snapshot_history  (cost=0.46..8.48 rows=1 width=22) (actual time=0.002..0.002 rows=1 loops=19140)
	              Index Cond: (id = ranked.id)
	              Filter: (output_id = ANY ('{o392,o393,o394,o395,o396,o397,o398,o399,o4,o40,o400,o401}'::text[]))
	              Buffers: shared hit=76560
2026-10-10 07:36:35.340 UTC [1268] hel1435-S3-desktop-R25000-b56-explain-r1 LOG:  duration: 119.811 ms  plan:
	Query Text: DELETE FROM output_snapshot_history WHERE output_id = ANY($1) AND id IN (
	             SELECT id FROM (
	               SELECT id, age_class, bucket,
	                      row_number() OVER w AS recency,
	                      lag(age_class) OVER w AS prev_class,
	                      lag(bucket) OVER w AS prev_bucket
	               FROM (
	                 SELECT id, output_id, captured_at,
	                        CASE WHEN extract(epoch FROM ($2::timestamptz - captured_at)) < $3 THEN 0
	                             WHEN extract(epoch FROM ($4::timestamptz - captured_at)) < $5 THEN 1
	                             ELSE 2 END AS age_class,
	                        floor(extract(epoch FROM captured_at) /
	                          CASE WHEN extract(epoch FROM ($6::timestamptz - captured_at)) < $7 THEN $8
	                               WHEN extract(epoch FROM ($9::timestamptz - captured_at)) < $10 THEN $11
	                               ELSE $12 END) AS bucket
	                 FROM output_snapshot_history
	                 WHERE output_id = ANY($13)
	               ) classed
	               WINDOW w AS (PARTITION BY output_id ORDER BY captured_at DESC, id DESC)
	             ) ranked
	             WHERE recency > $14 AND prev_class = age_class AND prev_bucket = bucket)
	Query Parameters: $1 = '{o688,o689,o69,o690,o691,o692,o693,o694,o695,o696,o697}', $2 = '2026-10-10 00:00:00-07', $3 = '86400', $4 = '2026-10-10 00:00:00-07', $5 = '604800', $6 = '2026-10-10 00:00:00-07', $7 = '86400', $8 = '300', $9 = '2026-10-10 00:00:00-07', $10 = '604800', $11 = '3600', $12 = '86400', $13 = '{o688,o689,o69,o690,o691,o692,o693,o694,o695,o696,o697}', $14 = '102'
	Delete on output_snapshot_history  (cost=62263.33..62271.36 rows=0 width=0) (actual time=119.806..119.810 rows=0 loops=1)
	  Buffers: shared hit=89666 read=3637 dirtied=4134 written=887
	  WAL: records=17545 fpi=2819 bytes=23152693
	  ->  Nested Loop  (cost=62263.33..62271.36 rows=1 width=46) (actual time=52.093..100.607 rows=17545 loops=1)
	        Buffers: shared hit=72121 read=3637 written=887
	        ->  HashAggregate  (cost=62262.87..62262.88 rows=1 width=56) (actual time=52.065..55.338 rows=17545 loops=1)
	              Group Key: ranked.id
	              Batches: 1  Memory Usage: 3369kB
	              Buffers: shared hit=4387 read=1191 written=520
	              ->  Subquery Scan on ranked  (cost=59414.00..62262.87 rows=1 width=56) (actual time=20.054..48.726 rows=17545 loops=1)
	                    Filter: ((ranked.recency > 102) AND (ranked.prev_class = ranked.age_class) AND (ranked.prev_bucket = ranked.bucket))
	                    Rows Removed by Filter: 5616
	                    Buffers: shared hit=4387 read=1191 written=520
	                    ->  WindowAgg  (cost=59414.00..61864.03 rows=22791 width=108) (actual time=19.784..45.435 rows=23161 loops=1)
	                          Buffers: shared hit=4387 read=1191 written=520
	                          ->  Sort  (cost=59414.00..59470.97 rows=22791 width=28) (actual time=19.744..20.513 rows=23161 loops=1)
	                                Sort Key: output_snapshot_history_1.output_id, output_snapshot_history_1.captured_at DESC, output_snapshot_history_1.id DESC
	                                Sort Method: quicksort  Memory: 2035kB
	                                Buffers: shared hit=4387 read=1191 written=520
	                                ->  Bitmap Heap Scan on output_snapshot_history output_snapshot_history_1  (cost=797.37..57764.36 rows=22791 width=28) (actual time=1.520..11.313 rows=23161 loops=1)
	                                      Recheck Cond: (output_id = ANY ('{o688,o689,o69,o690,o691,o692,o693,o694,o695,o696,o697}'::text[]))
	                                      Heap Blocks: exact=5385
	                                      Buffers: shared hit=4378 read=1191 written=520
	                                      ->  Bitmap Index Scan on idx_output_snapshot_history_output_captured  (cost=0.00..791.64 rows=22791 width=0) (actual time=1.181..1.182 rows=23161 loops=1)
	                                            Index Cond: (output_id = ANY ('{o688,o689,o69,o690,o691,o692,o693,o694,o695,o696,o697}'::text[]))
	                                            Buffers: shared hit=184
	        ->  Index Scan using output_snapshot_history_pkey on output_snapshot_history  (cost=0.46..8.48 rows=1 width=22) (actual time=0.002..0.002 rows=1 loops=17545)
	              Index Cond: (id = ranked.id)
	              Filter: (output_id = ANY ('{o688,o689,o69,o690,o691,o692,o693,o694,o695,o696,o697}'::text[]))
	              Buffers: shared hit=67734 read=2446 written=367
2026-10-10 07:36:35.462 UTC [1270] hel1435-S3-desktop-R25000-b56-explain-r2 LOG:  duration: 88.168 ms  plan:
	Query Text: DELETE FROM output_snapshot_history WHERE output_id = ANY($1) AND id IN (
	             SELECT id FROM (
	               SELECT id, age_class, bucket,
	                      row_number() OVER w AS recency,
	                      lag(age_class) OVER w AS prev_class,
	                      lag(bucket) OVER w AS prev_bucket
	               FROM (
	                 SELECT id, output_id, captured_at,
	                        CASE WHEN extract(epoch FROM ($2::timestamptz - captured_at)) < $3 THEN 0
	                             WHEN extract(epoch FROM ($4::timestamptz - captured_at)) < $5 THEN 1
	                             ELSE 2 END AS age_class,
	                        floor(extract(epoch FROM captured_at) /
	                          CASE WHEN extract(epoch FROM ($6::timestamptz - captured_at)) < $7 THEN $8
	                               WHEN extract(epoch FROM ($9::timestamptz - captured_at)) < $10 THEN $11
	                               ELSE $12 END) AS bucket
	                 FROM output_snapshot_history
	                 WHERE output_id = ANY($13)
	               ) classed
	               WINDOW w AS (PARTITION BY output_id ORDER BY captured_at DESC, id DESC)
	             ) ranked
	             WHERE recency > $14 AND prev_class = age_class AND prev_bucket = bucket)
	Query Parameters: $1 = '{o688,o689,o69,o690,o691,o692,o693,o694,o695,o696,o697}', $2 = '2026-10-10 00:00:00-07', $3 = '86400', $4 = '2026-10-10 00:00:00-07', $5 = '604800', $6 = '2026-10-10 00:00:00-07', $7 = '86400', $8 = '300', $9 = '2026-10-10 00:00:00-07', $10 = '604800', $11 = '3600', $12 = '86400', $13 = '{o688,o689,o69,o690,o691,o692,o693,o694,o695,o696,o697}', $14 = '102'
	Delete on output_snapshot_history  (cost=62263.33..62271.36 rows=0 width=0) (actual time=88.164..88.167 rows=0 loops=1)
	  Buffers: shared hit=93303
	  WAL: records=17545 bytes=947430
	  ->  Nested Loop  (cost=62263.33..62271.36 rows=1 width=46) (actual time=47.174..84.166 rows=17545 loops=1)
	        Buffers: shared hit=75758
	        ->  HashAggregate  (cost=62262.87..62262.88 rows=1 width=56) (actual time=47.139..50.040 rows=17545 loops=1)
	              Group Key: ranked.id
	              Batches: 1  Memory Usage: 3369kB
	              Buffers: shared hit=5578
	              ->  Subquery Scan on ranked  (cost=59414.00..62262.87 rows=1 width=56) (actual time=14.923..43.696 rows=17545 loops=1)
	                    Filter: ((ranked.recency > 102) AND (ranked.prev_class = ranked.age_class) AND (ranked.prev_bucket = ranked.bucket))
	                    Rows Removed by Filter: 5616
	                    Buffers: shared hit=5578
	                    ->  WindowAgg  (cost=59414.00..61864.03 rows=22791 width=108) (actual time=14.652..40.418 rows=23161 loops=1)
	                          Buffers: shared hit=5578
	                          ->  Sort  (cost=59414.00..59470.97 rows=22791 width=28) (actual time=14.618..15.593 rows=23161 loops=1)
	                                Sort Key: output_snapshot_history_1.output_id, output_snapshot_history_1.captured_at DESC, output_snapshot_history_1.id DESC
	                                Sort Method: quicksort  Memory: 2035kB
	                                Buffers: shared hit=5578
	                                ->  Bitmap Heap Scan on output_snapshot_history output_snapshot_history_1  (cost=797.37..57764.36 rows=22791 width=28) (actual time=1.386..6.372 rows=23161 loops=1)
	                                      Recheck Cond: (output_id = ANY ('{o688,o689,o69,o690,o691,o692,o693,o694,o695,o696,o697}'::text[]))
	                                      Heap Blocks: exact=5385
	                                      Buffers: shared hit=5569
	                                      ->  Bitmap Index Scan on idx_output_snapshot_history_output_captured  (cost=0.00..791.64 rows=22791 width=0) (actual time=1.048..1.048 rows=23161 loops=1)
	                                            Index Cond: (output_id = ANY ('{o688,o689,o69,o690,o691,o692,o693,o694,o695,o696,o697}'::text[]))
	                                            Buffers: shared hit=184
	        ->  Index Scan using output_snapshot_history_pkey on output_snapshot_history  (cost=0.46..8.48 rows=1 width=22) (actual time=0.002..0.002 rows=1 loops=17545)
	              Index Cond: (id = ranked.id)
	              Filter: (output_id = ANY ('{o688,o689,o69,o690,o691,o692,o693,o694,o695,o696,o697}'::text[]))
	              Buffers: shared hit=70180
2026-10-10 07:36:35.582 UTC [1272] hel1435-S3-desktop-R25000-b56-explain-r3 LOG:  duration: 90.216 ms  plan:
	Query Text: DELETE FROM output_snapshot_history WHERE output_id = ANY($1) AND id IN (
	             SELECT id FROM (
	               SELECT id, age_class, bucket,
	                      row_number() OVER w AS recency,
	                      lag(age_class) OVER w AS prev_class,
	                      lag(bucket) OVER w AS prev_bucket
	               FROM (
	                 SELECT id, output_id, captured_at,
	                        CASE WHEN extract(epoch FROM ($2::timestamptz - captured_at)) < $3 THEN 0
	                             WHEN extract(epoch FROM ($4::timestamptz - captured_at)) < $5 THEN 1
	                             ELSE 2 END AS age_class,
	                        floor(extract(epoch FROM captured_at) /
	                          CASE WHEN extract(epoch FROM ($6::timestamptz - captured_at)) < $7 THEN $8
	                               WHEN extract(epoch FROM ($9::timestamptz - captured_at)) < $10 THEN $11
	                               ELSE $12 END) AS bucket
	                 FROM output_snapshot_history
	                 WHERE output_id = ANY($13)
	               ) classed
	               WINDOW w AS (PARTITION BY output_id ORDER BY captured_at DESC, id DESC)
	             ) ranked
	             WHERE recency > $14 AND prev_class = age_class AND prev_bucket = bucket)
	Query Parameters: $1 = '{o688,o689,o69,o690,o691,o692,o693,o694,o695,o696,o697}', $2 = '2026-10-10 00:00:00-07', $3 = '86400', $4 = '2026-10-10 00:00:00-07', $5 = '604800', $6 = '2026-10-10 00:00:00-07', $7 = '86400', $8 = '300', $9 = '2026-10-10 00:00:00-07', $10 = '604800', $11 = '3600', $12 = '86400', $13 = '{o688,o689,o69,o690,o691,o692,o693,o694,o695,o696,o697}', $14 = '102'
	Delete on output_snapshot_history  (cost=62263.33..62271.36 rows=0 width=0) (actual time=90.212..90.215 rows=0 loops=1)
	  Buffers: shared hit=93303
	  WAL: records=17545 bytes=947430
	  ->  Nested Loop  (cost=62263.33..62271.36 rows=1 width=46) (actual time=47.246..85.837 rows=17545 loops=1)
	        Buffers: shared hit=75758
	        ->  HashAggregate  (cost=62262.87..62262.88 rows=1 width=56) (actual time=47.211..50.175 rows=17545 loops=1)
	              Group Key: ranked.id
	              Batches: 1  Memory Usage: 3369kB
	              Buffers: shared hit=5578
	              ->  Subquery Scan on ranked  (cost=59414.00..62262.87 rows=1 width=56) (actual time=14.715..43.842 rows=17545 loops=1)
	                    Filter: ((ranked.recency > 102) AND (ranked.prev_class = ranked.age_class) AND (ranked.prev_bucket = ranked.bucket))
	                    Rows Removed by Filter: 5616
	                    Buffers: shared hit=5578
	                    ->  WindowAgg  (cost=59414.00..61864.03 rows=22791 width=108) (actual time=14.449..40.568 rows=23161 loops=1)
	                          Buffers: shared hit=5578
	                          ->  Sort  (cost=59414.00..59470.97 rows=22791 width=28) (actual time=14.414..15.321 rows=23161 loops=1)
	                                Sort Key: output_snapshot_history_1.output_id, output_snapshot_history_1.captured_at DESC, output_snapshot_history_1.id DESC
	                                Sort Method: quicksort  Memory: 2035kB
	                                Buffers: shared hit=5578
	                                ->  Bitmap Heap Scan on output_snapshot_history output_snapshot_history_1  (cost=797.37..57764.36 rows=22791 width=28) (actual time=1.410..6.370 rows=23161 loops=1)
	                                      Recheck Cond: (output_id = ANY ('{o688,o689,o69,o690,o691,o692,o693,o694,o695,o696,o697}'::text[]))
	                                      Heap Blocks: exact=5385
	                                      Buffers: shared hit=5569
	                                      ->  Bitmap Index Scan on idx_output_snapshot_history_output_captured  (cost=0.00..791.64 rows=22791 width=0) (actual time=1.072..1.072 rows=23161 loops=1)
	                                            Index Cond: (output_id = ANY ('{o688,o689,o69,o690,o691,o692,o693,o694,o695,o696,o697}'::text[]))
	                                            Buffers: shared hit=184
	        ->  Index Scan using output_snapshot_history_pkey on output_snapshot_history  (cost=0.46..8.48 rows=1 width=22) (actual time=0.002..0.002 rows=1 loops=17545)
	              Index Cond: (id = ranked.id)
	              Filter: (output_id = ANY ('{o688,o689,o69,o690,o691,o692,o693,o694,o695,o696,o697}'::text[]))
	              Buffers: shared hit=70180
2026-10-10 07:36:36.060 UTC [1280] hel1435-S3-desktop-R25000-b85-explain-r1 LOG:  duration: 88.374 ms  plan:
	Query Text: DELETE FROM output_snapshot_history WHERE output_id = ANY($1) AND id IN (
	             SELECT id FROM (
	               SELECT id, age_class, bucket,
	                      row_number() OVER w AS recency,
	                      lag(age_class) OVER w AS prev_class,
	                      lag(bucket) OVER w AS prev_bucket
	               FROM (
	                 SELECT id, output_id, captured_at,
	                        CASE WHEN extract(epoch FROM ($2::timestamptz - captured_at)) < $3 THEN 0
	                             WHEN extract(epoch FROM ($4::timestamptz - captured_at)) < $5 THEN 1
	                             ELSE 2 END AS age_class,
	                        floor(extract(epoch FROM captured_at) /
	                          CASE WHEN extract(epoch FROM ($6::timestamptz - captured_at)) < $7 THEN $8
	                               WHEN extract(epoch FROM ($9::timestamptz - captured_at)) < $10 THEN $11
	                               ELSE $12 END) AS bucket
	                 FROM output_snapshot_history
	                 WHERE output_id = ANY($13)
	               ) classed
	               WINDOW w AS (PARTITION BY output_id ORDER BY captured_at DESC, id DESC)
	             ) ranked
	             WHERE recency > $14 AND prev_class = age_class AND prev_bucket = bucket)
	Query Parameters: $1 = '{o990,o991,o992,o993,o994,o995,o996,o997,o998,o999}', $2 = '2026-10-10 00:00:00-07', $3 = '86400', $4 = '2026-10-10 00:00:00-07', $5 = '604800', $6 = '2026-10-10 00:00:00-07', $7 = '86400', $8 = '300', $9 = '2026-10-10 00:00:00-07', $10 = '604800', $11 = '3600', $12 = '86400', $13 = '{o990,o991,o992,o993,o994,o995,o996,o997,o998,o999}', $14 = '102'
	Delete on output_snapshot_history  (cost=58042.06..58050.10 rows=0 width=0) (actual time=88.370..88.373 rows=0 loops=1)
	  Buffers: shared hit=79039 read=3846 dirtied=1142 written=1620
	  WAL: records=15950 fpi=708 bytes=6438216
	  ->  Nested Loop  (cost=58042.06..58050.10 rows=1 width=46) (actual time=41.916..82.727 rows=15950 loops=1)
	        Buffers: shared hit=63089 read=3846 written=1620
	        ->  HashAggregate  (cost=58041.61..58041.62 rows=1 width=56) (actual time=41.885..44.646 rows=15950 loops=1)
	              Group Key: ranked.id
	              Batches: 1  Memory Usage: 3113kB
	              Buffers: shared hit=2640 read=495
	              ->  Subquery Scan on ranked  (cost=55451.73..58041.61 rows=1 width=56) (actual time=14.159..38.858 rows=15950 loops=1)
	                    Filter: ((ranked.recency > 102) AND (ranked.prev_class = ranked.age_class) AND (ranked.prev_bucket = ranked.bucket))
	                    Rows Removed by Filter: 4560
	                    Buffers: shared hit=2640 read=495
	                    ->  WindowAgg  (cost=55451.73..57679.03 rows=20719 width=108) (actual time=13.892..35.914 rows=20510 loops=1)
	                          Buffers: shared hit=2640 read=495
	                          ->  Sort  (cost=55451.73..55503.53 rows=20719 width=28) (actual time=13.853..14.534 rows=20510 loops=1)
	                                Sort Key: output_snapshot_history_1.output_id, output_snapshot_history_1.captured_at DESC, output_snapshot_history_1.id DESC
	                                Sort Method: quicksort  Memory: 1890kB
	                                Buffers: shared hit=2640 read=495
	                                ->  Bitmap Heap Scan on output_snapshot_history output_snapshot_history_1  (cost=724.88..53966.32 rows=20719 width=28) (actual time=1.066..6.573 rows=20510 loops=1)
	                                      Recheck Cond: (output_id = ANY ('{o990,o991,o992,o993,o994,o995,o996,o997,o998,o999}'::text[]))
	                                      Heap Blocks: exact=2962
	                                      Buffers: shared hit=2631 read=495
	                                      ->  Bitmap Index Scan on idx_output_snapshot_history_output_captured  (cost=0.00..719.67 rows=20719 width=0) (actual time=0.882..0.882 rows=20510 loops=1)
	                                            Index Cond: (output_id = ANY ('{o990,o991,o992,o993,o994,o995,o996,o997,o998,o999}'::text[]))
	                                            Buffers: shared hit=164
	        ->  Index Scan using output_snapshot_history_pkey on output_snapshot_history  (cost=0.45..8.48 rows=1 width=22) (actual time=0.002..0.002 rows=1 loops=15950)
	              Index Cond: (id = ranked.id)
	              Filter: (output_id = ANY ('{o990,o991,o992,o993,o994,o995,o996,o997,o998,o999}'::text[]))
	              Buffers: shared hit=60449 read=3351 written=1620
2026-10-10 07:36:36.162 UTC [1282] hel1435-S3-desktop-R25000-b85-explain-r2 LOG:  duration: 78.493 ms  plan:
	Query Text: DELETE FROM output_snapshot_history WHERE output_id = ANY($1) AND id IN (
	             SELECT id FROM (
	               SELECT id, age_class, bucket,
	                      row_number() OVER w AS recency,
	                      lag(age_class) OVER w AS prev_class,
	                      lag(bucket) OVER w AS prev_bucket
	               FROM (
	                 SELECT id, output_id, captured_at,
	                        CASE WHEN extract(epoch FROM ($2::timestamptz - captured_at)) < $3 THEN 0
	                             WHEN extract(epoch FROM ($4::timestamptz - captured_at)) < $5 THEN 1
	                             ELSE 2 END AS age_class,
	                        floor(extract(epoch FROM captured_at) /
	                          CASE WHEN extract(epoch FROM ($6::timestamptz - captured_at)) < $7 THEN $8
	                               WHEN extract(epoch FROM ($9::timestamptz - captured_at)) < $10 THEN $11
	                               ELSE $12 END) AS bucket
	                 FROM output_snapshot_history
	                 WHERE output_id = ANY($13)
	               ) classed
	               WINDOW w AS (PARTITION BY output_id ORDER BY captured_at DESC, id DESC)
	             ) ranked
	             WHERE recency > $14 AND prev_class = age_class AND prev_bucket = bucket)
	Query Parameters: $1 = '{o990,o991,o992,o993,o994,o995,o996,o997,o998,o999}', $2 = '2026-10-10 00:00:00-07', $3 = '86400', $4 = '2026-10-10 00:00:00-07', $5 = '604800', $6 = '2026-10-10 00:00:00-07', $7 = '86400', $8 = '300', $9 = '2026-10-10 00:00:00-07', $10 = '604800', $11 = '3600', $12 = '86400', $13 = '{o990,o991,o992,o993,o994,o995,o996,o997,o998,o999}', $14 = '102'
	Delete on output_snapshot_history  (cost=58042.06..58050.10 rows=0 width=0) (actual time=78.488..78.492 rows=0 loops=1)
	  Buffers: shared hit=82885
	  WAL: records=15950 bytes=861300
	  ->  Nested Loop  (cost=58042.06..58050.10 rows=1 width=46) (actual time=40.221..74.566 rows=15950 loops=1)
	        Buffers: shared hit=66935
	        ->  HashAggregate  (cost=58041.61..58041.62 rows=1 width=56) (actual time=40.195..43.034 rows=15950 loops=1)
	              Group Key: ranked.id
	              Batches: 1  Memory Usage: 3113kB
	              Buffers: shared hit=3135
	              ->  Subquery Scan on ranked  (cost=55451.73..58041.61 rows=1 width=56) (actual time=11.566..36.969 rows=15950 loops=1)
	                    Filter: ((ranked.recency > 102) AND (ranked.prev_class = ranked.age_class) AND (ranked.prev_bucket = ranked.bucket))
	                    Rows Removed by Filter: 4560
	                    Buffers: shared hit=3135
	                    ->  WindowAgg  (cost=55451.73..57679.03 rows=20719 width=108) (actual time=11.296..34.016 rows=20510 loops=1)
	                          Buffers: shared hit=3135
	                          ->  Sort  (cost=55451.73..55503.53 rows=20719 width=28) (actual time=11.260..12.195 rows=20510 loops=1)
	                                Sort Key: output_snapshot_history_1.output_id, output_snapshot_history_1.captured_at DESC, output_snapshot_history_1.id DESC
	                                Sort Method: quicksort  Memory: 1890kB
	                                Buffers: shared hit=3135
	                                ->  Bitmap Heap Scan on output_snapshot_history output_snapshot_history_1  (cost=724.88..53966.32 rows=20719 width=28) (actual time=0.985..4.057 rows=20510 loops=1)
	                                      Recheck Cond: (output_id = ANY ('{o990,o991,o992,o993,o994,o995,o996,o997,o998,o999}'::text[]))
	                                      Heap Blocks: exact=2962
	                                      Buffers: shared hit=3126
	                                      ->  Bitmap Index Scan on idx_output_snapshot_history_output_captured  (cost=0.00..719.67 rows=20719 width=0) (actual time=0.806..0.806 rows=20510 loops=1)
	                                            Index Cond: (output_id = ANY ('{o990,o991,o992,o993,o994,o995,o996,o997,o998,o999}'::text[]))
	                                            Buffers: shared hit=164
	        ->  Index Scan using output_snapshot_history_pkey on output_snapshot_history  (cost=0.45..8.48 rows=1 width=22) (actual time=0.002..0.002 rows=1 loops=15950)
	              Index Cond: (id = ranked.id)
	              Filter: (output_id = ANY ('{o990,o991,o992,o993,o994,o995,o996,o997,o998,o999}'::text[]))
	              Buffers: shared hit=63800
2026-10-10 07:36:36.261 UTC [1284] hel1435-S3-desktop-R25000-b85-explain-r3 LOG:  duration: 75.657 ms  plan:
	Query Text: DELETE FROM output_snapshot_history WHERE output_id = ANY($1) AND id IN (
	             SELECT id FROM (
	               SELECT id, age_class, bucket,
	                      row_number() OVER w AS recency,
	                      lag(age_class) OVER w AS prev_class,
	                      lag(bucket) OVER w AS prev_bucket
	               FROM (
	                 SELECT id, output_id, captured_at,
	                        CASE WHEN extract(epoch FROM ($2::timestamptz - captured_at)) < $3 THEN 0
	                             WHEN extract(epoch FROM ($4::timestamptz - captured_at)) < $5 THEN 1
	                             ELSE 2 END AS age_class,
	                        floor(extract(epoch FROM captured_at) /
	                          CASE WHEN extract(epoch FROM ($6::timestamptz - captured_at)) < $7 THEN $8
	                               WHEN extract(epoch FROM ($9::timestamptz - captured_at)) < $10 THEN $11
	                               ELSE $12 END) AS bucket
	                 FROM output_snapshot_history
	                 WHERE output_id = ANY($13)
	               ) classed
	               WINDOW w AS (PARTITION BY output_id ORDER BY captured_at DESC, id DESC)
	             ) ranked
	             WHERE recency > $14 AND prev_class = age_class AND prev_bucket = bucket)
	Query Parameters: $1 = '{o990,o991,o992,o993,o994,o995,o996,o997,o998,o999}', $2 = '2026-10-10 00:00:00-07', $3 = '86400', $4 = '2026-10-10 00:00:00-07', $5 = '604800', $6 = '2026-10-10 00:00:00-07', $7 = '86400', $8 = '300', $9 = '2026-10-10 00:00:00-07', $10 = '604800', $11 = '3600', $12 = '86400', $13 = '{o990,o991,o992,o993,o994,o995,o996,o997,o998,o999}', $14 = '102'
	Delete on output_snapshot_history  (cost=58042.06..58050.10 rows=0 width=0) (actual time=75.652..75.655 rows=0 loops=1)
	  Buffers: shared hit=82885
	  WAL: records=15950 bytes=861300
	  ->  Nested Loop  (cost=58042.06..58050.10 rows=1 width=46) (actual time=40.458..71.886 rows=15950 loops=1)
	        Buffers: shared hit=66935
	        ->  HashAggregate  (cost=58041.61..58041.62 rows=1 width=56) (actual time=40.433..42.936 rows=15950 loops=1)
	              Group Key: ranked.id
	              Batches: 1  Memory Usage: 3113kB
	              Buffers: shared hit=3135
	              ->  Subquery Scan on ranked  (cost=55451.73..58041.61 rows=1 width=56) (actual time=12.038..37.360 rows=15950 loops=1)
	                    Filter: ((ranked.recency > 102) AND (ranked.prev_class = ranked.age_class) AND (ranked.prev_bucket = ranked.bucket))
	                    Rows Removed by Filter: 4560
	                    Buffers: shared hit=3135
	                    ->  WindowAgg  (cost=55451.73..57679.03 rows=20719 width=108) (actual time=11.775..34.420 rows=20510 loops=1)
	                          Buffers: shared hit=3135
	                          ->  Sort  (cost=55451.73..55503.53 rows=20719 width=28) (actual time=11.742..12.484 rows=20510 loops=1)
	                                Sort Key: output_snapshot_history_1.output_id, output_snapshot_history_1.captured_at DESC, output_snapshot_history_1.id DESC
	                                Sort Method: quicksort  Memory: 1890kB
	                                Buffers: shared hit=3135
	                                ->  Bitmap Heap Scan on output_snapshot_history output_snapshot_history_1  (cost=724.88..53966.32 rows=20719 width=28) (actual time=0.982..4.224 rows=20510 loops=1)
	                                      Recheck Cond: (output_id = ANY ('{o990,o991,o992,o993,o994,o995,o996,o997,o998,o999}'::text[]))
	                                      Heap Blocks: exact=2962
	                                      Buffers: shared hit=3126
	                                      ->  Bitmap Index Scan on idx_output_snapshot_history_output_captured  (cost=0.00..719.67 rows=20719 width=0) (actual time=0.808..0.808 rows=20510 loops=1)
	                                            Index Cond: (output_id = ANY ('{o990,o991,o992,o993,o994,o995,o996,o997,o998,o999}'::text[]))
	                                            Buffers: shared hit=164
	        ->  Index Scan using output_snapshot_history_pkey on output_snapshot_history  (cost=0.45..8.48 rows=1 width=22) (actual time=0.002..0.002 rows=1 loops=15950)
	              Index Cond: (id = ranked.id)
	              Filter: (output_id = ANY ('{o990,o991,o992,o993,o994,o995,o996,o997,o998,o999}'::text[]))
	              Buffers: shared hit=63800
