2026-10-10 08:04:00.236 UTC [33]  LOG:  checkpoint complete: wrote 49112 buffers (63.9%); 0 WAL file(s) added, 1 removed, 32 recycled; write=9.373 s, sync=0.001 s, total=9.405 s; sync files=1, longest=0.001 s, average=0.001 s; distance=535353 kB, estimate=567058 kB; lsn=2B/B6B6AC40, redo lsn=2B/97ACD5D8
2026-10-10 08:04:00.387 UTC [145] psql LOG:  temporary file: path "base/pgsql_tmp/pgsql_tmp145.109", size 2738736
2026-10-10 08:04:00.387 UTC [145] psql CONTEXT:  SQL statement "DELETE FROM output_snapshot_history WHERE id IN (
	               SELECT id FROM (
	                 SELECT id, row_number() OVER (
	                   PARTITION BY output_id, age_class, floor(epoch / bucket_secs)
	                   ORDER BY captured_at DESC, id DESC) AS rn
	                 FROM (
	                   SELECT id, output_id, captured_at,
	                          extract(epoch FROM captured_at) AS epoch,
	                          CASE WHEN extract(epoch FROM ('2026-10-10 07:00:00+00'::timestamptz - captured_at)) < 86400::bigint THEN 0
	                               WHEN extract(epoch FROM ('2026-10-10 07:00:00+00'::timestamptz - captured_at)) < 604800::bigint THEN 1
	                               ELSE 2 END AS age_class,
	                          CASE WHEN extract(epoch FROM ('2026-10-10 07:00:00+00'::timestamptz - captured_at)) < 86400::bigint THEN 300::bigint
	                               WHEN extract(epoch FROM ('2026-10-10 07:00:00+00'::timestamptz - captured_at)) < 604800::bigint THEN 3600::bigint
	                               ELSE 86400::bigint END AS bucket_secs
	                   FROM (
	                     SELECT id, output_id, captured_at,
	                            row_number() OVER (PARTITION BY output_id ORDER BY captured_at DESC, id DESC) AS recency
	                     FROM output_snapshot_history
	                   ) recent
	                   WHERE recency > 101
	                 ) classed
	               ) ranked WHERE rn > 1)"
	PL/pgSQL function pg_temp_3.perf_time(integer,integer) line 7 at EXECUTE
2026-10-10 08:04:00.387 UTC [145] psql STATEMENT:  SELECT pg_temp.perf_time(1, 1)
2026-10-10 08:04:00.406 UTC [145] psql LOG:  temporary file: path "base/pgsql_tmp/pgsql_tmp145.63", size 87695360
2026-10-10 08:04:00.406 UTC [145] psql CONTEXT:  SQL statement "DELETE FROM output_snapshot_history WHERE id IN (
	               SELECT id FROM (
	                 SELECT id, row_number() OVER (
	                   PARTITION BY output_id, age_class, floor(epoch / bucket_secs)
	                   ORDER BY captured_at DESC, id DESC) AS rn
	                 FROM (
	                   SELECT id, output_id, captured_at,
	                          extract(epoch FROM captured_at) AS epoch,
	                          CASE WHEN extract(epoch FROM ('2026-10-10 07:00:00+00'::timestamptz - captured_at)) < 86400::bigint THEN 0
	                               WHEN extract(epoch FROM ('2026-10-10 07:00:00+00'::timestamptz - captured_at)) < 604800::bigint THEN 1
	                               ELSE 2 END AS age_class,
	                          CASE WHEN extract(epoch FROM ('2026-10-10 07:00:00+00'::timestamptz - captured_at)) < 86400::bigint THEN 300::bigint
	                               WHEN extract(epoch FROM ('2026-10-10 07:00:00+00'::timestamptz - captured_at)) < 604800::bigint THEN 3600::bigint
	                               ELSE 86400::bigint END AS bucket_secs
	                   FROM (
	                     SELECT id, output_id, captured_at,
	                            row_number() OVER (PARTITION BY output_id ORDER BY captured_at DESC, id DESC) AS recency
	                     FROM output_snapshot_history
	                   ) recent
	                   WHERE recency > 101
	                 ) classed
	               ) ranked WHERE rn > 1)"
	PL/pgSQL function pg_temp_3.perf_time(integer,integer) line 7 at EXECUTE
2026-10-10 08:04:00.406 UTC [145] psql STATEMENT:  SELECT pg_temp.perf_time(1, 1)
2026-10-10 08:04:46.180 UTC [1202] hel1435-S3-prod-io-base-direct-R100000-b0-explain-r1 LOG:  duration: 9.490 ms  plan:
	Query Text: SELECT count(*) FROM (SELECT 1 FROM output_snapshot_history WHERE output_id = $1 LIMIT $2) x
	Query Parameters: $1 = 'o0', $2 = '100001'
	Aggregate  (cost=122.59..122.60 rows=1 width=8) (actual time=9.475..9.477 rows=1 loops=1)
	  Buffers: shared hit=1713
	  ->  Limit  (cost=0.43..96.69 rows=2072 width=4) (actual time=0.067..9.359 rows=2051 loops=1)
	        Buffers: shared hit=1713
	        ->  Index Only Scan using idx_output_snapshot_history_output_captured on output_snapshot_history  (cost=0.43..96.69 rows=2072 width=4) (actual time=0.065..9.226 rows=2051 loops=1)
	              Index Cond: (output_id = 'o0'::text)
	              Heap Fetches: 1693
	              Buffers: shared hit=1713
2026-10-10 08:04:46.218 UTC [1202] hel1435-S3-prod-io-base-direct-R100000-b0-explain-r1 LOG:  duration: 37.347 ms  plan:
	Query Text: SELECT count(*) FROM (SELECT 1 FROM output_snapshot_history WHERE output_id = $1 LIMIT $2) x
	Query Parameters: $1 = 'o1', $2 = '97950'
	Aggregate  (cost=122.59..122.60 rows=1 width=8) (actual time=37.330..37.332 rows=1 loops=1)
	  Buffers: shared hit=1713
	  ->  Limit  (cost=0.43..96.69 rows=2072 width=4) (actual time=0.028..37.252 rows=2051 loops=1)
	        Buffers: shared hit=1713
	        ->  Index Only Scan using idx_output_snapshot_history_output_captured on output_snapshot_history  (cost=0.43..96.69 rows=2072 width=4) (actual time=0.027..37.150 rows=2051 loops=1)
	              Index Cond: (output_id = 'o1'::text)
	              Heap Fetches: 1693
	              Buffers: shared hit=1713
2026-10-10 08:04:46.224 UTC [1202] hel1435-S3-prod-io-base-direct-R100000-b0-explain-r1 LOG:  duration: 5.345 ms  plan:
	Query Text: SELECT count(*) FROM (SELECT 1 FROM output_snapshot_history WHERE output_id = $1 LIMIT $2) x
	Query Parameters: $1 = 'o10', $2 = '95899'
	Aggregate  (cost=122.59..122.60 rows=1 width=8) (actual time=5.324..5.326 rows=1 loops=1)
	  Buffers: shared hit=1666
	  ->  Limit  (cost=0.43..96.69 rows=2072 width=4) (actual time=0.037..5.232 rows=2051 loops=1)
	        Buffers: shared hit=1666
	        ->  Index Only Scan using idx_output_snapshot_history_output_captured on output_snapshot_history  (cost=0.43..96.69 rows=2072 width=4) (actual time=0.036..5.113 rows=2051 loops=1)
	              Index Cond: (output_id = 'o10'::text)
	              Heap Fetches: 1645
	              Buffers: shared hit=1666
2026-10-10 08:04:46.232 UTC [1202] hel1435-S3-prod-io-base-direct-R100000-b0-explain-r1 LOG:  duration: 6.034 ms  plan:
	Query Text: SELECT count(*) FROM (SELECT 1 FROM output_snapshot_history WHERE output_id = $1 LIMIT $2) x
	Query Parameters: $1 = 'o100', $2 = '93848'
	Aggregate  (cost=122.59..122.60 rows=1 width=8) (actual time=6.024..6.025 rows=1 loops=1)
	  Buffers: shared hit=1615
	  ->  Limit  (cost=0.43..96.69 rows=2072 width=4) (actual time=0.041..5.890 rows=2111 loops=1)
	        Buffers: shared hit=1615
	        ->  Index Only Scan using idx_output_snapshot_history_output_captured on output_snapshot_history  (cost=0.43..96.69 rows=2072 width=4) (actual time=0.040..5.764 rows=2111 loops=1)
	              Index Cond: (output_id = 'o100'::text)
	              Heap Fetches: 1595
	              Buffers: shared hit=1615
2026-10-10 08:04:46.245 UTC [1202] hel1435-S3-prod-io-base-direct-R100000-b0-explain-r1 LOG:  duration: 4.750 ms  plan:
	Query Text: SELECT count(*) FROM (SELECT 1 FROM output_snapshot_history WHERE output_id = $1 LIMIT $2) x
	Query Parameters: $1 = 'o105', $2 = '83293'
	Aggregate  (cost=122.59..122.60 rows=1 width=8) (actual time=4.743..4.744 rows=1 loops=1)
	  Buffers: shared hit=1616
	  ->  Limit  (cost=0.43..96.69 rows=2072 width=4) (actual time=0.050..4.671 rows=2111 loops=1)
	        Buffers: shared hit=1616
	        ->  Index Only Scan using idx_output_snapshot_history_output_captured on output_snapshot_history  (cost=0.43..96.69 rows=2072 width=4) (actual time=0.049..4.574 rows=2111 loops=1)
	              Index Cond: (output_id = 'o105'::text)
	              Heap Fetches: 1595
	              Buffers: shared hit=1616
2026-10-10 08:04:46.250 UTC [1202] hel1435-S3-prod-io-base-direct-R100000-b0-explain-r1 LOG:  duration: 4.174 ms  plan:
	Query Text: SELECT count(*) FROM (SELECT 1 FROM output_snapshot_history WHERE output_id = $1 LIMIT $2) x
	Query Parameters: $1 = 'o106', $2 = '81182'
	Aggregate  (cost=12.66..12.67 rows=1 width=8) (actual time=4.172..4.173 rows=1 loops=1)
	  Buffers: shared hit=1616
	  ->  Limit  (cost=0.43..10.06 rows=208 width=4) (actual time=0.040..4.087 rows=2111 loops=1)
	        Buffers: shared hit=1616
	        ->  Index Only Scan using idx_output_snapshot_history_output_captured on output_snapshot_history  (cost=0.43..96.86 rows=2082 width=4) (actual time=0.038..3.970 rows=2111 loops=1)
	              Index Cond: (output_id = ($1)::text)
	              Heap Fetches: 1595
	              Buffers: shared hit=1616
2026-10-10 08:04:46.319 UTC [1202] hel1435-S3-prod-io-base-direct-R100000-b0-explain-r1 LOG:  duration: 46.860 ms  plan:
	Query Text: SELECT count(*) FROM (SELECT 1 FROM output_snapshot_history WHERE output_id = $1 LIMIT $2) x
	Query Parameters: $1 = 'o114', $2 = '62243'
	Aggregate  (cost=12.66..12.67 rows=1 width=8) (actual time=46.847..46.848 rows=1 loops=1)
	  Buffers: shared hit=1619
	  ->  Limit  (cost=0.43..10.06 rows=208 width=4) (actual time=0.023..46.772 rows=2386 loops=1)
	        Buffers: shared hit=1619
	        ->  Index Only Scan using idx_output_snapshot_history_output_captured on output_snapshot_history  (cost=0.43..96.86 rows=2082 width=4) (actual time=0.022..46.662 rows=2386 loops=1)
	              Index Cond: (output_id = ($1)::text)
	              Heap Fetches: 1596
	              Buffers: shared hit=1619
2026-10-10 08:04:46.330 UTC [1202] hel1435-S3-prod-io-base-direct-R100000-b0-explain-r1 LOG:  duration: 4.995 ms  plan:
	Query Text: SELECT count(*) FROM (SELECT 1 FROM output_snapshot_history WHERE output_id = $1 LIMIT $2) x
	Query Parameters: $1 = 'o117', $2 = '55085'
	Aggregate  (cost=12.66..12.67 rows=1 width=8) (actual time=4.992..4.992 rows=1 loops=1)
	  Buffers: shared hit=1619
	  ->  Limit  (cost=0.43..10.06 rows=208 width=4) (actual time=0.024..4.922 rows=2386 loops=1)
	        Buffers: shared hit=1619
	        ->  Index Only Scan using idx_output_snapshot_history_output_captured on output_snapshot_history  (cost=0.43..96.86 rows=2082 width=4) (actual time=0.023..4.818 rows=2386 loops=1)
	              Index Cond: (output_id = ($1)::text)
	              Heap Fetches: 1596
	              Buffers: shared hit=1619
2026-10-10 08:04:46.336 UTC [1202] hel1435-S3-prod-io-base-direct-R100000-b0-explain-r1 LOG:  duration: 4.422 ms  plan:
	Query Text: SELECT count(*) FROM (SELECT 1 FROM output_snapshot_history WHERE output_id = $1 LIMIT $2) x
	Query Parameters: $1 = 'o118', $2 = '52699'
	Aggregate  (cost=12.66..12.67 rows=1 width=8) (actual time=4.415..4.417 rows=1 loops=1)
	  Buffers: shared hit=1618
	  ->  Limit  (cost=0.43..10.06 rows=208 width=4) (actual time=0.049..4.348 rows=2386 loops=1)
	        Buffers: shared hit=1618
	        ->  Index Only Scan using idx_output_snapshot_history_output_captured on output_snapshot_history  (cost=0.43..96.86 rows=2082 width=4) (actual time=0.048..4.244 rows=2386 loops=1)
	              Index Cond: (output_id = ($1)::text)
	              Heap Fetches: 1596
	              Buffers: shared hit=1618
2026-10-10 08:04:46.424 UTC [1202] hel1435-S3-prod-io-base-direct-R100000-b0-explain-r1 LOG:  duration: 3.509 ms  plan:
	Query Text: SELECT count(*) FROM (SELECT 1 FROM output_snapshot_history WHERE output_id = $1 LIMIT $2) x
	Query Parameters: $1 = 'o132', $2 = '19213'
	Aggregate  (cost=12.66..12.67 rows=1 width=8) (actual time=3.504..3.504 rows=1 loops=1)
	  Buffers: shared hit=1615
	  ->  Limit  (cost=0.43..10.06 rows=208 width=4) (actual time=0.069..3.436 rows=2051 loops=1)
	        Buffers: shared hit=1615
	        ->  Index Only Scan using idx_output_snapshot_history_output_captured on output_snapshot_history  (cost=0.43..96.86 rows=2082 width=4) (actual time=0.066..3.329 rows=2051 loops=1)
	              Index Cond: (output_id = ($1)::text)
	              Heap Fetches: 1595
	              Buffers: shared hit=1615
2026-10-10 08:04:46.429 UTC [1202] hel1435-S3-prod-io-base-direct-R100000-b0-explain-r1 LOG:  duration: 3.863 ms  plan:
	Query Text: SELECT count(*) FROM (SELECT 1 FROM output_snapshot_history WHERE output_id = $1 LIMIT $2) x
	Query Parameters: $1 = 'o133', $2 = '17162'
	Aggregate  (cost=12.66..12.67 rows=1 width=8) (actual time=3.857..3.858 rows=1 loops=1)
	  Buffers: shared hit=1616
	  ->  Limit  (cost=0.43..10.06 rows=208 width=4) (actual time=0.046..3.783 rows=2051 loops=1)
	        Buffers: shared hit=1616
	        ->  Index Only Scan using idx_output_snapshot_history_output_captured on output_snapshot_history  (cost=0.43..96.86 rows=2082 width=4) (actual time=0.044..3.673 rows=2051 loops=1)
	              Index Cond: (output_id = ($1)::text)
	              Heap Fetches: 1595
	              Buffers: shared hit=1616
2026-10-10 08:04:46.747 UTC [1202] hel1435-S3-prod-io-base-direct-R100000-b0-explain-r1 LOG:  duration: 282.417 ms  plan:
	Query Text: DELETE FROM output_snapshot_history h
	             USING pipelines p, users u
	             WHERE h.output_id = ANY($1) AND h.captured_at < $2
	               AND h.pipeline_id = p.id AND p.owner_id = u.id
	               AND h.captured_at < COALESCE(($3::timestamptz[])[array_position($4::text[], u.tier)], $5)
	Query Parameters: $1 = '{o0,o1,o10,o100,o101,o102,o103,o104,o105,o106,o107,o108,o109,o11,o110,o111,o112,o113,o114,o115,o116,o117,o118,o119,o12,o120,o121,o122,o123,o124,o125,o126,o127,o128,o129,o13,o130,o131,o132,o133,o134,o135,o136,o137,o138,o139,o14}', $2 = '2026-09-10 00:00:00-07', $3 = '{"2026-09-10 00:00:00-07","2026-07-12 00:00:00-07","2025-10-10 00:00:00-07"}', $4 = '{free,beta,owner}', $5 = '2026-09-10 00:00:00-07'
	Delete on output_snapshot_history h  (cost=18.82..2679.26 rows=0 width=0) (actual time=282.409..282.415 rows=0 loops=1)
	  Buffers: shared hit=6 read=1727 written=1485
	  WAL: records=1 fpi=1 bytes=7931
	  ->  Hash Join  (cost=18.82..2679.26 rows=503 width=18) (actual time=282.356..282.367 rows=1 loops=1)
	        Hash Cond: (p.owner_id = u.id)
	        Join Filter: (h.captured_at < COALESCE(('{"2026-09-10 00:00:00-07","2026-07-12 00:00:00-07","2025-10-10 00:00:00-07"}'::timestamp with time zone[])[array_position('{free,beta,owner}'::text[], u.tier)], '2026-09-10 00:00:00-07'::timestamp with time zone))
	        Rows Removed by Join Filter: 2850
	        Buffers: shared hit=5 read=1727 written=1485
	        ->  Hash Join  (cost=12.06..2668.50 rows=1508 width=36) (actual time=0.623..281.385 rows=2851 loops=1)
	              Hash Cond: (h.pipeline_id = p.id)
	              Buffers: shared hit=5 read=1724 written=1485
	              ->  Index Scan using idx_output_snapshot_history_captured_at on output_snapshot_history h  (cost=0.55..2652.97 rows=1508 width=18) (actual time=0.281..280.590 rows=2851 loops=1)
	                    Index Cond: (captured_at < '2026-09-10 00:00:00-07'::timestamp with time zone)
	                    Filter: (output_id = ANY ('{o0,o1,o10,o100,o101,o102,o103,o104,o105,o106,o107,o108,o109,o11,o110,o111,o112,o113,o114,o115,o116,o117,o118,o119,o12,o120,o121,o122,o123,o124,o125,o126,o127,o128,o129,o13,o130,o131,o132,o133,o134,o135,o136,o137,o138,o139,o14}'::text[]))
	                    Rows Removed by Filter: 27665
	                    Buffers: shared hit=5 read=1720 written=1485
	              ->  Hash  (cost=7.34..7.34 rows=334 width=26) (actual time=0.330..0.332 rows=334 loops=1)
	                    Buckets: 1024  Batches: 1  Memory Usage: 28kB
	                    Buffers: shared read=4
	                    ->  Seq Scan on pipelines p  (cost=0.00..7.34 rows=334 width=26) (actual time=0.076..0.290 rows=334 loops=1)
	                          Buffers: shared read=4
	        ->  Hash  (cost=4.67..4.67 rows=167 width=27) (actual time=0.358..0.359 rows=167 loops=1)
	              Buckets: 1024  Batches: 1  Memory Usage: 18kB
	              Buffers: shared read=3
	              ->  Seq Scan on users u  (cost=0.00..4.67 rows=167 width=27) (actual time=0.112..0.344 rows=167 loops=1)
	                    Buffers: shared read=3
2026-10-10 08:04:47.847 UTC [33]  LOG:  checkpoint starting: wal
2026-10-10 08:04:50.555 UTC [1202] hel1435-S3-prod-io-base-direct-R100000-b0-explain-r1 LOG:  duration: 3779.819 ms  plan:
	Query Text: DELETE FROM output_snapshot_history WHERE output_id = ANY($1) AND id IN (
	             SELECT id FROM (
	               SELECT id, age_class, bucket,
	                      row_number() OVER w AS recency,
	                      lag(age_class) OVER w AS prev_class,
	                      lag(bucket) OVER w AS prev_bucket
	               FROM (
	                 SELECT id, output_id, captured_at,
	                        CASE WHEN extract(epoch FROM ($2::timestamptz - captured_at)) < $3 THEN 0
	                             WHEN extract(epoch FROM ($4::timestamptz - captured_at)) < $5 THEN 1
	                             ELSE 2 END AS age_class,
	                        floor(extract(epoch FROM captured_at) /
	                          CASE WHEN extract(epoch FROM ($6::timestamptz - captured_at)) < $7 THEN $8
	                               WHEN extract(epoch FROM ($9::timestamptz - captured_at)) < $10 THEN $11
	                               ELSE $12 END) AS bucket
	                 FROM output_snapshot_history
	                 WHERE output_id = ANY($13)
	               ) classed
	               WINDOW w AS (PARTITION BY output_id ORDER BY captured_at DESC, id DESC)
	             ) ranked
	             WHERE recency > $14 AND prev_class = age_class AND prev_bucket = bucket)
	Query Parameters: $1 = '{o0,o1,o10,o100,o101,o102,o103,o104,o105,o106,o107,o108,o109,o11,o110,o111,o112,o113,o114,o115,o116,o117,o118,o119,o12,o120,o121,o122,o123,o124,o125,o126,o127,o128,o129,o13,o130,o131,o132,o133,o134,o135,o136,o137,o138,o139,o14}', $2 = '2026-10-10 00:00:00-07', $3 = '86400', $4 = '2026-10-10 00:00:00-07', $5 = '604800', $6 = '2026-10-10 00:00:00-07', $7 = '86400', $8 = '300', $9 = '2026-10-10 00:00:00-07', $10 = '604800', $11 = '3600', $12 = '86400', $13 = '{o0,o1,o10,o100,o101,o102,o103,o104,o105,o106,o107,o108,o109,o11,o110,o111,o112,o113,o114,o115,o116,o117,o118,o119,o12,o120,o121,o122,o123,o124,o125,o126,o127,o128,o129,o13,o130,o131,o132,o133,o134,o135,o136,o137,o138,o139,o14}', $14 = '102'
	Delete on output_snapshot_history  (cost=158782.44..158790.47 rows=0 width=0) (actual time=3779.814..3779.817 rows=0 loops=1)
	  Buffers: shared hit=374091 read=12351 dirtied=5806 written=10064, temp read=827 written=1180
	  WAL: records=74965 fpi=8408 bytes=70277926
	  ->  Nested Loop  (cost=158782.44..158790.47 rows=1 width=46) (actual time=756.644..3676.268 rows=74965 loops=1)
	        Buffers: shared hit=299126 read=12351 written=10064, temp read=827 written=1180
	        ->  HashAggregate  (cost=158781.89..158781.90 rows=1 width=56) (actual time=756.308..798.744 rows=74965 loops=1)
	              Group Key: ranked.id
	              Batches: 5  Memory Usage: 8265kB  Disk Usage: 3584kB
	              Buffers: shared hit=9421 read=2196 written=1945, temp read=827 written=1180
	              ->  Subquery Scan on ranked  (cost=146608.27..158781.89 rows=1 width=56) (actual time=442.794..721.070 rows=74965 loops=1)
	                    Filter: ((ranked.recency > 102) AND (ranked.prev_class = ranked.age_class) AND (ranked.prev_bucket = ranked.bucket))
	                    Rows Removed by Filter: 24282
	                    Buffers: shared hit=9421 read=2196 written=1945, temp read=472 written=473
	                    ->  WindowAgg  (cost=146608.27..157077.58 rows=97389 width=108) (actual time=442.491..657.281 rows=99247 loops=1)
	                          Buffers: shared hit=9421 read=2196 written=1945, temp read=472 written=473
	                          ->  Sort  (cost=146608.27..146851.74 rows=97389 width=28) (actual time=442.079..455.365 rows=99247 loops=1)
	                                Sort Key: output_snapshot_history_1.output_id, output_snapshot_history_1.captured_at DESC, output_snapshot_history_1.id DESC
	                                Sort Method: external merge  Disk: 3776kB
	                                Buffers: shared hit=9421 read=2196 written=1945, temp read=472 written=473
	                                ->  Bitmap Heap Scan on output_snapshot_history output_snapshot_history_1  (cost=3346.94..136207.87 rows=97389 width=28) (actual time=21.507..345.854 rows=99247 loops=1)
	                                      Recheck Cond: (output_id = ANY ('{o0,o1,o10,o100,o101,o102,o103,o104,o105,o106,o107,o108,o109,o11,o110,o111,o112,o113,o114,o115,o116,o117,o118,o119,o12,o120,o121,o122,o123,o124,o125,o126,o127,o128,o129,o13,o130,o131,o132,o133,o134,o135,o136,o137,o138,o139,o14}'::text[]))
	                                      Heap Blocks: exact=10823
	                                      Buffers: shared hit=9412 read=2196 written=1945
	                                      ->  Bitmap Index Scan on idx_output_snapshot_history_output_captured  (cost=0.00..3322.47 rows=97389 width=0) (actual time=7.680..7.680 rows=99248 loops=1)
	                                            Index Cond: (output_id = ANY ('{o0,o1,o10,o100,o101,o102,o103,o104,o105,o106,o107,o108,o109,o11,o110,o111,o112,o113,o114,o115,o116,o117,o118,o119,o12,o120,o121,o122,o123,o124,o125,o126,o127,o128,o129,o13,o130,o131,o132,o133,o134,o135,o136,o137,o138,o139,o14}'::text[]))
	                                            Buffers: shared hit=785
	        ->  Index Scan using output_snapshot_history_pkey on output_snapshot_history  (cost=0.55..8.57 rows=1 width=22) (actual time=0.038..0.038 rows=1 loops=74965)
	              Index Cond: (id = ranked.id)
	              Filter: (output_id = ANY ('{o0,o1,o10,o100,o101,o102,o103,o104,o105,o106,o107,o108,o109,o11,o110,o111,o112,o113,o114,o115,o116,o117,o118,o119,o12,o120,o121,o122,o123,o124,o125,o126,o127,o128,o129,o13,o130,o131,o132,o133,o134,o135,o136,o137,o138,o139,o14}'::text[]))
	              Buffers: shared hit=289705 read=10155 written=8119
	JIT:
	  Functions: 28
	  Options: Inlining false, Optimization false, Expressions true, Deforming true
	  Timing: Generation 1.058 ms, Inlining 0.000 ms, Optimization 2.501 ms, Emission 12.267 ms, Total 15.826 ms
2026-10-10 08:04:50.555 UTC [1202] hel1435-S3-prod-io-base-direct-R100000-b0-explain-r1 LOG:  temporary file: path "base/pgsql_tmp/pgsql_tmp1202.1", size 3670016
2026-10-10 08:04:50.555 UTC [1202] hel1435-S3-prod-io-base-direct-R100000-b0-explain-r1 STATEMENT:  DELETE FROM output_snapshot_history WHERE output_id = ANY($1) AND id IN (
	             SELECT id FROM (
	               SELECT id, age_class, bucket,
	                      row_number() OVER w AS recency,
	                      lag(age_class) OVER w AS prev_class,
	                      lag(bucket) OVER w AS prev_bucket
	               FROM (
	                 SELECT id, output_id, captured_at,
	                        CASE WHEN extract(epoch FROM ($2::timestamptz - captured_at)) < $3 THEN 0
	                             WHEN extract(epoch FROM ($4::timestamptz - captured_at)) < $5 THEN 1
	                             ELSE 2 END AS age_class,
	                        floor(extract(epoch FROM captured_at) /
	                          CASE WHEN extract(epoch FROM ($6::timestamptz - captured_at)) < $7 THEN $8
	                               WHEN extract(epoch FROM ($9::timestamptz - captured_at)) < $10 THEN $11
	                               ELSE $12 END) AS bucket
	                 FROM output_snapshot_history
	                 WHERE output_id = ANY($13)
	               ) classed
	               WINDOW w AS (PARTITION BY output_id ORDER BY captured_at DESC, id DESC)
	             ) ranked
	             WHERE recency > $14 AND prev_class = age_class AND prev_bucket = bucket)
2026-10-10 08:04:50.557 UTC [1202] hel1435-S3-prod-io-base-direct-R100000-b0-explain-r1 LOG:  temporary file: path "base/pgsql_tmp/pgsql_tmp1202.0", size 3866624
2026-10-10 08:04:50.557 UTC [1202] hel1435-S3-prod-io-base-direct-R100000-b0-explain-r1 STATEMENT:  DELETE FROM output_snapshot_history WHERE output_id = ANY($1) AND id IN (
	             SELECT id FROM (
	               SELECT id, age_class, bucket,
	                      row_number() OVER w AS recency,
	                      lag(age_class) OVER w AS prev_class,
	                      lag(bucket) OVER w AS prev_bucket
	               FROM (
	                 SELECT id, output_id, captured_at,
	                        CASE WHEN extract(epoch FROM ($2::timestamptz - captured_at)) < $3 THEN 0
	                             WHEN extract(epoch FROM ($4::timestamptz - captured_at)) < $5 THEN 1
	                             ELSE 2 END AS age_class,
	                        floor(extract(epoch FROM captured_at) /
	                          CASE WHEN extract(epoch FROM ($6::timestamptz - captured_at)) < $7 THEN $8
	                               WHEN extract(epoch FROM ($9::timestamptz - captured_at)) < $10 THEN $11
	                               ELSE $12 END) AS bucket
	                 FROM output_snapshot_history
	                 WHERE output_id = ANY($13)
	               ) classed
	               WINDOW w AS (PARTITION BY output_id ORDER BY captured_at DESC, id DESC)
	             ) ranked
	             WHERE recency > $14 AND prev_class = age_class AND prev_bucket = bucket)
2026-10-10 08:04:52.623 UTC [1205] hel1435-S3-prod-io-base-direct-R100000-b0-timed-r1 LOG:  temporary file: path "base/pgsql_tmp/pgsql_tmp1205.1", size 3670016
2026-10-10 08:04:52.623 UTC [1205] hel1435-S3-prod-io-base-direct-R100000-b0-timed-r1 STATEMENT:  DELETE FROM output_snapshot_history WHERE output_id = ANY($1) AND id IN (
	             SELECT id FROM (
	               SELECT id, age_class, bucket,
	                      row_number() OVER w AS recency,
	                      lag(age_class) OVER w AS prev_class,
	                      lag(bucket) OVER w AS prev_bucket
	               FROM (
	                 SELECT id, output_id, captured_at,
	                        CASE WHEN extract(epoch FROM ($2::timestamptz - captured_at)) < $3 THEN 0
	                             WHEN extract(epoch FROM ($4::timestamptz - captured_at)) < $5 THEN 1
	                             ELSE 2 END AS age_class,
	                        floor(extract(epoch FROM captured_at) /
	                          CASE WHEN extract(epoch FROM ($6::timestamptz - captured_at)) < $7 THEN $8
	                               WHEN extract(epoch FROM ($9::timestamptz - captured_at)) < $10 THEN $11
	                               ELSE $12 END) AS bucket
	                 FROM output_snapshot_history
	                 WHERE output_id = ANY($13)
	               ) classed
	               WINDOW w AS (PARTITION BY output_id ORDER BY captured_at DESC, id DESC)
	             ) ranked
	             WHERE recency > $14 AND prev_class = age_class AND prev_bucket = bucket)
2026-10-10 08:04:52.625 UTC [1205] hel1435-S3-prod-io-base-direct-R100000-b0-timed-r1 LOG:  temporary file: path "base/pgsql_tmp/pgsql_tmp1205.0", size 3866624
2026-10-10 08:04:52.625 UTC [1205] hel1435-S3-prod-io-base-direct-R100000-b0-timed-r1 STATEMENT:  DELETE FROM output_snapshot_history WHERE output_id = ANY($1) AND id IN (
	             SELECT id FROM (
	               SELECT id, age_class, bucket,
	                      row_number() OVER w AS recency,
	                      lag(age_class) OVER w AS prev_class,
	                      lag(bucket) OVER w AS prev_bucket
	               FROM (
	                 SELECT id, output_id, captured_at,
	                        CASE WHEN extract(epoch FROM ($2::timestamptz - captured_at)) < $3 THEN 0
	                             WHEN extract(epoch FROM ($4::timestamptz - captured_at)) < $5 THEN 1
	                             ELSE 2 END AS age_class,
	                        floor(extract(epoch FROM captured_at) /
	                          CASE WHEN extract(epoch FROM ($6::timestamptz - captured_at)) < $7 THEN $8
	                               WHEN extract(epoch FROM ($9::timestamptz - captured_at)) < $10 THEN $11
	                               ELSE $12 END) AS bucket
	                 FROM output_snapshot_history
	                 WHERE output_id = ANY($13)
	               ) classed
	               WINDOW w AS (PARTITION BY output_id ORDER BY captured_at DESC, id DESC)
	             ) ranked
	             WHERE recency > $14 AND prev_class = age_class AND prev_bucket = bucket)
2026-10-10 08:04:53.120 UTC [1207] hel1435-S3-prod-io-base-direct-R100000-b10-explain-r1 LOG:  duration: 42.341 ms  plan:
	Query Text: SELECT count(*) FROM (SELECT 1 FROM output_snapshot_history WHERE output_id = $1 LIMIT $2) x
	Query Parameters: $1 = 'o525', $2 = '100001'
	Aggregate  (cost=122.59..122.60 rows=1 width=8) (actual time=42.327..42.328 rows=1 loops=1)
	  Buffers: shared hit=1616
	  ->  Limit  (cost=0.43..96.69 rows=2072 width=4) (actual time=0.052..42.224 rows=2051 loops=1)
	        Buffers: shared hit=1616
	        ->  Index Only Scan using idx_output_snapshot_history_output_captured on output_snapshot_history  (cost=0.43..96.69 rows=2072 width=4) (actual time=0.052..42.103 rows=2051 loops=1)
	              Index Cond: (output_id = 'o525'::text)
	              Heap Fetches: 1595
	              Buffers: shared hit=1616
2026-10-10 08:04:53.146 UTC [1207] hel1435-S3-prod-io-base-direct-R100000-b10-explain-r1 LOG:  duration: 14.101 ms  plan:
	Query Text: SELECT count(*) FROM (SELECT 1 FROM output_snapshot_history WHERE output_id = $1 LIMIT $2) x
	Query Parameters: $1 = 'o53', $2 = '89746'
	Aggregate  (cost=122.59..122.60 rows=1 width=8) (actual time=14.092..14.093 rows=1 loops=1)
	  Buffers: shared hit=1615
	  ->  Limit  (cost=0.43..96.69 rows=2072 width=4) (actual time=0.037..14.002 rows=2051 loops=1)
	        Buffers: shared hit=1615
	        ->  Index Only Scan using idx_output_snapshot_history_output_captured on output_snapshot_history  (cost=0.43..96.69 rows=2072 width=4) (actual time=0.036..13.893 rows=2051 loops=1)
	              Index Cond: (output_id = 'o53'::text)
	              Heap Fetches: 1595
	              Buffers: shared hit=1615
2026-10-10 08:04:53.218 UTC [1207] hel1435-S3-prod-io-base-direct-R100000-b10-explain-r1 LOG:  duration: 57.371 ms  plan:
	Query Text: SELECT count(*) FROM (SELECT 1 FROM output_snapshot_history WHERE output_id = $1 LIMIT $2) x
	Query Parameters: $1 = 'o535', $2 = '77440'
	Aggregate  (cost=12.66..12.67 rows=1 width=8) (actual time=57.364..57.365 rows=1 loops=1)
	  Buffers: shared hit=1615
	  ->  Limit  (cost=0.43..10.06 rows=208 width=4) (actual time=0.022..57.303 rows=2051 loops=1)
	        Buffers: shared hit=1615
	        ->  Index Only Scan using idx_output_snapshot_history_output_captured on output_snapshot_history  (cost=0.43..96.86 rows=2082 width=4) (actual time=0.021..57.216 rows=2051 loops=1)
	              Index Cond: (output_id = ($1)::text)
	              Heap Fetches: 1595
	              Buffers: shared hit=1615
2026-10-10 08:04:53.230 UTC [1207] hel1435-S3-prod-io-base-direct-R100000-b10-explain-r1 LOG:  duration: 7.691 ms  plan:
	Query Text: SELECT count(*) FROM (SELECT 1 FROM output_snapshot_history WHERE output_id = $1 LIMIT $2) x
	Query Parameters: $1 = 'o538', $2 = '71287'
	Aggregate  (cost=12.66..12.67 rows=1 width=8) (actual time=7.683..7.684 rows=1 loops=1)
	  Buffers: shared hit=1615
	  ->  Limit  (cost=0.43..10.06 rows=208 width=4) (actual time=0.011..7.616 rows=2051 loops=1)
	        Buffers: shared hit=1615
	        ->  Index Only Scan using idx_output_snapshot_history_output_captured on output_snapshot_history  (cost=0.43..96.86 rows=2082 width=4) (actual time=0.011..7.524 rows=2051 loops=1)
	              Index Cond: (output_id = ($1)::text)
	              Heap Fetches: 1595
	              Buffers: shared hit=1615
2026-10-10 08:04:53.233 UTC [1207] hel1435-S3-prod-io-base-direct-R100000-b10-explain-r1 LOG:  duration: 3.111 ms  plan:
	Query Text: SELECT count(*) FROM (SELECT 1 FROM output_snapshot_history WHERE output_id = $1 LIMIT $2) x
	Query Parameters: $1 = 'o539', $2 = '69236'
	Aggregate  (cost=12.66..12.67 rows=1 width=8) (actual time=3.108..3.108 rows=1 loops=1)
	  Buffers: shared hit=1615
	  ->  Limit  (cost=0.43..10.06 rows=208 width=4) (actual time=0.080..3.037 rows=2051 loops=1)
	        Buffers: shared hit=1615
	        ->  Index Only Scan using idx_output_snapshot_history_output_captured on output_snapshot_history  (cost=0.43..96.86 rows=2082 width=4) (actual time=0.079..2.950 rows=2051 loops=1)
	              Index Cond: (output_id = ($1)::text)
	              Heap Fetches: 1595
	              Buffers: shared hit=1615
2026-10-10 08:04:53.320 UTC [1207] hel1435-S3-prod-io-base-direct-R100000-b10-explain-r1 LOG:  duration: 51.367 ms  plan:
	Query Text: SELECT count(*) FROM (SELECT 1 FROM output_snapshot_history WHERE output_id = $1 LIMIT $2) x
	Query Parameters: $1 = 'o555', $2 = '32314'
	Aggregate  (cost=12.66..12.67 rows=1 width=8) (actual time=51.357..51.358 rows=1 loops=1)
	  Buffers: shared hit=1615
	  ->  Limit  (cost=0.43..10.06 rows=208 width=4) (actual time=0.047..51.241 rows=2051 loops=1)
	        Buffers: shared hit=1615
	        ->  Index Only Scan using idx_output_snapshot_history_output_captured on output_snapshot_history  (cost=0.43..96.86 rows=2082 width=4) (actual time=0.046..4.614 rows=2051 loops=1)
	              Index Cond: (output_id = ($1)::text)
	              Heap Fetches: 1595
	              Buffers: shared hit=1615
2026-10-10 08:04:53.369 UTC [1207] hel1435-S3-prod-io-base-direct-R100000-b10-explain-r1 LOG:  duration: 14.014 ms  plan:
	Query Text: DELETE FROM output_snapshot_history h
	             USING pipelines p, users u
	             WHERE h.output_id = ANY($1) AND h.captured_at < $2
	               AND h.pipeline_id = p.id AND p.owner_id = u.id
	               AND h.captured_at < COALESCE(($3::timestamptz[])[array_position($4::text[], u.tier)], $5)
	Query Parameters: $1 = '{o525,o526,o527,o528,o529,o53,o530,o531,o532,o533,o534,o535,o536,o537,o538,o539,o54,o540,o541,o542,o543,o544,o545,o546,o547,o548,o549,o55,o550,o551,o552,o553,o554,o555,o556,o557,o558,o559,o56,o560,o561,o562,o563,o564,o565,o566,o567,o568}', $2 = '2026-09-10 00:00:00-07', $3 = '{"2026-09-10 00:00:00-07","2026-07-12 00:00:00-07","2025-10-10 00:00:00-07"}', $4 = '{free,beta,owner}', $5 = '2026-09-10 00:00:00-07'
	Delete on output_snapshot_history h  (cost=18.82..2679.43 rows=0 width=0) (actual time=14.007..14.012 rows=0 loops=1)
	  Buffers: shared hit=1736
	  WAL: records=4 bytes=216
	  ->  Hash Join  (cost=18.82..2679.43 rows=513 width=18) (actual time=13.962..13.980 rows=4 loops=1)
	        Hash Cond: (p.owner_id = u.id)
	        Join Filter: (h.captured_at < COALESCE(('{"2026-09-10 00:00:00-07","2026-07-12 00:00:00-07","2025-10-10 00:00:00-07"}'::timestamp with time zone[])[array_position('{free,beta,owner}'::text[], u.tier)], '2026-09-10 00:00:00-07'::timestamp with time zone))
	        Rows Removed by Join Filter: 300
	        Buffers: shared hit=1732
	        ->  Hash Join  (cost=12.06..2668.58 rows=1540 width=36) (actual time=9.798..13.880 rows=304 loops=1)
	              Hash Cond: (h.pipeline_id = p.id)
	              Buffers: shared hit=1729
	              ->  Index Scan using idx_output_snapshot_history_captured_at on output_snapshot_history h  (cost=0.55..2652.97 rows=1540 width=18) (actual time=9.360..13.401 rows=304 loops=1)
	                    Index Cond: (captured_at < '2026-09-10 00:00:00-07'::timestamp with time zone)
	                    Filter: (output_id = ANY ('{o525,o526,o527,o528,o529,o53,o530,o531,o532,o533,o534,o535,o536,o537,o538,o539,o54,o540,o541,o542,o543,o544,o545,o546,o547,o548,o549,o55,o550,o551,o552,o553,o554,o555,o556,o557,o558,o559,o56,o560,o561,o562,o563,o564,o565,o566,o567,o568}'::text[]))
	                    Rows Removed by Filter: 30212
	                    Buffers: shared hit=1725
	              ->  Hash  (cost=7.34..7.34 rows=334 width=26) (actual time=0.359..0.361 rows=334 loops=1)
	                    Buckets: 1024  Batches: 1  Memory Usage: 28kB
	                    Buffers: shared hit=4
	                    ->  Seq Scan on pipelines p  (cost=0.00..7.34 rows=334 width=26) (actual time=0.027..0.301 rows=334 loops=1)
	                          Buffers: shared hit=4
	        ->  Hash  (cost=4.67..4.67 rows=167 width=27) (actual time=0.038..0.039 rows=167 loops=1)
	              Buckets: 1024  Batches: 1  Memory Usage: 18kB
	              Buffers: shared hit=3
	              ->  Seq Scan on users u  (cost=0.00..4.67 rows=167 width=27) (actual time=0.004..0.020 rows=167 loops=1)
	                    Buffers: shared hit=3
2026-10-10 08:04:55.362 UTC [1207] hel1435-S3-prod-io-base-direct-R100000-b10-explain-r1 LOG:  duration: 1927.725 ms  plan:
	Query Text: DELETE FROM output_snapshot_history WHERE output_id = ANY($1) AND id IN (
	             SELECT id FROM (
	               SELECT id, age_class, bucket,
	                      row_number() OVER w AS recency,
	                      lag(age_class) OVER w AS prev_class,
	                      lag(bucket) OVER w AS prev_bucket
	               FROM (
	                 SELECT id, output_id, captured_at,
	                        CASE WHEN extract(epoch FROM ($2::timestamptz - captured_at)) < $3 THEN 0
	                             WHEN extract(epoch FROM ($4::timestamptz - captured_at)) < $5 THEN 1
	                             ELSE 2 END AS age_class,
	                        floor(extract(epoch FROM captured_at) /
	                          CASE WHEN extract(epoch FROM ($6::timestamptz - captured_at)) < $7 THEN $8
	                               WHEN extract(epoch FROM ($9::timestamptz - captured_at)) < $10 THEN $11
	                               ELSE $12 END) AS bucket
	                 FROM output_snapshot_history
	                 WHERE output_id = ANY($13)
	               ) classed
	               WINDOW w AS (PARTITION BY output_id ORDER BY captured_at DESC, id DESC)
	             ) ranked
	             WHERE recency > $14 AND prev_class = age_class AND prev_bucket = bucket)
	Query Parameters: $1 = '{o525,o526,o527,o528,o529,o53,o530,o531,o532,o533,o534,o535,o536,o537,o538,o539,o54,o540,o541,o542,o543,o544,o545,o546,o547,o548,o549,o55,o550,o551,o552,o553,o554,o555,o556,o557,o558,o559,o56,o560,o561,o562,o563,o564,o565,o566,o567,o568}', $2 = '2026-10-10 00:00:00-07', $3 = '86400', $4 = '2026-10-10 00:00:00-07', $5 = '604800', $6 = '2026-10-10 00:00:00-07', $7 = '86400', $8 = '300', $9 = '2026-10-10 00:00:00-07', $10 = '604800', $11 = '3600', $12 = '86400', $13 = '{o525,o526,o527,o528,o529,o53,o530,o531,o532,o533,o534,o535,o536,o537,o538,o539,o54,o540,o541,o542,o543,o544,o545,o546,o547,o548,o549,o55,o550,o551,o552,o553,o554,o555,o556,o557,o558,o559,o56,o560,o561,o562,o563,o564,o565,o566,o567,o568}', $14 = '102'
	Delete on output_snapshot_history  (cost=160106.55..160114.58 rows=0 width=0) (actual time=1927.717..1927.722 rows=0 loops=1)
	  Buffers: shared hit=391190 read=2161 dirtied=3366 written=1494, temp read=848 written=1199
	  WAL: records=76560 fpi=7503 bytes=63235419
	  ->  Nested Loop  (cost=160106.55..160114.58 rows=1 width=46) (actual time=709.041..1715.347 rows=76560 loops=1)
	        Buffers: shared hit=314630 read=2161 written=1494, temp read=848 written=1199
	        ->  HashAggregate  (cost=160106.00..160106.01 rows=1 width=56) (actual time=708.773..746.544 rows=76560 loops=1)
	              Group Key: ranked.id
	              Batches: 5  Memory Usage: 8265kB  Disk Usage: 3632kB
	              Buffers: shared hit=8407 read=2144 written=1494, temp read=848 written=1199
	              ->  Subquery Scan on ranked  (cost=147673.37..160106.00 rows=1 width=56) (actual time=407.748..581.469 rows=76560 loops=1)
	                    Filter: ((ranked.recency > 102) AND (ranked.prev_class = ranked.age_class) AND (ranked.prev_bucket = ranked.bucket))
	                    Rows Removed by Filter: 22188
	                    Buffers: shared hit=8407 read=2144 written=1494, temp read=471 written=472
	                    ->  WindowAgg  (cost=147673.37..158365.43 rows=99461 width=108) (actual time=407.471..568.132 rows=98748 loops=1)
	                          Buffers: shared hit=8407 read=2144 written=1494, temp read=471 written=472
	                          ->  Sort  (cost=147673.37..147922.03 rows=99461 width=28) (actual time=407.362..416.377 rows=98748 loops=1)
	                                Sort Key: output_snapshot_history_1.output_id, output_snapshot_history_1.captured_at DESC, output_snapshot_history_1.id DESC
	                                Sort Method: external merge  Disk: 3768kB
	                                Buffers: shared hit=8407 read=2144 written=1494, temp read=471 written=472
	                                ->  Bitmap Heap Scan on output_snapshot_history output_snapshot_history_1  (cost=3419.43..137037.19 rows=99461 width=28) (actual time=23.350..301.512 rows=98748 loops=1)
	                                      Recheck Cond: (output_id = ANY ('{o525,o526,o527,o528,o529,o53,o530,o531,o532,o533,o534,o535,o536,o537,o538,o539,o54,o540,o541,o542,o543,o544,o545,o546,o547,o548,o549,o55,o550,o551,o552,o553,o554,o555,o556,o557,o558,o559,o56,o560,o561,o562,o563,o564,o565,o566,o567,o568}'::text[]))
	                                      Heap Blocks: exact=9768
	                                      Buffers: shared hit=8398 read=2144 written=1494
	                                      ->  Bitmap Index Scan on idx_output_snapshot_history_output_captured  (cost=0.00..3394.44 rows=99461 width=0) (actual time=9.254..9.254 rows=98752 loops=1)
	                                            Index Cond: (output_id = ANY ('{o525,o526,o527,o528,o529,o53,o530,o531,o532,o533,o534,o535,o536,o537,o538,o539,o54,o540,o541,o542,o543,o544,o545,o546,o547,o548,o549,o55,o550,o551,o552,o553,o554,o555,o556,o557,o558,o559,o56,o560,o561,o562,o563,o564,o565,o566,o567,o568}'::text[]))
	                                            Buffers: shared hit=774
	        ->  Index Scan using output_snapshot_history_pkey on output_snapshot_history  (cost=0.55..8.57 rows=1 width=22) (actual time=0.012..0.012 rows=1 loops=76560)
	              Index Cond: (id = ranked.id)
	              Filter: (output_id = ANY ('{o525,o526,o527,o528,o529,o53,o530,o531,o532,o533,o534,o535,o536,o537,o538,o539,o54,o540,o541,o542,o543,o544,o545,o546,o547,o548,o549,o55,o550,o551,o552,o553,o554,o555,o556,o557,o558,o559,o56,o560,o561,o562,o563,o564,o565,o566,o567,o568}'::text[]))
	              Buffers: shared hit=306223 read=17
	JIT:
	  Functions: 28
	  Options: Inlining false, Optimization false, Expressions true, Deforming true
	  Timing: Generation 1.041 ms, Inlining 0.000 ms, Optimization 2.350 ms, Emission 12.297 ms, Total 15.687 ms
2026-10-10 08:04:55.363 UTC [1207] hel1435-S3-prod-io-base-direct-R100000-b10-explain-r1 LOG:  temporary file: path "base/pgsql_tmp/pgsql_tmp1207.1", size 3719168
2026-10-10 08:04:55.363 UTC [1207] hel1435-S3-prod-io-base-direct-R100000-b10-explain-r1 STATEMENT:  DELETE FROM output_snapshot_history WHERE output_id = ANY($1) AND id IN (
	             SELECT id FROM (
	               SELECT id, age_class, bucket,
	                      row_number() OVER w AS recency,
	                      lag(age_class) OVER w AS prev_class,
	                      lag(bucket) OVER w AS prev_bucket
	               FROM (
	                 SELECT id, output_id, captured_at,
	                        CASE WHEN extract(epoch FROM ($2::timestamptz - captured_at)) < $3 THEN 0
	                             WHEN extract(epoch FROM ($4::timestamptz - captured_at)) < $5 THEN 1
	                             ELSE 2 END AS age_class,
	                        floor(extract(epoch FROM captured_at) /
	                          CASE WHEN extract(epoch FROM ($6::timestamptz - captured_at)) < $7 THEN $8
	                               WHEN extract(epoch FROM ($9::timestamptz - captured_at)) < $10 THEN $11
	                               ELSE $12 END) AS bucket
	                 FROM output_snapshot_history
	                 WHERE output_id = ANY($13)
	               ) classed
	               WINDOW w AS (PARTITION BY output_id ORDER BY captured_at DESC, id DESC)
	             ) ranked
	             WHERE recency > $14 AND prev_class = age_class AND prev_bucket = bucket)
2026-10-10 08:04:55.365 UTC [1207] hel1435-S3-prod-io-base-direct-R100000-b10-explain-r1 LOG:  temporary file: path "base/pgsql_tmp/pgsql_tmp1207.0", size 3858432
2026-10-10 08:04:55.365 UTC [1207] hel1435-S3-prod-io-base-direct-R100000-b10-explain-r1 STATEMENT:  DELETE FROM output_snapshot_history WHERE output_id = ANY($1) AND id IN (
	             SELECT id FROM (
	               SELECT id, age_class, bucket,
	                      row_number() OVER w AS recency,
	                      lag(age_class) OVER w AS prev_class,
	                      lag(bucket) OVER w AS prev_bucket
	               FROM (
	                 SELECT id, output_id, captured_at,
	                        CASE WHEN extract(epoch FROM ($2::timestamptz - captured_at)) < $3 THEN 0
	                             WHEN extract(epoch FROM ($4::timestamptz - captured_at)) < $5 THEN 1
	                             ELSE 2 END AS age_class,
	                        floor(extract(epoch FROM captured_at) /
	                          CASE WHEN extract(epoch FROM ($6::timestamptz - captured_at)) < $7 THEN $8
	                               WHEN extract(epoch FROM ($9::timestamptz - captured_at)) < $10 THEN $11
	                               ELSE $12 END) AS bucket
	                 FROM output_snapshot_history
	                 WHERE output_id = ANY($13)
	               ) classed
	               WINDOW w AS (PARTITION BY output_id ORDER BY captured_at DESC, id DESC)
	             ) ranked
	             WHERE recency > $14 AND prev_class = age_class AND prev_bucket = bucket)
2026-10-10 08:04:57.461 UTC [1209] hel1435-S3-prod-io-base-direct-R100000-b10-timed-r1 LOG:  temporary file: path "base/pgsql_tmp/pgsql_tmp1209.1", size 3719168
2026-10-10 08:04:57.461 UTC [1209] hel1435-S3-prod-io-base-direct-R100000-b10-timed-r1 STATEMENT:  DELETE FROM output_snapshot_history WHERE output_id = ANY($1) AND id IN (
	             SELECT id FROM (
	               SELECT id, age_class, bucket,
	                      row_number() OVER w AS recency,
	                      lag(age_class) OVER w AS prev_class,
	                      lag(bucket) OVER w AS prev_bucket
	               FROM (
	                 SELECT id, output_id, captured_at,
	                        CASE WHEN extract(epoch FROM ($2::timestamptz - captured_at)) < $3 THEN 0
	                             WHEN extract(epoch FROM ($4::timestamptz - captured_at)) < $5 THEN 1
	                             ELSE 2 END AS age_class,
	                        floor(extract(epoch FROM captured_at) /
	                          CASE WHEN extract(epoch FROM ($6::timestamptz - captured_at)) < $7 THEN $8
	                               WHEN extract(epoch FROM ($9::timestamptz - captured_at)) < $10 THEN $11
	                               ELSE $12 END) AS bucket
	                 FROM output_snapshot_history
	                 WHERE output_id = ANY($13)
	               ) classed
	               WINDOW w AS (PARTITION BY output_id ORDER BY captured_at DESC, id DESC)
	             ) ranked
	             WHERE recency > $14 AND prev_class = age_class AND prev_bucket = bucket)
2026-10-10 08:04:57.463 UTC [1209] hel1435-S3-prod-io-base-direct-R100000-b10-timed-r1 LOG:  temporary file: path "base/pgsql_tmp/pgsql_tmp1209.0", size 3858432
2026-10-10 08:04:57.463 UTC [1209] hel1435-S3-prod-io-base-direct-R100000-b10-timed-r1 STATEMENT:  DELETE FROM output_snapshot_history WHERE output_id = ANY($1) AND id IN (
	             SELECT id FROM (
	               SELECT id, age_class, bucket,
	                      row_number() OVER w AS recency,
	                      lag(age_class) OVER w AS prev_class,
	                      lag(bucket) OVER w AS prev_bucket
	               FROM (
	                 SELECT id, output_id, captured_at,
	                        CASE WHEN extract(epoch FROM ($2::timestamptz - captured_at)) < $3 THEN 0
	                             WHEN extract(epoch FROM ($4::timestamptz - captured_at)) < $5 THEN 1
	                             ELSE 2 END AS age_class,
	                        floor(extract(epoch FROM captured_at) /
	                          CASE WHEN extract(epoch FROM ($6::timestamptz - captured_at)) < $7 THEN $8
	                               WHEN extract(epoch FROM ($9::timestamptz - captured_at)) < $10 THEN $11
	                               ELSE $12 END) AS bucket
	                 FROM output_snapshot_history
	                 WHERE output_id = ANY($13)
	               ) classed
	               WINDOW w AS (PARTITION BY output_id ORDER BY captured_at DESC, id DESC)
	             ) ranked
	             WHERE recency > $14 AND prev_class = age_class AND prev_bucket = bucket)
2026-10-10 08:04:57.646 UTC [1211] hel1435-S3-prod-io-base-direct-R100000-b21-explain-r1 LOG:  duration: 8.425 ms  plan:
	Query Text: SELECT count(*) FROM (SELECT 1 FROM output_snapshot_history WHERE output_id = $1 LIMIT $2) x
	Query Parameters: $1 = 'o997', $2 = '100001'
	Aggregate  (cost=122.59..122.60 rows=1 width=8) (actual time=8.413..8.414 rows=1 loops=1)
	  Buffers: shared hit=1762
	  ->  Limit  (cost=0.43..96.69 rows=2072 width=4) (actual time=0.061..8.315 rows=2051 loops=1)
	        Buffers: shared hit=1762
	        ->  Index Only Scan using idx_output_snapshot_history_output_captured on output_snapshot_history  (cost=0.43..96.69 rows=2072 width=4) (actual time=0.061..8.201 rows=2051 loops=1)
	              Index Cond: (output_id = 'o997'::text)
	              Heap Fetches: 1741
	              Buffers: shared hit=1762
2026-10-10 08:04:57.837 UTC [1211] hel1435-S3-prod-io-base-direct-R100000-b21-explain-r1 LOG:  duration: 180.623 ms  plan:
	Query Text: DELETE FROM output_snapshot_history WHERE output_id = ANY($1) AND id IN (
	             SELECT id FROM (
	               SELECT id, age_class, bucket,
	                      row_number() OVER w AS recency,
	                      lag(age_class) OVER w AS prev_class,
	                      lag(bucket) OVER w AS prev_bucket
	               FROM (
	                 SELECT id, output_id, captured_at,
	                        CASE WHEN extract(epoch FROM ($2::timestamptz - captured_at)) < $3 THEN 0
	                             WHEN extract(epoch FROM ($4::timestamptz - captured_at)) < $5 THEN 1
	                             ELSE 2 END AS age_class,
	                        floor(extract(epoch FROM captured_at) /
	                          CASE WHEN extract(epoch FROM ($6::timestamptz - captured_at)) < $7 THEN $8
	                               WHEN extract(epoch FROM ($9::timestamptz - captured_at)) < $10 THEN $11
	                               ELSE $12 END) AS bucket
	                 FROM output_snapshot_history
	                 WHERE output_id = ANY($13)
	               ) classed
	               WINDOW w AS (PARTITION BY output_id ORDER BY captured_at DESC, id DESC)
	             ) ranked
	             WHERE recency > $14 AND prev_class = age_class AND prev_bucket = bucket)
	Query Parameters: $1 = '{o997,o998,o999}', $2 = '2026-10-10 00:00:00-07', $3 = '86400', $4 = '2026-10-10 00:00:00-07', $5 = '604800', $6 = '2026-10-10 00:00:00-07', $7 = '86400', $8 = '300', $9 = '2026-10-10 00:00:00-07', $10 = '604800', $11 = '3600', $12 = '86400', $13 = '{o997,o998,o999}', $14 = '102'
	Delete on output_snapshot_history  (cost=21532.72..21540.75 rows=0 width=0) (actual time=180.615..180.621 rows=0 loops=1)
	  Buffers: shared hit=26193 read=69 dirtied=142
	  WAL: records=4785 fpi=484 bytes=4070858
	  ->  Nested Loop  (cost=21532.72..21540.75 rows=1 width=46) (actual time=85.031..172.235 rows=4785 loops=1)
	        Buffers: shared hit=21408 read=69
	        ->  HashAggregate  (cost=21532.29..21532.30 rows=1 width=56) (actual time=84.988..132.209 rows=4785 loops=1)
	              Group Key: ranked.id
	              Batches: 1  Memory Usage: 1001kB
	              Buffers: shared hit=2268 read=69
	              ->  Subquery Scan on ranked  (cost=20755.29..21532.29 rows=1 width=56) (actual time=73.242..83.423 rows=4785 loops=1)
	                    Filter: ((ranked.recency > 102) AND (ranked.prev_class = ranked.age_class) AND (ranked.prev_bucket = ranked.bucket))
	                    Rows Removed by Filter: 1368
	                    Buffers: shared hit=2268 read=69
	                    ->  WindowAgg  (cost=20755.29..21423.51 rows=6216 width=108) (actual time=72.721..82.352 rows=6153 loops=1)
	                          Buffers: shared hit=2268 read=69
	                          ->  Sort  (cost=20755.29..20770.83 rows=6216 width=28) (actual time=72.625..73.855 rows=6153 loops=1)
	                                Sort Key: output_snapshot_history_1.output_id, output_snapshot_history_1.captured_at DESC, output_snapshot_history_1.id DESC
	                                Sort Method: quicksort  Memory: 529kB
	                                Buffers: shared hit=2268 read=69
	                                ->  Bitmap Heap Scan on output_snapshot_history output_snapshot_history_1  (cost=217.46..20363.62 rows=6216 width=28) (actual time=0.738..69.001 rows=6153 loops=1)
	                                      Recheck Cond: (output_id = ANY ('{o997,o998,o999}'::text[]))
	                                      Heap Blocks: exact=2279
	                                      Buffers: shared hit=2259 read=69
	                                      ->  Bitmap Index Scan on idx_output_snapshot_history_output_captured  (cost=0.00..215.90 rows=6216 width=0) (actual time=0.560..0.560 rows=6153 loops=1)
	                                            Index Cond: (output_id = ANY ('{o997,o998,o999}'::text[]))
	                                            Buffers: shared hit=49
	        ->  Index Scan using output_snapshot_history_pkey on output_snapshot_history  (cost=0.43..8.45 rows=1 width=22) (actual time=0.008..0.008 rows=1 loops=4785)
	              Index Cond: (id = ranked.id)
	              Filter: (output_id = ANY ('{o997,o998,o999}'::text[]))
	              Buffers: shared hit=19140
