DO
MARKER_AFTER_GUARD
CREATE TABLE
INSERT 0 3
INSERT 0 2
INSERT 0 1
INSERT 0 4
INSERT 0 1
@@ settings
                                                                v                                                                
---------------------------------------------------------------------------------------------------------------------------------
 @@ version=PostgreSQL 16.14 (Debian 16.14-1.pgdg13+1) on x86_64-pc-linux-gnu, compiled by gcc (Debian 14.2.0-19) 14.2.0, 64-bit
(1 row)

                  s                   
--------------------------------------
 @@ effective_cache_size=524288
 @@ max_parallel_workers_per_gather=2
 @@ random_page_cost=4
 @@ shared_buffers=76800
 @@ work_mem=4096
(5 rows)

                                 r                                 
-------------------------------------------------------------------
 @@ rows output_snapshot_history=4986648 node_payload_history=2901
(1 row)

        pv        
------------------
 @@ pg16_view=off
(1 row)

                                                                                                                                     ix                                                                                                                                      
-----------------------------------------------------------------------------------------------------------------------------------------------------------------------------------------------------------------------------------------------------------------------------
 @@ indexes idx_node_payload_history_captured_at, idx_node_payload_history_node_captured, idx_output_snapshot_history_captured_at, idx_output_snapshot_history_output_captured, idx_output_snapshot_history_payload, node_payload_history_pkey, output_snapshot_history_pkey
(1 row)

CREATE FUNCTION
CREATE FUNCTION
BEGIN
 ?column? 
----------
        1
(1 row)

psql:backend/scripts/perf/history-retention-batched-measure.sql:342: NOTICE:  @@LOCK run=1 repo=1 acquired=t
psql:backend/scripts/perf/history-retention-batched-measure.sql:342: NOTICE:  @@STMT run=1 repo=1 seq=11 label=history age purge free
psql:backend/scripts/perf/history-retention-batched-measure.sql:342: NOTICE:  @@P Delete on output_snapshot_history h  (cost=166.90..25425.13 rows=0 width=0) (actual time=2976.906..2976.911 rows=0 loops=1)
psql:backend/scripts/perf/history-retention-batched-measure.sql:342: NOTICE:  @@P   Buffers: shared hit=642 read=17623 dirtied=14
psql:backend/scripts/perf/history-retention-batched-measure.sql:342: NOTICE:  @@P   ->  Hash Join  (cost=166.90..25425.13 rows=217013 width=18) (actual time=2976.586..2976.774 rows=297 loops=1)
psql:backend/scripts/perf/history-retention-batched-measure.sql:342: NOTICE:  @@P         Hash Cond: (p.owner_id = u.id)
psql:backend/scripts/perf/history-retention-batched-measure.sql:342: NOTICE:  @@P         Buffers: shared hit=345 read=17623
psql:backend/scripts/perf/history-retention-batched-measure.sql:342: NOTICE:  @@P         ->  Hash Join  (cost=110.45..24554.28 rows=309462 width=28) (actual time=65.022..2957.264 rows=316648 loops=1)
psql:backend/scripts/perf/history-retention-batched-measure.sql:342: NOTICE:  @@P               Hash Cond: (h.pipeline_id = p.id)
psql:backend/scripts/perf/history-retention-batched-measure.sql:342: NOTICE:  @@P               Buffers: shared hit=345 read=17602
psql:backend/scripts/perf/history-retention-batched-measure.sql:342: NOTICE:  @@P               ->  Index Scan using idx_output_snapshot_history_captured_at on output_snapshot_history h  (cost=0.43..23630.64 rows=309555 width=11) (actual time=0.013..2831.393 rows=316648 loops=1)
psql:backend/scripts/perf/history-retention-batched-measure.sql:342: NOTICE:  @@P                     Index Cond: (captured_at < '2026-09-10 05:00:00+00'::timestamp with time zone)
psql:backend/scripts/perf/history-retention-batched-measure.sql:342: NOTICE:  @@P                     Buffers: shared hit=345 read=17567
psql:backend/scripts/perf/history-retention-batched-measure.sql:342: NOTICE:  @@P               ->  Hash  (cost=68.34..68.34 rows=3334 width=27) (actual time=64.988..64.989 rows=3334 loops=1)
psql:backend/scripts/perf/history-retention-batched-measure.sql:342: NOTICE:  @@P                     Buckets: 4096  Batches: 1  Memory Usage: 227kB
psql:backend/scripts/perf/history-retention-batched-measure.sql:342: NOTICE:  @@P                     Buffers: shared read=35
psql:backend/scripts/perf/history-retention-batched-measure.sql:342: NOTICE:  @@P                     ->  Seq Scan on pipelines p  (cost=0.00..68.34 rows=3334 width=27) (actual time=0.321..64.643 rows=3334 loops=1)
psql:backend/scripts/perf/history-retention-batched-measure.sql:342: NOTICE:  @@P                           Buffers: shared read=35
psql:backend/scripts/perf/history-retention-batched-measure.sql:342: NOTICE:  @@P         ->  Hash  (cost=41.84..41.84 rows=1169 width=22) (actual time=1.543..1.545 rows=1169 loops=1)
psql:backend/scripts/perf/history-retention-batched-measure.sql:342: NOTICE:  @@P               Buckets: 2048  Batches: 1  Memory Usage: 78kB
psql:backend/scripts/perf/history-retention-batched-measure.sql:342: NOTICE:  @@P               Buffers: shared read=21
psql:backend/scripts/perf/history-retention-batched-measure.sql:342: NOTICE:  @@P               ->  Seq Scan on users u  (cost=0.00..41.84 rows=1169 width=22) (actual time=0.422..1.417 rows=1169 loops=1)
psql:backend/scripts/perf/history-retention-batched-measure.sql:342: NOTICE:  @@P                     Filter: (tier = 'free'::text)
psql:backend/scripts/perf/history-retention-batched-measure.sql:342: NOTICE:  @@P                     Rows Removed by Filter: 498
psql:backend/scripts/perf/history-retention-batched-measure.sql:342: NOTICE:  @@P                     Buffers: shared read=21
psql:backend/scripts/perf/history-retention-batched-measure.sql:342: NOTICE:  @@P Planning:
psql:backend/scripts/perf/history-retention-batched-measure.sql:342: NOTICE:  @@P   Buffers: shared hit=267 read=31
psql:backend/scripts/perf/history-retention-batched-measure.sql:342: NOTICE:  @@P Planning Time: 3.624 ms
psql:backend/scripts/perf/history-retention-batched-measure.sql:342: NOTICE:  @@P Execution Time: 2977.186 ms
psql:backend/scripts/perf/history-retention-batched-measure.sql:342: NOTICE:  @@STMT run=1 repo=1 seq=12 label=history age purge beta
psql:backend/scripts/perf/history-retention-batched-measure.sql:342: NOTICE:  @@P Delete on output_snapshot_history h  (cost=134.95..11652.53 rows=0 width=0) (actual time=28.323..28.327 rows=0 loops=1)
psql:backend/scripts/perf/history-retention-batched-measure.sql:342: NOTICE:  @@P   Buffers: shared hit=7916 dirtied=6
psql:backend/scripts/perf/history-retention-batched-measure.sql:342: NOTICE:  @@P   ->  Hash Join  (cost=134.95..11652.53 rows=34708 width=18) (actual time=28.230..28.272 rows=104 loops=1)
psql:backend/scripts/perf/history-retention-batched-measure.sql:342: NOTICE:  @@P         Hash Cond: (h.pipeline_id = p.id)
psql:backend/scripts/perf/history-retention-batched-measure.sql:342: NOTICE:  @@P         Buffers: shared hit=7812
psql:backend/scripts/perf/history-retention-batched-measure.sql:342: NOTICE:  @@P         ->  Index Scan using idx_output_snapshot_history_captured_at on output_snapshot_history h  (cost=0.43..10647.97 rows=139459 width=11) (actual time=0.007..20.696 rows=137071 loops=1)
psql:backend/scripts/perf/history-retention-batched-measure.sql:342: NOTICE:  @@P               Index Cond: (captured_at < '2026-07-12 05:00:00+00'::timestamp with time zone)
psql:backend/scripts/perf/history-retention-batched-measure.sql:342: NOTICE:  @@P               Buffers: shared hit=7756
psql:backend/scripts/perf/history-retention-batched-measure.sql:342: NOTICE:  @@P         ->  Hash  (cost=124.14..124.14 rows=830 width=17) (actual time=0.776..0.779 rows=830 loops=1)
psql:backend/scripts/perf/history-retention-batched-measure.sql:342: NOTICE:  @@P               Buckets: 1024  Batches: 1  Memory Usage: 49kB
psql:backend/scripts/perf/history-retention-batched-measure.sql:342: NOTICE:  @@P               Buffers: shared hit=56
psql:backend/scripts/perf/history-retention-batched-measure.sql:342: NOTICE:  @@P               ->  Hash Join  (cost=47.03..124.14 rows=830 width=17) (actual time=0.169..0.687 rows=830 loops=1)
psql:backend/scripts/perf/history-retention-batched-measure.sql:342: NOTICE:  @@P                     Hash Cond: (p.owner_id = u.id)
psql:backend/scripts/perf/history-retention-batched-measure.sql:342: NOTICE:  @@P                     Buffers: shared hit=56
psql:backend/scripts/perf/history-retention-batched-measure.sql:342: NOTICE:  @@P                     ->  Seq Scan on pipelines p  (cost=0.00..68.34 rows=3334 width=27) (actual time=0.003..0.285 rows=3334 loops=1)
psql:backend/scripts/perf/history-retention-batched-measure.sql:342: NOTICE:  @@P                           Buffers: shared hit=35
psql:backend/scripts/perf/history-retention-batched-measure.sql:342: NOTICE:  @@P                     ->  Hash  (cost=41.84..41.84 rows=415 width=22) (actual time=0.162..0.164 rows=415 loops=1)
psql:backend/scripts/perf/history-retention-batched-measure.sql:342: NOTICE:  @@P                           Buckets: 1024  Batches: 1  Memory Usage: 30kB
psql:backend/scripts/perf/history-retention-batched-measure.sql:342: NOTICE:  @@P                           Buffers: shared hit=21
psql:backend/scripts/perf/history-retention-batched-measure.sql:342: NOTICE:  @@P                           ->  Seq Scan on users u  (cost=0.00..41.84 rows=415 width=22) (actual time=0.004..0.129 rows=415 loops=1)
psql:backend/scripts/perf/history-retention-batched-measure.sql:342: NOTICE:  @@P                                 Filter: (tier = 'beta'::text)
psql:backend/scripts/perf/history-retention-batched-measure.sql:342: NOTICE:  @@P                                 Rows Removed by Filter: 1252
psql:backend/scripts/perf/history-retention-batched-measure.sql:342: NOTICE:  @@P                                 Buffers: shared hit=21
psql:backend/scripts/perf/history-retention-batched-measure.sql:342: NOTICE:  @@P Planning:
psql:backend/scripts/perf/history-retention-batched-measure.sql:342: NOTICE:  @@P   Buffers: shared hit=20
psql:backend/scripts/perf/history-retention-batched-measure.sql:342: NOTICE:  @@P Planning Time: 0.202 ms
psql:backend/scripts/perf/history-retention-batched-measure.sql:342: NOTICE:  @@P Execution Time: 28.351 ms
psql:backend/scripts/perf/history-retention-batched-measure.sql:342: NOTICE:  @@STMT run=1 repo=1 seq=13 label=history age purge owner
psql:backend/scripts/perf/history-retention-batched-measure.sql:342: NOTICE:  @@P Delete on output_snapshot_history h  (cost=0.99..74.30 rows=0 width=0) (actual time=0.976..0.977 rows=0 loops=1)
psql:backend/scripts/perf/history-retention-batched-measure.sql:342: NOTICE:  @@P   Buffers: shared hit=111 read=12
psql:backend/scripts/perf/history-retention-batched-measure.sql:342: NOTICE:  @@P   ->  Nested Loop  (cost=0.99..74.30 rows=1 width=18) (actual time=0.008..0.965 rows=17 loops=1)
psql:backend/scripts/perf/history-retention-batched-measure.sql:342: NOTICE:  @@P         Buffers: shared hit=94 read=12
psql:backend/scripts/perf/history-retention-batched-measure.sql:342: NOTICE:  @@P         ->  Nested Loop  (cost=0.71..71.27 rows=9 width=28) (actual time=0.006..0.562 rows=17 loops=1)
psql:backend/scripts/perf/history-retention-batched-measure.sql:342: NOTICE:  @@P               Buffers: shared hit=48 read=7
psql:backend/scripts/perf/history-retention-batched-measure.sql:342: NOTICE:  @@P               ->  Index Scan using idx_output_snapshot_history_captured_at on output_snapshot_history h  (cost=0.43..8.59 rows=9 width=11) (actual time=0.002..0.004 rows=17 loops=1)
psql:backend/scripts/perf/history-retention-batched-measure.sql:342: NOTICE:  @@P                     Index Cond: (captured_at < '2025-10-10 05:00:00+00'::timestamp with time zone)
psql:backend/scripts/perf/history-retention-batched-measure.sql:342: NOTICE:  @@P                     Buffers: shared hit=4
psql:backend/scripts/perf/history-retention-batched-measure.sql:342: NOTICE:  @@P               ->  Index Scan using pipelines_pkey on pipelines p  (cost=0.28..6.96 rows=1 width=27) (actual time=0.033..0.033 rows=1 loops=17)
psql:backend/scripts/perf/history-retention-batched-measure.sql:342: NOTICE:  @@P                     Index Cond: (id = h.pipeline_id)
psql:backend/scripts/perf/history-retention-batched-measure.sql:342: NOTICE:  @@P                     Buffers: shared hit=44 read=7
psql:backend/scripts/perf/history-retention-batched-measure.sql:342: NOTICE:  @@P         ->  Index Scan using users_pkey on users u  (cost=0.28..0.34 rows=1 width=22) (actual time=0.023..0.023 rows=1 loops=17)
psql:backend/scripts/perf/history-retention-batched-measure.sql:342: NOTICE:  @@P               Index Cond: (id = p.owner_id)
psql:backend/scripts/perf/history-retention-batched-measure.sql:342: NOTICE:  @@P               Filter: (tier = 'owner'::text)
psql:backend/scripts/perf/history-retention-batched-measure.sql:342: NOTICE:  @@P               Buffers: shared hit=46 read=5
psql:backend/scripts/perf/history-retention-batched-measure.sql:342: NOTICE:  @@P Planning:
psql:backend/scripts/perf/history-retention-batched-measure.sql:342: NOTICE:  @@P   Buffers: shared hit=25
psql:backend/scripts/perf/history-retention-batched-measure.sql:342: NOTICE:  @@P Planning Time: 0.203 ms
psql:backend/scripts/perf/history-retention-batched-measure.sql:342: NOTICE:  @@P Execution Time: 0.993 ms
psql:backend/scripts/perf/history-retention-batched-measure.sql:342: NOTICE:  @@STMT run=1 repo=1 seq=20 label=history age purge unnamed-tier catch-all
psql:backend/scripts/perf/history-retention-batched-measure.sql:342: NOTICE:  @@P Delete on output_snapshot_history h  (cost=55.28..24848.19 rows=0 width=0) (actual time=0.113..0.113 rows=0 loops=1)
psql:backend/scripts/perf/history-retention-batched-measure.sql:342: NOTICE:  @@P   Buffers: shared hit=25
psql:backend/scripts/perf/history-retention-batched-measure.sql:342: NOTICE:  @@P   ->  Hash Join  (cost=55.28..24848.19 rows=186 width=18) (actual time=0.112..0.113 rows=0 loops=1)
psql:backend/scripts/perf/history-retention-batched-measure.sql:342: NOTICE:  @@P         Hash Cond: (h.pipeline_id = p.id)
psql:backend/scripts/perf/history-retention-batched-measure.sql:342: NOTICE:  @@P         Buffers: shared hit=25
psql:backend/scripts/perf/history-retention-batched-measure.sql:342: NOTICE:  @@P         ->  Index Scan using idx_output_snapshot_history_captured_at on output_snapshot_history h  (cost=0.43..23630.64 rows=309555 width=11) (actual time=0.003..0.004 rows=1 loops=1)
psql:backend/scripts/perf/history-retention-batched-measure.sql:342: NOTICE:  @@P               Index Cond: (captured_at < '2026-09-10 05:00:00+00'::timestamp with time zone)
psql:backend/scripts/perf/history-retention-batched-measure.sql:342: NOTICE:  @@P               Buffers: shared hit=4
psql:backend/scripts/perf/history-retention-batched-measure.sql:342: NOTICE:  @@P         ->  Hash  (cost=54.83..54.83 rows=2 width=17) (actual time=0.107..0.107 rows=0 loops=1)
psql:backend/scripts/perf/history-retention-batched-measure.sql:342: NOTICE:  @@P               Buckets: 1024  Batches: 1  Memory Usage: 8kB
psql:backend/scripts/perf/history-retention-batched-measure.sql:342: NOTICE:  @@P               Buffers: shared hit=21
psql:backend/scripts/perf/history-retention-batched-measure.sql:342: NOTICE:  @@P               ->  Nested Loop  (cost=4.30..54.83 rows=2 width=17) (actual time=0.107..0.107 rows=0 loops=1)
psql:backend/scripts/perf/history-retention-batched-measure.sql:342: NOTICE:  @@P                     Buffers: shared hit=21
psql:backend/scripts/perf/history-retention-batched-measure.sql:342: NOTICE:  @@P                     ->  Seq Scan on users u  (cost=0.00..43.92 rows=1 width=22) (actual time=0.107..0.107 rows=0 loops=1)
psql:backend/scripts/perf/history-retention-batched-measure.sql:342: NOTICE:  @@P                           Filter: (tier <> ALL ('{free,beta,owner}'::text[]))
psql:backend/scripts/perf/history-retention-batched-measure.sql:342: NOTICE:  @@P                           Rows Removed by Filter: 1667
psql:backend/scripts/perf/history-retention-batched-measure.sql:342: NOTICE:  @@P                           Buffers: shared hit=21
psql:backend/scripts/perf/history-retention-batched-measure.sql:342: NOTICE:  @@P                     ->  Bitmap Heap Scan on pipelines p  (cost=4.30..10.89 rows=2 width=27) (never executed)
psql:backend/scripts/perf/history-retention-batched-measure.sql:342: NOTICE:  @@P                           Recheck Cond: (u.id = owner_id)
psql:backend/scripts/perf/history-retention-batched-measure.sql:342: NOTICE:  @@P                           ->  Bitmap Index Scan on idx_pipelines_owner_id  (cost=0.00..4.29 rows=2 width=0) (never executed)
psql:backend/scripts/perf/history-retention-batched-measure.sql:342: NOTICE:  @@P                                 Index Cond: (owner_id = u.id)
psql:backend/scripts/perf/history-retention-batched-measure.sql:342: NOTICE:  @@P Planning:
psql:backend/scripts/perf/history-retention-batched-measure.sql:342: NOTICE:  @@P   Buffers: shared hit=20
psql:backend/scripts/perf/history-retention-batched-measure.sql:342: NOTICE:  @@P Planning Time: 0.114 ms
psql:backend/scripts/perf/history-retention-batched-measure.sql:342: NOTICE:  @@P Execution Time: 0.125 ms
psql:backend/scripts/perf/history-retention-batched-measure.sql:342: NOTICE:  @@STMT run=1 repo=1 seq=30 label=history thin (protected newest 101)
psql:backend/scripts/perf/history-retention-batched-measure.sql:342: NOTICE:  @@P Delete on output_snapshot_history  (cost=1586210.46..1996568.32 rows=0 width=0) (actual time=97602.145..97602.150 rows=0 loops=1)
psql:backend/scripts/perf/history-retention-batched-measure.sql:342: NOTICE:  @@P   Buffers: shared hit=168787 read=505770 dirtied=6326, temp read=74646 written=74745
psql:backend/scripts/perf/history-retention-batched-measure.sql:342: NOTICE:  @@P   ->  Hash Semi Join  (cost=1586210.46..1996568.32 rows=554548 width=46) (actual time=56939.518..97531.162 rows=120000 loops=1)
psql:backend/scripts/perf/history-retention-batched-measure.sql:342: NOTICE:  @@P         Hash Cond: (output_snapshot_history.id = ranked.id)
psql:backend/scripts/perf/history-retention-batched-measure.sql:342: NOTICE:  @@P         Buffers: shared hit=48787 read=505770, temp read=74646 written=74745
psql:backend/scripts/perf/history-retention-batched-measure.sql:342: NOTICE:  @@P         ->  Seq Scan on output_snapshot_history  (cost=0.00..327183.32 rows=4990932 width=22) (actual time=197.981..41655.440 rows=4986230 loops=1)
psql:backend/scripts/perf/history-retention-batched-measure.sql:342: NOTICE:  @@P               Buffers: shared hit=24405 read=252869
psql:backend/scripts/perf/history-retention-batched-measure.sql:342: NOTICE:  @@P         ->  Hash  (cost=1573862.61..1573862.61 rows=554548 width=56) (actual time=54632.878..54632.882 rows=120000 loops=1)
psql:backend/scripts/perf/history-retention-batched-measure.sql:342: NOTICE:  @@P               Buckets: 131072  Batches: 8  Memory Usage: 2389kB
psql:backend/scripts/perf/history-retention-batched-measure.sql:342: NOTICE:  @@P               Buffers: shared hit=24382 read=252901, temp read=51239 written=52372
psql:backend/scripts/perf/history-retention-batched-measure.sql:342: NOTICE:  @@P               ->  Subquery Scan on ranked  (cost=1121302.83..1573862.61 rows=554548 width=56) (actual time=43515.896..54606.364 rows=120000 loops=1)
psql:backend/scripts/perf/history-retention-batched-measure.sql:342: NOTICE:  @@P                     Filter: (ranked.rn > 1)
psql:backend/scripts/perf/history-retention-batched-measure.sql:342: NOTICE:  @@P                     Rows Removed by Filter: 3856230
psql:backend/scripts/perf/history-retention-batched-measure.sql:342: NOTICE:  @@P                     Buffers: shared hit=24382 read=252901, temp read=51239 written=51338
psql:backend/scripts/perf/history-retention-batched-measure.sql:342: NOTICE:  @@P                     ->  WindowAgg  (cost=1121302.83..1553067.06 rows=1663644 width=73) (actual time=43515.794..54405.345 rows=3976230 loops=1)
psql:backend/scripts/perf/history-retention-batched-measure.sql:342: NOTICE:  @@P                           Buffers: shared hit=24382 read=252901, temp read=51239 written=51338
psql:backend/scripts/perf/history-retention-batched-measure.sql:342: NOTICE:  @@P                           ->  Incremental Sort  (cost=1121302.83..1444930.20 rows=1663644 width=65) (actual time=43515.790..52753.642 rows=3976230 loops=1)
psql:backend/scripts/perf/history-retention-batched-measure.sql:342: NOTICE:  @@P                                 Sort Key: recent.output_id, (CASE WHEN (EXTRACT(epoch FROM ('2026-10-10 05:00:00+00'::timestamp with time zone - recent.captured_at)) < '86400'::numeric) THEN 0 WHEN (EXTRACT(epoch FROM ('2026-10-10 05:00:00+00'::timestamp with time zone - recent.captured_at)) < '604800'::numeric) THEN 1 ELSE 2 END), (floor((EXTRACT(epoch FROM recent.captured_at) / (CASE WHEN (EXTRACT(epoch FROM ('2026-10-10 05:00:00+00'::timestamp with time zone - recent.captured_at)) < '86400'::numeric) THEN '300'::bigint WHEN (EXTRACT(epoch FROM ('2026-10-10 05:00:00+00'::timestamp with time zone - recent.captured_at)) < '604800'::numeric) THEN '3600'::bigint ELSE '86400'::bigint END)::numeric))), recent.captured_at DESC, recent.id DESC
psql:backend/scripts/perf/history-retention-batched-measure.sql:342: NOTICE:  @@P                                 Presorted Key: recent.output_id
psql:backend/scripts/perf/history-retention-batched-measure.sql:342: NOTICE:  @@P                                 Full-sort Groups: 10000  Sort Method: quicksort  Average Memory: 29kB  Peak Memory: 29kB
psql:backend/scripts/perf/history-retention-batched-measure.sql:342: NOTICE:  @@P                                 Pre-sorted Groups: 10000  Sort Method: quicksort  Average Memory: 49kB  Peak Memory: 50kB
psql:backend/scripts/perf/history-retention-batched-measure.sql:342: NOTICE:  @@P                                 Buffers: shared hit=24382 read=252901, temp read=51239 written=51338
psql:backend/scripts/perf/history-retention-batched-measure.sql:342: NOTICE:  @@P                                 ->  Subquery Scan on recent  (cost=1121272.41..1362500.79 rows=1663644 width=65) (actual time=43515.312..48568.490 rows=3976230 loops=1)
psql:backend/scripts/perf/history-retention-batched-measure.sql:342: NOTICE:  @@P                                       Filter: (recent.recency > 101)
psql:backend/scripts/perf/history-retention-batched-measure.sql:342: NOTICE:  @@P                                       Rows Removed by Filter: 1010000
psql:backend/scripts/perf/history-retention-batched-measure.sql:342: NOTICE:  @@P                                       Buffers: shared hit=24373 read=252901, temp read=51239 written=51338
psql:backend/scripts/perf/history-retention-batched-measure.sql:342: NOTICE:  @@P                                       ->  WindowAgg  (cost=1121272.41..1233568.38 rows=4990932 width=37) (actual time=43515.241..45469.746 rows=4986230 loops=1)
psql:backend/scripts/perf/history-retention-batched-measure.sql:342: NOTICE:  @@P                                             Buffers: shared hit=24373 read=252901, temp read=51239 written=51338
psql:backend/scripts/perf/history-retention-batched-measure.sql:342: NOTICE:  @@P                                             ->  Sort  (cost=1121272.41..1133749.74 rows=4990932 width=29) (actual time=43515.216..44341.963 rows=4986230 loops=1)
psql:backend/scripts/perf/history-retention-batched-measure.sql:342: NOTICE:  @@P                                                   Sort Key: output_snapshot_history_1.output_id, output_snapshot_history_1.captured_at DESC, output_snapshot_history_1.id DESC
psql:backend/scripts/perf/history-retention-batched-measure.sql:342: NOTICE:  @@P                                                   Sort Method: external merge  Disk: 204984kB
psql:backend/scripts/perf/history-retention-batched-measure.sql:342: NOTICE:  @@P                                                   Buffers: shared hit=24373 read=252901, temp read=51239 written=51338
psql:backend/scripts/perf/history-retention-batched-measure.sql:342: NOTICE:  @@P                                                   ->  Seq Scan on output_snapshot_history output_snapshot_history_1  (cost=0.00..327183.32 rows=4990932 width=29) (actual time=0.013..38771.949 rows=4986230 loops=1)
psql:backend/scripts/perf/history-retention-batched-measure.sql:342: NOTICE:  @@P                                                         Buffers: shared hit=24373 read=252901
psql:backend/scripts/perf/history-retention-batched-measure.sql:342: NOTICE:  @@P Planning:
psql:backend/scripts/perf/history-retention-batched-measure.sql:342: NOTICE:  @@P   Buffers: shared hit=27 read=5
psql:backend/scripts/perf/history-retention-batched-measure.sql:342: NOTICE:  @@P Planning Time: 1.394 ms
psql:backend/scripts/perf/history-retention-batched-measure.sql:342: NOTICE:  @@P JIT:
psql:backend/scripts/perf/history-retention-batched-measure.sql:342: NOTICE:  @@P   Functions: 22
psql:backend/scripts/perf/history-retention-batched-measure.sql:342: NOTICE:  @@P   Options: Inlining true, Optimization true, Expressions true, Deforming true
psql:backend/scripts/perf/history-retention-batched-measure.sql:342: NOTICE:  @@P   Timing: Generation 0.605 ms, Inlining 36.121 ms, Optimization 80.595 ms, Emission 81.320 ms, Total 198.640 ms
psql:backend/scripts/perf/history-retention-batched-measure.sql:342: NOTICE:  @@P Execution Time: 97632.998 ms
 perf_explain 
--------------
 
(1 row)

ROLLBACK
BEGIN
 ?column? 
----------
        1
(1 row)

psql:backend/scripts/perf/history-retention-batched-measure.sql:342: NOTICE:  @@LOCK run=1 repo=2 acquired=t
psql:backend/scripts/perf/history-retention-batched-measure.sql:342: NOTICE:  @@STMT run=1 repo=2 seq=10 label=payload disallowed-tier
psql:backend/scripts/perf/history-retention-batched-measure.sql:342: NOTICE:  @@P Delete on node_payload_history h  (cost=137.63..857.57 rows=0 width=0) (actual time=92.703..92.706 rows=0 loops=1)
psql:backend/scripts/perf/history-retention-batched-measure.sql:342: NOTICE:  @@P   Buffers: shared hit=389 read=671 dirtied=45
psql:backend/scripts/perf/history-retention-batched-measure.sql:342: NOTICE:  @@P   ->  Hash Anti Join  (cost=137.63..857.57 rows=2034 width=18) (actual time=10.162..88.539 rows=47 loops=1)
psql:backend/scripts/perf/history-retention-batched-measure.sql:342: NOTICE:  @@P         Hash Cond: (h.pipeline_id = p.id)
psql:backend/scripts/perf/history-retention-batched-measure.sql:342: NOTICE:  @@P         Buffers: shared hit=99 read=619
psql:backend/scripts/perf/history-retention-batched-measure.sql:342: NOTICE:  @@P         ->  Seq Scan on node_payload_history h  (cost=0.00..691.01 rows=2901 width=11) (actual time=0.189..87.108 rows=2901 loops=1)
psql:backend/scripts/perf/history-retention-batched-measure.sql:342: NOTICE:  @@P               Buffers: shared hit=43 read=619
psql:backend/scripts/perf/history-retention-batched-measure.sql:342: NOTICE:  @@P         ->  Hash  (cost=125.18..125.18 rows=996 width=17) (actual time=0.763..0.766 rows=996 loops=1)
psql:backend/scripts/perf/history-retention-batched-measure.sql:342: NOTICE:  @@P               Buckets: 1024  Batches: 1  Memory Usage: 57kB
psql:backend/scripts/perf/history-retention-batched-measure.sql:342: NOTICE:  @@P               Buffers: shared hit=56
psql:backend/scripts/perf/history-retention-batched-measure.sql:342: NOTICE:  @@P               ->  Hash Join  (cost=48.06..125.18 rows=996 width=17) (actual time=0.194..0.674 rows=996 loops=1)
psql:backend/scripts/perf/history-retention-batched-measure.sql:342: NOTICE:  @@P                     Hash Cond: (p.owner_id = u.id)
psql:backend/scripts/perf/history-retention-batched-measure.sql:342: NOTICE:  @@P                     Buffers: shared hit=56
psql:backend/scripts/perf/history-retention-batched-measure.sql:342: NOTICE:  @@P                     ->  Seq Scan on pipelines p  (cost=0.00..68.34 rows=3334 width=27) (actual time=0.004..0.238 rows=3334 loops=1)
psql:backend/scripts/perf/history-retention-batched-measure.sql:342: NOTICE:  @@P                           Buffers: shared hit=35
psql:backend/scripts/perf/history-retention-batched-measure.sql:342: NOTICE:  @@P                     ->  Hash  (cost=41.84..41.84 rows=498 width=22) (actual time=0.186..0.187 rows=498 loops=1)
psql:backend/scripts/perf/history-retention-batched-measure.sql:342: NOTICE:  @@P                           Buckets: 1024  Batches: 1  Memory Usage: 35kB
psql:backend/scripts/perf/history-retention-batched-measure.sql:342: NOTICE:  @@P                           Buffers: shared hit=21
psql:backend/scripts/perf/history-retention-batched-measure.sql:342: NOTICE:  @@P                           ->  Seq Scan on users u  (cost=0.00..41.84 rows=498 width=22) (actual time=0.006..0.148 rows=498 loops=1)
psql:backend/scripts/perf/history-retention-batched-measure.sql:342: NOTICE:  @@P                                 Filter: (tier = ANY ('{beta,owner}'::text[]))
psql:backend/scripts/perf/history-retention-batched-measure.sql:342: NOTICE:  @@P                                 Rows Removed by Filter: 1169
psql:backend/scripts/perf/history-retention-batched-measure.sql:342: NOTICE:  @@P                                 Buffers: shared hit=21
psql:backend/scripts/perf/history-retention-batched-measure.sql:342: NOTICE:  @@P Planning:
psql:backend/scripts/perf/history-retention-batched-measure.sql:342: NOTICE:  @@P   Buffers: shared hit=27 read=3
psql:backend/scripts/perf/history-retention-batched-measure.sql:342: NOTICE:  @@P Planning Time: 10.770 ms
psql:backend/scripts/perf/history-retention-batched-measure.sql:342: NOTICE:  @@P Trigger for constraint output_snapshot_history_payload_id_fkey: time=52.755 calls=47
psql:backend/scripts/perf/history-retention-batched-measure.sql:342: NOTICE:  @@P Execution Time: 145.516 ms
psql:backend/scripts/perf/history-retention-batched-measure.sql:342: NOTICE:  @@STMT run=1 repo=2 seq=20 label=payload age purge beta
psql:backend/scripts/perf/history-retention-batched-measure.sql:342: NOTICE:  @@P Delete on node_payload_history h  (cost=0.84..49.06 rows=0 width=0) (actual time=0.371..0.371 rows=0 loops=1)
psql:backend/scripts/perf/history-retention-batched-measure.sql:342: NOTICE:  @@P   Buffers: shared hit=33 read=2
psql:backend/scripts/perf/history-retention-batched-measure.sql:342: NOTICE:  @@P   ->  Nested Loop  (cost=0.84..49.06 rows=1 width=18) (actual time=0.010..0.365 rows=4 loops=1)
psql:backend/scripts/perf/history-retention-batched-measure.sql:342: NOTICE:  @@P         Buffers: shared hit=25 read=2
psql:backend/scripts/perf/history-retention-batched-measure.sql:342: NOTICE:  @@P         ->  Nested Loop  (cost=0.56..47.71 rows=4 width=28) (actual time=0.006..0.213 rows=4 loops=1)
psql:backend/scripts/perf/history-retention-batched-measure.sql:342: NOTICE:  @@P               Buffers: shared hit=14 read=1
psql:backend/scripts/perf/history-retention-batched-measure.sql:342: NOTICE:  @@P               ->  Index Scan using idx_node_payload_history_captured_at on node_payload_history h  (cost=0.28..14.52 rows=4 width=11) (actual time=0.003..0.004 rows=4 loops=1)
psql:backend/scripts/perf/history-retention-batched-measure.sql:342: NOTICE:  @@P                     Index Cond: (captured_at < '2026-10-03 05:00:00+00'::timestamp with time zone)
psql:backend/scripts/perf/history-retention-batched-measure.sql:342: NOTICE:  @@P                     Buffers: shared hit=3
psql:backend/scripts/perf/history-retention-batched-measure.sql:342: NOTICE:  @@P               ->  Index Scan using pipelines_pkey on pipelines p  (cost=0.28..8.30 rows=1 width=27) (actual time=0.052..0.052 rows=1 loops=4)
psql:backend/scripts/perf/history-retention-batched-measure.sql:342: NOTICE:  @@P                     Index Cond: (id = h.pipeline_id)
psql:backend/scripts/perf/history-retention-batched-measure.sql:342: NOTICE:  @@P                     Buffers: shared hit=11 read=1
psql:backend/scripts/perf/history-retention-batched-measure.sql:342: NOTICE:  @@P         ->  Index Scan using users_pkey on users u  (cost=0.28..0.34 rows=1 width=22) (actual time=0.038..0.038 rows=1 loops=4)
psql:backend/scripts/perf/history-retention-batched-measure.sql:342: NOTICE:  @@P               Index Cond: (id = p.owner_id)
psql:backend/scripts/perf/history-retention-batched-measure.sql:342: NOTICE:  @@P               Filter: (tier = 'beta'::text)
psql:backend/scripts/perf/history-retention-batched-measure.sql:342: NOTICE:  @@P               Buffers: shared hit=11 read=1
psql:backend/scripts/perf/history-retention-batched-measure.sql:342: NOTICE:  @@P Planning:
psql:backend/scripts/perf/history-retention-batched-measure.sql:342: NOTICE:  @@P   Buffers: shared hit=27
psql:backend/scripts/perf/history-retention-batched-measure.sql:342: NOTICE:  @@P Planning Time: 0.198 ms
psql:backend/scripts/perf/history-retention-batched-measure.sql:342: NOTICE:  @@P Trigger for constraint output_snapshot_history_payload_id_fkey: time=3.000 calls=4
psql:backend/scripts/perf/history-retention-batched-measure.sql:342: NOTICE:  @@P Execution Time: 3.382 ms
psql:backend/scripts/perf/history-retention-batched-measure.sql:342: NOTICE:  @@STMT run=1 repo=2 seq=30 label=payload newest-N beta
psql:backend/scripts/perf/history-retention-batched-measure.sql:342: NOTICE:  @@P Delete on node_payload_history  (cost=909.80..1611.10 rows=0 width=0) (actual time=4.879..4.882 rows=0 loops=1)
psql:backend/scripts/perf/history-retention-batched-measure.sql:342: NOTICE:  @@P   Buffers: shared hit=1506 read=20 dirtied=18
psql:backend/scripts/perf/history-retention-batched-measure.sql:342: NOTICE:  @@P   ->  Hash Semi Join  (cost=909.80..1611.10 rows=241 width=46) (actual time=2.799..3.414 rows=25 loops=1)
psql:backend/scripts/perf/history-retention-batched-measure.sql:342: NOTICE:  @@P         Hash Cond: (node_payload_history.id = ranked.id)
psql:backend/scripts/perf/history-retention-batched-measure.sql:342: NOTICE:  @@P         Buffers: shared hit=1380
psql:backend/scripts/perf/history-retention-batched-measure.sql:342: NOTICE:  @@P         ->  Seq Scan on node_payload_history  (cost=0.00..691.01 rows=2901 width=22) (actual time=0.003..0.503 rows=2850 loops=1)
psql:backend/scripts/perf/history-retention-batched-measure.sql:342: NOTICE:  @@P               Buffers: shared hit=662
psql:backend/scripts/perf/history-retention-batched-measure.sql:342: NOTICE:  @@P         ->  Hash  (cost=906.78..906.78 rows=241 width=56) (actual time=2.753..2.756 rows=25 loops=1)
psql:backend/scripts/perf/history-retention-batched-measure.sql:342: NOTICE:  @@P               Buckets: 1024  Batches: 1  Memory Usage: 11kB
psql:backend/scripts/perf/history-retention-batched-measure.sql:342: NOTICE:  @@P               Buffers: shared hit=718
psql:backend/scripts/perf/history-retention-batched-measure.sql:342: NOTICE:  @@P               ->  Subquery Scan on ranked  (cost=877.90..906.78 rows=241 width=56) (actual time=2.386..2.753 rows=25 loops=1)
psql:backend/scripts/perf/history-retention-batched-measure.sql:342: NOTICE:  @@P                     Filter: (ranked.rn > 10)
psql:backend/scripts/perf/history-retention-batched-measure.sql:342: NOTICE:  @@P                     Rows Removed by Filter: 1650
psql:backend/scripts/perf/history-retention-batched-measure.sql:342: NOTICE:  @@P                     Buffers: shared hit=718
psql:backend/scripts/perf/history-retention-batched-measure.sql:342: NOTICE:  @@P                     ->  WindowAgg  (cost=877.90..897.76 rows=722 width=74) (actual time=2.378..2.701 rows=1675 loops=1)
psql:backend/scripts/perf/history-retention-batched-measure.sql:342: NOTICE:  @@P                           Buffers: shared hit=718
psql:backend/scripts/perf/history-retention-batched-measure.sql:342: NOTICE:  @@P                           ->  Sort  (cost=877.90..879.71 rows=722 width=66) (actual time=2.375..2.416 rows=1675 loops=1)
psql:backend/scripts/perf/history-retention-batched-measure.sql:342: NOTICE:  @@P                                 Sort Key: h.pipeline_id, h.node_step_id, h.root_id, h.captured_at DESC, h.id DESC
psql:backend/scripts/perf/history-retention-batched-measure.sql:342: NOTICE:  @@P                                 Sort Method: quicksort  Memory: 153kB
psql:backend/scripts/perf/history-retention-batched-measure.sql:342: NOTICE:  @@P                                 Buffers: shared hit=718
psql:backend/scripts/perf/history-retention-batched-measure.sql:342: NOTICE:  @@P                                 ->  Hash Join  (cost=134.51..843.62 rows=722 width=66) (actual time=0.542..1.491 rows=1675 loops=1)
psql:backend/scripts/perf/history-retention-batched-measure.sql:342: NOTICE:  @@P                                       Hash Cond: (h.pipeline_id = p.id)
psql:backend/scripts/perf/history-retention-batched-measure.sql:342: NOTICE:  @@P                                       Buffers: shared hit=718
psql:backend/scripts/perf/history-retention-batched-measure.sql:342: NOTICE:  @@P                                       ->  Seq Scan on node_payload_history h  (cost=0.00..691.01 rows=2901 width=66) (actual time=0.001..0.322 rows=2850 loops=1)
psql:backend/scripts/perf/history-retention-batched-measure.sql:342: NOTICE:  @@P                                             Buffers: shared hit=662
psql:backend/scripts/perf/history-retention-batched-measure.sql:342: NOTICE:  @@P                                       ->  Hash  (cost=124.14..124.14 rows=830 width=5) (actual time=0.538..0.540 rows=830 loops=1)
psql:backend/scripts/perf/history-retention-batched-measure.sql:342: NOTICE:  @@P                                             Buckets: 1024  Batches: 1  Memory Usage: 39kB
psql:backend/scripts/perf/history-retention-batched-measure.sql:342: NOTICE:  @@P                                             Buffers: shared hit=56
psql:backend/scripts/perf/history-retention-batched-measure.sql:342: NOTICE:  @@P                                             ->  Hash Join  (cost=47.03..124.14 rows=830 width=5) (actual time=0.133..0.492 rows=830 loops=1)
psql:backend/scripts/perf/history-retention-batched-measure.sql:342: NOTICE:  @@P                                                   Hash Cond: (p.owner_id = u.id)
psql:backend/scripts/perf/history-retention-batched-measure.sql:342: NOTICE:  @@P                                                   Buffers: shared hit=56
psql:backend/scripts/perf/history-retention-batched-measure.sql:342: NOTICE:  @@P                                                   ->  Seq Scan on pipelines p  (cost=0.00..68.34 rows=3334 width=21) (actual time=0.002..0.186 rows=3334 loops=1)
psql:backend/scripts/perf/history-retention-batched-measure.sql:342: NOTICE:  @@P                                                         Buffers: shared hit=35
psql:backend/scripts/perf/history-retention-batched-measure.sql:342: NOTICE:  @@P                                                   ->  Hash  (cost=41.84..41.84 rows=415 width=16) (actual time=0.127..0.128 rows=415 loops=1)
psql:backend/scripts/perf/history-retention-batched-measure.sql:342: NOTICE:  @@P                                                         Buckets: 1024  Batches: 1  Memory Usage: 28kB
psql:backend/scripts/perf/history-retention-batched-measure.sql:342: NOTICE:  @@P                                                         Buffers: shared hit=21
psql:backend/scripts/perf/history-retention-batched-measure.sql:342: NOTICE:  @@P                                                         ->  Seq Scan on users u  (cost=0.00..41.84 rows=415 width=16) (actual time=0.003..0.105 rows=415 loops=1)
psql:backend/scripts/perf/history-retention-batched-measure.sql:342: NOTICE:  @@P                                                               Filter: (tier = 'beta'::text)
psql:backend/scripts/perf/history-retention-batched-measure.sql:342: NOTICE:  @@P                                                               Rows Removed by Filter: 1252
psql:backend/scripts/perf/history-retention-batched-measure.sql:342: NOTICE:  @@P                                                               Buffers: shared hit=21
psql:backend/scripts/perf/history-retention-batched-measure.sql:342: NOTICE:  @@P Planning:
psql:backend/scripts/perf/history-retention-batched-measure.sql:342: NOTICE:  @@P   Buffers: shared hit=35 read=4
psql:backend/scripts/perf/history-retention-batched-measure.sql:342: NOTICE:  @@P Planning Time: 0.623 ms
psql:backend/scripts/perf/history-retention-batched-measure.sql:342: NOTICE:  @@P Trigger for constraint output_snapshot_history_payload_id_fkey: time=45.936 calls=25
psql:backend/scripts/perf/history-retention-batched-measure.sql:342: NOTICE:  @@P Execution Time: 50.850 ms
psql:backend/scripts/perf/history-retention-batched-measure.sql:342: NOTICE:  @@STMT run=1 repo=2 seq=40 label=payload age purge owner
psql:backend/scripts/perf/history-retention-batched-measure.sql:342: NOTICE:  @@P Delete on node_payload_history h  (cost=0.84..16.94 rows=0 width=0) (actual time=0.003..0.003 rows=0 loops=1)
psql:backend/scripts/perf/history-retention-batched-measure.sql:342: NOTICE:  @@P   Buffers: shared hit=2
psql:backend/scripts/perf/history-retention-batched-measure.sql:342: NOTICE:  @@P   ->  Nested Loop  (cost=0.84..16.94 rows=1 width=18) (actual time=0.002..0.003 rows=0 loops=1)
psql:backend/scripts/perf/history-retention-batched-measure.sql:342: NOTICE:  @@P         Buffers: shared hit=2
psql:backend/scripts/perf/history-retention-batched-measure.sql:342: NOTICE:  @@P         ->  Nested Loop  (cost=0.56..16.60 rows=1 width=28) (actual time=0.002..0.003 rows=0 loops=1)
psql:backend/scripts/perf/history-retention-batched-measure.sql:342: NOTICE:  @@P               Buffers: shared hit=2
psql:backend/scripts/perf/history-retention-batched-measure.sql:342: NOTICE:  @@P               ->  Index Scan using idx_node_payload_history_captured_at on node_payload_history h  (cost=0.28..8.30 rows=1 width=11) (actual time=0.002..0.002 rows=0 loops=1)
psql:backend/scripts/perf/history-retention-batched-measure.sql:342: NOTICE:  @@P                     Index Cond: (captured_at < '2026-09-10 05:00:00+00'::timestamp with time zone)
psql:backend/scripts/perf/history-retention-batched-measure.sql:342: NOTICE:  @@P                     Buffers: shared hit=2
psql:backend/scripts/perf/history-retention-batched-measure.sql:342: NOTICE:  @@P               ->  Index Scan using pipelines_pkey on pipelines p  (cost=0.28..8.30 rows=1 width=27) (never executed)
psql:backend/scripts/perf/history-retention-batched-measure.sql:342: NOTICE:  @@P                     Index Cond: (id = h.pipeline_id)
psql:backend/scripts/perf/history-retention-batched-measure.sql:342: NOTICE:  @@P         ->  Index Scan using users_pkey on users u  (cost=0.28..0.34 rows=1 width=22) (never executed)
psql:backend/scripts/perf/history-retention-batched-measure.sql:342: NOTICE:  @@P               Index Cond: (id = p.owner_id)
psql:backend/scripts/perf/history-retention-batched-measure.sql:342: NOTICE:  @@P               Filter: (tier = 'owner'::text)
psql:backend/scripts/perf/history-retention-batched-measure.sql:342: NOTICE:  @@P Planning:
psql:backend/scripts/perf/history-retention-batched-measure.sql:342: NOTICE:  @@P   Buffers: shared hit=27
psql:backend/scripts/perf/history-retention-batched-measure.sql:342: NOTICE:  @@P Planning Time: 0.212 ms
psql:backend/scripts/perf/history-retention-batched-measure.sql:342: NOTICE:  @@P Execution Time: 0.013 ms
psql:backend/scripts/perf/history-retention-batched-measure.sql:342: NOTICE:  @@STMT run=1 repo=2 seq=50 label=payload newest-N owner
psql:backend/scripts/perf/history-retention-batched-measure.sql:342: NOTICE:  @@P Delete on node_payload_history  (cost=370.59..651.57 rows=0 width=0) (actual time=5.850..5.853 rows=0 loops=1)
psql:backend/scripts/perf/history-retention-batched-measure.sql:342: NOTICE:  @@P   Buffers: shared hit=1587 read=36 dirtied=5
psql:backend/scripts/perf/history-retention-batched-measure.sql:342: NOTICE:  @@P   ->  Nested Loop  (cost=370.59..651.57 rows=48 width=46) (actual time=4.920..5.358 rows=5 loops=1)
psql:backend/scripts/perf/history-retention-batched-measure.sql:342: NOTICE:  @@P         Buffers: shared hit=1546 read=31
psql:backend/scripts/perf/history-retention-batched-measure.sql:342: NOTICE:  @@P         ->  HashAggregate  (cost=370.31..370.79 rows=48 width=56) (actual time=4.912..4.917 rows=5 loops=1)
psql:backend/scripts/perf/history-retention-batched-measure.sql:342: NOTICE:  @@P               Group Key: ranked.id
psql:backend/scripts/perf/history-retention-batched-measure.sql:342: NOTICE:  @@P               Batches: 1  Memory Usage: 24kB
psql:backend/scripts/perf/history-retention-batched-measure.sql:342: NOTICE:  @@P               Buffers: shared hit=1535 read=27
psql:backend/scripts/perf/history-retention-batched-measure.sql:342: NOTICE:  @@P               ->  Subquery Scan on ranked  (cost=364.43..370.19 rows=48 width=56) (actual time=4.705..4.910 rows=5 loops=1)
psql:backend/scripts/perf/history-retention-batched-measure.sql:342: NOTICE:  @@P                     Filter: (ranked.rn > 30)
psql:backend/scripts/perf/history-retention-batched-measure.sql:342: NOTICE:  @@P                     Rows Removed by Filter: 1170
psql:backend/scripts/perf/history-retention-batched-measure.sql:342: NOTICE:  @@P                     Buffers: shared hit=1535 read=27
psql:backend/scripts/perf/history-retention-batched-measure.sql:342: NOTICE:  @@P                     ->  WindowAgg  (cost=364.43..368.39 rows=144 width=74) (actual time=4.664..4.876 rows=1175 loops=1)
psql:backend/scripts/perf/history-retention-batched-measure.sql:342: NOTICE:  @@P                           Buffers: shared hit=1535 read=27
psql:backend/scripts/perf/history-retention-batched-measure.sql:342: NOTICE:  @@P                           ->  Sort  (cost=364.43..364.79 rows=144 width=66) (actual time=4.659..4.686 rows=1175 loops=1)
psql:backend/scripts/perf/history-retention-batched-measure.sql:342: NOTICE:  @@P                                 Sort Key: h.pipeline_id, h.node_step_id, h.root_id, h.captured_at DESC, h.id DESC
psql:backend/scripts/perf/history-retention-batched-measure.sql:342: NOTICE:  @@P                                 Sort Method: quicksort  Memory: 122kB
psql:backend/scripts/perf/history-retention-batched-measure.sql:342: NOTICE:  @@P                                 Buffers: shared hit=1535 read=27
psql:backend/scripts/perf/history-retention-batched-measure.sql:342: NOTICE:  @@P                                 ->  Nested Loop  (cost=43.16..359.27 rows=144 width=66) (actual time=0.466..4.158 rows=1175 loops=1)
psql:backend/scripts/perf/history-retention-batched-measure.sql:342: NOTICE:  @@P                                       Buffers: shared hit=1535 read=27
psql:backend/scripts/perf/history-retention-batched-measure.sql:342: NOTICE:  @@P                                       ->  Hash Join  (cost=42.88..119.99 rows=166 width=5) (actual time=0.098..0.443 rows=166 loops=1)
psql:backend/scripts/perf/history-retention-batched-measure.sql:342: NOTICE:  @@P                                             Hash Cond: (p.owner_id = u.id)
psql:backend/scripts/perf/history-retention-batched-measure.sql:342: NOTICE:  @@P                                             Buffers: shared hit=56
psql:backend/scripts/perf/history-retention-batched-measure.sql:342: NOTICE:  @@P                                             ->  Seq Scan on pipelines p  (cost=0.00..68.34 rows=3334 width=21) (actual time=0.003..0.205 rows=3334 loops=1)
psql:backend/scripts/perf/history-retention-batched-measure.sql:342: NOTICE:  @@P                                                   Buffers: shared hit=35
psql:backend/scripts/perf/history-retention-batched-measure.sql:342: NOTICE:  @@P                                             ->  Hash  (cost=41.84..41.84 rows=83 width=16) (actual time=0.088..0.088 rows=83 loops=1)
psql:backend/scripts/perf/history-retention-batched-measure.sql:342: NOTICE:  @@P                                                   Buckets: 1024  Batches: 1  Memory Usage: 12kB
psql:backend/scripts/perf/history-retention-batched-measure.sql:342: NOTICE:  @@P                                                   Buffers: shared hit=21
psql:backend/scripts/perf/history-retention-batched-measure.sql:342: NOTICE:  @@P                                                   ->  Seq Scan on users u  (cost=0.00..41.84 rows=83 width=16) (actual time=0.003..0.082 rows=83 loops=1)
psql:backend/scripts/perf/history-retention-batched-measure.sql:342: NOTICE:  @@P                                                         Filter: (tier = 'owner'::text)
psql:backend/scripts/perf/history-retention-batched-measure.sql:342: NOTICE:  @@P                                                         Rows Removed by Filter: 1584
psql:backend/scripts/perf/history-retention-batched-measure.sql:342: NOTICE:  @@P                                                         Buffers: shared hit=21
psql:backend/scripts/perf/history-retention-batched-measure.sql:342: NOTICE:  @@P                                       ->  Index Scan using idx_node_payload_history_node_captured on node_payload_history h  (cost=0.28..1.32 rows=12 width=66) (actual time=0.019..0.022 rows=7 loops=166)
psql:backend/scripts/perf/history-retention-batched-measure.sql:342: NOTICE:  @@P                                             Index Cond: (pipeline_id = p.id)
psql:backend/scripts/perf/history-retention-batched-measure.sql:342: NOTICE:  @@P                                             Buffers: shared hit=1479 read=27
psql:backend/scripts/perf/history-retention-batched-measure.sql:342: NOTICE:  @@P         ->  Index Scan using node_payload_history_pkey on node_payload_history  (cost=0.28..5.96 rows=1 width=22) (actual time=0.087..0.087 rows=1 loops=5)
psql:backend/scripts/perf/history-retention-batched-measure.sql:342: NOTICE:  @@P               Index Cond: (id = ranked.id)
psql:backend/scripts/perf/history-retention-batched-measure.sql:342: NOTICE:  @@P               Buffers: shared hit=11 read=4
psql:backend/scripts/perf/history-retention-batched-measure.sql:342: NOTICE:  @@P Planning:
psql:backend/scripts/perf/history-retention-batched-measure.sql:342: NOTICE:  @@P   Buffers: shared hit=33
psql:backend/scripts/perf/history-retention-batched-measure.sql:342: NOTICE:  @@P Planning Time: 0.185 ms
psql:backend/scripts/perf/history-retention-batched-measure.sql:342: NOTICE:  @@P Trigger for constraint output_snapshot_history_payload_id_fkey: time=2.866 calls=5
psql:backend/scripts/perf/history-retention-batched-measure.sql:342: NOTICE:  @@P Execution Time: 8.751 ms
psql:backend/scripts/perf/history-retention-batched-measure.sql:342: NOTICE:  @@STMT run=1 repo=2 seq=60 label=payload unreferenced
psql:backend/scripts/perf/history-retention-batched-measure.sql:342: NOTICE:  @@P Delete on node_payload_history h  (cost=858.14..1033.81 rows=0 width=0) (actual time=382.887..382.888 rows=0 loops=1)
psql:backend/scripts/perf/history-retention-batched-measure.sql:342: NOTICE:  @@P   Buffers: shared hit=1590 read=2274
psql:backend/scripts/perf/history-retention-batched-measure.sql:342: NOTICE:  @@P   ->  Merge Right Anti Join  (cost=858.14..1033.81 rows=2611 width=12) (actual time=382.886..382.887 rows=0 loops=1)
psql:backend/scripts/perf/history-retention-batched-measure.sql:342: NOTICE:  @@P         Merge Cond: (o.payload_id = h.id)
psql:backend/scripts/perf/history-retention-batched-measure.sql:342: NOTICE:  @@P         Buffers: shared hit=1590 read=2274
psql:backend/scripts/perf/history-retention-batched-measure.sql:342: NOTICE:  @@P         ->  Index Scan using idx_output_snapshot_history_payload on output_snapshot_history o  (cost=0.29..32428.88 rows=4991130 width=22) (actual time=0.220..380.386 rows=8460 loops=1)
psql:backend/scripts/perf/history-retention-batched-measure.sql:342: NOTICE:  @@P               Buffers: shared hit=928 read=2274
psql:backend/scripts/perf/history-retention-batched-measure.sql:342: NOTICE:  @@P         ->  Sort  (cost=857.85..865.10 rows=2901 width=22) (actual time=0.790..1.163 rows=2820 loops=1)
psql:backend/scripts/perf/history-retention-batched-measure.sql:342: NOTICE:  @@P               Sort Key: h.id
psql:backend/scripts/perf/history-retention-batched-measure.sql:342: NOTICE:  @@P               Sort Method: quicksort  Memory: 229kB
psql:backend/scripts/perf/history-retention-batched-measure.sql:342: NOTICE:  @@P               Buffers: shared hit=662
psql:backend/scripts/perf/history-retention-batched-measure.sql:342: NOTICE:  @@P               ->  Seq Scan on node_payload_history h  (cost=0.00..691.01 rows=2901 width=22) (actual time=0.002..0.516 rows=2820 loops=1)
psql:backend/scripts/perf/history-retention-batched-measure.sql:342: NOTICE:  @@P                     Buffers: shared hit=662
psql:backend/scripts/perf/history-retention-batched-measure.sql:342: NOTICE:  @@P Planning Time: 0.082 ms
psql:backend/scripts/perf/history-retention-batched-measure.sql:342: NOTICE:  @@P Execution Time: 382.906 ms
 perf_explain 
--------------
 
(1 row)

ROLLBACK
BEGIN
 ?column? 
----------
        1
(1 row)

psql:backend/scripts/perf/history-retention-batched-measure.sql:345: NOTICE:  @@T run=1 repo=1 seq=11 deleted=297 ms=82.95 label=history age purge free
psql:backend/scripts/perf/history-retention-batched-measure.sql:345: NOTICE:  @@T run=1 repo=1 seq=12 deleted=104 ms=73.27 label=history age purge beta
psql:backend/scripts/perf/history-retention-batched-measure.sql:345: NOTICE:  @@T run=1 repo=1 seq=13 deleted=17 ms=0.33 label=history age purge owner
psql:backend/scripts/perf/history-retention-batched-measure.sql:345: NOTICE:  @@T run=1 repo=1 seq=20 deleted=0 ms=0.31 label=history age purge unnamed-tier catch-all
psql:backend/scripts/perf/history-retention-batched-measure.sql:345: NOTICE:  @@T run=1 repo=1 seq=30 deleted=120000 ms=95725.20 label=history thin (protected newest 101)
psql:backend/scripts/perf/history-retention-batched-measure.sql:345: NOTICE:  @@TX run=1 repo=1 lock_hold_ms=95882.85
 perf_time 
-----------
 
(1 row)

ROLLBACK
BEGIN
 ?column? 
----------
        1
(1 row)

psql:backend/scripts/perf/history-retention-batched-measure.sql:345: NOTICE:  @@T run=1 repo=2 seq=10 deleted=47 ms=12.31 label=payload disallowed-tier
psql:backend/scripts/perf/history-retention-batched-measure.sql:345: NOTICE:  @@T run=1 repo=2 seq=20 deleted=4 ms=0.41 label=payload age purge beta
psql:backend/scripts/perf/history-retention-batched-measure.sql:345: NOTICE:  @@T run=1 repo=2 seq=30 deleted=25 ms=3.22 label=payload newest-N beta
psql:backend/scripts/perf/history-retention-batched-measure.sql:345: NOTICE:  @@T run=1 repo=2 seq=40 deleted=0 ms=0.16 label=payload age purge owner
psql:backend/scripts/perf/history-retention-batched-measure.sql:345: NOTICE:  @@T run=1 repo=2 seq=50 deleted=5 ms=1.77 label=payload newest-N owner
psql:backend/scripts/perf/history-retention-batched-measure.sql:345: NOTICE:  @@T run=1 repo=2 seq=60 deleted=0 ms=3.13 label=payload unreferenced
psql:backend/scripts/perf/history-retention-batched-measure.sql:345: NOTICE:  @@TX run=1 repo=2 lock_hold_ms=21.17
 perf_time 
-----------
 
(1 row)

ROLLBACK
