DO
MARKER_AFTER_GUARD
--- anchor / counts
      tick_time_t       
------------------------
 2026-10-10 11:00:00+00
(1 row)

 users | pipelines | outputs | history_rows | payload_rows 
-------+-----------+---------+--------------+--------------
     1 |         2 |       6 |         2802 |            0
(1 row)

--- outputs / history rows / rows per output by tier
 tier | outputs | history_rows | rows_per_output | pct_outputs 
------+---------+--------------+-----------------+-------------
 free |       6 |         2802 |           467.0 |       100.0
(1 row)

--- summary size, payload size/rows distribution
 avg_summary_bytes | min_b | max_b 
-------------------+-------+-------
             332.0 |   332 |   332
(1 row)

 tier | payloads | mean_rows | mean_bytes | max_bytes 
------+----------+-----------+------------+-----------
(0 rows)

--- relation sizes
         relname         |  heap   | indexes_and_toast 
-------------------------+---------+-------------------
 node_payload_history    | 0 bytes | 32 kB
 output_snapshot_history | 1248 kB | 408 kB
(2 rows)

                    index                    |    size    
---------------------------------------------+------------
 output_snapshot_history_pkey                | 144 kB
 idx_output_snapshot_history_output_captured | 168 kB
 node_payload_history_pkey                   | 8192 bytes
 idx_node_payload_history_node_captured      | 8192 bytes
 idx_output_snapshot_history_payload         | 8192 bytes
 idx_output_snapshot_history_captured_at     | 48 kB
 idx_node_payload_history_captured_at        | 8192 bytes
(7 rows)

