DO
MARKER_AFTER_GUARD
--- anchor / counts
      tick_time_t       
------------------------
 2026-10-10 12:00:00+00
(1 row)

 users | pipelines | outputs | history_rows | payload_rows 
-------+-----------+---------+--------------+--------------
   167 |       334 |    1000 |      2081516 |          206
(1 row)

--- outputs / history rows / rows per output by tier
 tier  | outputs | history_rows | rows_per_output | pct_outputs 
-------+---------+--------------+-----------------+-------------
 beta  |     240 |       506650 |          2111.0 |        24.0
 free  |     712 |      1460337 |          2051.0 |        71.2
 owner |      48 |       114529 |          2386.0 |         4.8
(3 rows)

--- summary size, payload size/rows distribution
 avg_summary_bytes | min_b | max_b 
-------------------+-------+-------
             332.0 |   332 |   332
(1 row)

 tier  | payloads | mean_rows | mean_bytes | max_bytes 
-------+----------+-----------+------------+-----------
 beta  |      113 |      87.6 |       7976 |     92251
 free  |        2 |      20.0 |       1786 |      1786
 owner |       91 |     118.5 |      10827 |     92251
(3 rows)

--- relation sizes
         relname         |  heap  | indexes_and_toast 
-------------------------+--------+-------------------
 node_payload_history    | 368 kB | 1080 kB
 output_snapshot_history | 903 MB | 203 MB
(2 rows)

                    index                    |  size  
---------------------------------------------+--------
 output_snapshot_history_pkey                | 78 MB
 idx_output_snapshot_history_output_captured | 108 MB
 node_payload_history_pkey                   | 32 kB
 idx_node_payload_history_node_captured      | 40 kB
 idx_output_snapshot_history_payload         | 40 kB
 idx_output_snapshot_history_captured_at     | 16 MB
 idx_node_payload_history_captured_at        | 16 kB
(7 rows)

