com.helio.infrastructure.persistence.pipelines.NodeSnapshotRepository | - public java.lang.String com$helio$infrastructure$persistence$pipelines$NodeSnapshotRepository$$escapeLikeTerm(java.lang.String); | PRE-APPROVED $$ removal (privates made public only for the collect closure; moved to NodeSnapshotFilterSql)
com.helio.infrastructure.persistence.pipelines.NodeSnapshotRepository | - public java.lang.String com$helio$infrastructure$persistence$pipelines$NodeSnapshotRepository$$likeEscapeChar(); | PRE-APPROVED $$ removal (privates made public only for the collect closure; moved to NodeSnapshotFilterSql)
com.helio.infrastructure.persistence.pipelines.NodeSnapshotRepository | - public static final boolean $anonfun$filterWhereFragment$2(java.lang.String); | compiler synthetic (removed)
com.helio.infrastructure.persistence.pipelines.NodeSnapshotRepository | - public static final java.lang.Object $anonfun$filterWhereFragment$2$adapted(java.lang.String); | compiler synthetic (removed)
com.helio.infrastructure.persistence.pipelines.NodeSnapshotRepository | - public static final scala.Option $anonfun$filterWhereFragment$1(com.helio.infrastructure.persistence.pipelines.NodeSnapshotRepository, com.helio.infrastructure.persistence.pipelines.NodeSnapshotRepository$FilterSpec); | compiler synthetic (removed)
com.helio.infrastructure.persistence.pipelines.NodeSnapshotRepository | - public static final slick.jdbc.SQLActionBuilder $anonfun$filterWhereFragment$3(com.helio.infrastructure.persistence.pipelines.NodeSnapshotRepository, com.helio.infrastructure.persistence.pipelines.NodeSnapshotRepository$FilterSpec, java.lang.String); | compiler synthetic (removed)
com.helio.infrastructure.persistence.pipelines.NodeSnapshotRepository | - public static final slick.jdbc.SQLActionBuilder $anonfun$filterWhereFragment$4(com.helio.infrastructure.persistence.pipelines.NodeSnapshotRepository, com.helio.infrastructure.persistence.pipelines.NodeSnapshotRepository$OpSpec); | compiler synthetic (removed)
com.helio.infrastructure.persistence.pipelines.NodeSnapshotRepository | - public static final slick.jdbc.SQLActionBuilder $anonfun$filterWhereFragment$5(slick.jdbc.SQLActionBuilder, slick.jdbc.SQLActionBuilder); | compiler synthetic (removed)
com.helio.infrastructure.persistence.pipelines.NodeSnapshotRepository | - public static final slick.jdbc.SQLActionBuilder $anonfun$opFragment$1(com.helio.infrastructure.persistence.pipelines.NodeSnapshotRepository, com.helio.infrastructure.persistence.pipelines.NodeSnapshotRepository$SortCast, java.lang.String); | compiler synthetic (removed)
com.helio.infrastructure.persistence.pipelines.NodeSnapshotRepository | - public static final slick.jdbc.SQLActionBuilder $anonfun$opFragment$2(slick.jdbc.SQLActionBuilder, slick.jdbc.SQLActionBuilder); | compiler synthetic (removed)
com.helio.infrastructure.persistence.pipelines.NodeSnapshotRepository | - public static final slick.jdbc.SQLActionBuilder $anonfun$quickTermFragment$1(com.helio.infrastructure.persistence.pipelines.NodeSnapshotRepository, java.lang.String, java.lang.String); | compiler synthetic (removed)
com.helio.infrastructure.persistence.pipelines.NodeSnapshotRepository | - public static final slick.jdbc.SQLActionBuilder $anonfun$quickTermFragment$2(slick.jdbc.SQLActionBuilder, slick.jdbc.SQLActionBuilder); | compiler synthetic (removed)
com.helio.infrastructure.persistence.pipelines.NodeSnapshotRepository$$anonfun$1 | CLASS REMOVED | compiler PartialFunction class whose body moved: OK
com.helio.services.pipelines.OutputConfigValidation | + public static com.helio.services.pipelines.OutputConfigWritePolicy validateConfig$default$4(); | pre-approved OutputConfigValidation addition (moved method / default / static forwarder)
com.helio.services.pipelines.OutputConfigValidation | + public static scala.util.Either<com.helio.services.ServiceError, scala.runtime.BoxedUnit> validateConfig(com.helio.domain.model.OutputKind, spray.json.JsObject, spray.json.JsObject, com.helio.services.pipelines.OutputConfigWritePolicy); | pre-approved OutputConfigValidation addition (moved method / default / static forwarder)
com.helio.services.pipelines.OutputConfigValidation | + public static scala.util.Either<com.helio.services.ServiceError, scala.runtime.BoxedUnit> validateFieldMapping(com.helio.domain.model.OutputKind, spray.json.JsObject); | pre-approved OutputConfigValidation addition (moved method / default / static forwarder)
com.helio.services.pipelines.OutputConfigValidation | + public static spray.json.JsObject mergeConfig(spray.json.JsObject, spray.json.JsObject); | pre-approved OutputConfigValidation addition (moved method / default / static forwarder)
com.helio.services.pipelines.OutputConfigValidation$ | + public com.helio.services.pipelines.OutputConfigWritePolicy validateConfig$default$4(); | pre-approved OutputConfigValidation addition (moved method / default / static forwarder)
com.helio.services.pipelines.OutputConfigValidation$ | + public scala.util.Either<com.helio.services.ServiceError, scala.runtime.BoxedUnit> validateConfig(com.helio.domain.model.OutputKind, spray.json.JsObject, spray.json.JsObject, com.helio.services.pipelines.OutputConfigWritePolicy); | pre-approved OutputConfigValidation addition (moved method / default / static forwarder)
com.helio.services.pipelines.OutputConfigValidation$ | + public scala.util.Either<com.helio.services.ServiceError, scala.runtime.BoxedUnit> validateFieldMapping(com.helio.domain.model.OutputKind, spray.json.JsObject); | pre-approved OutputConfigValidation addition (moved method / default / static forwarder)
com.helio.services.pipelines.OutputConfigValidation$ | + public spray.json.JsObject mergeConfig(spray.json.JsObject, spray.json.JsObject); | pre-approved OutputConfigValidation addition (moved method / default / static forwarder)
com.helio.services.pipelines.OutputConfigValidation$ | + public static final boolean $anonfun$validateFieldMapping$1(com.helio.domain.model.OutputKind, com.helio.domain.panels.OutputBindingSpec); | compiler synthetic (added)
com.helio.services.pipelines.OutputConfigValidation$ | + public static final com.helio.services.ServiceError$BadRequest $anonfun$validateConfig$1(java.lang.String); | compiler synthetic (added)
com.helio.services.pipelines.OutputConfigValidation$ | + public static final com.helio.services.ServiceError$BadRequest $anonfun$validateConfig$4(java.lang.String); | compiler synthetic (added)
com.helio.services.pipelines.OutputConfigValidation$ | + public static final com.helio.services.ServiceError$BadRequest $anonfun$validateConfig$6(java.lang.String); | compiler synthetic (added)
com.helio.services.pipelines.OutputConfigValidation$ | + public static final java.lang.Object $anonfun$validateFieldMapping$1$adapted(com.helio.domain.model.OutputKind, com.helio.domain.panels.OutputBindingSpec); | compiler synthetic (added)
com.helio.services.pipelines.OutputConfigValidation$ | + public static final scala.runtime.Nothing$ $anonfun$validateFieldMapping$2(com.helio.domain.model.OutputKind); | compiler synthetic (added)
com.helio.services.pipelines.OutputConfigValidation$ | + public static final scala.util.Either $anonfun$validateConfig$2(com.helio.domain.model.OutputKind, spray.json.JsObject, scala.runtime.BoxedUnit); | compiler synthetic (added)
com.helio.services.pipelines.OutputConfigValidation$ | + public static final scala.util.Either $anonfun$validateConfig$3(spray.json.JsObject, scala.runtime.BoxedUnit); | compiler synthetic (added)
com.helio.services.pipelines.OutputConfigValidation$ | + public static final scala.util.Either $anonfun$validateConfig$5(spray.json.JsObject, scala.runtime.BoxedUnit); | compiler synthetic (added)
com.helio.services.pipelines.OutputConfigValidation$$anonfun$3 | CLASS ADDED | compiler PartialFunction class carrying a moved `collect { case .. }` body: OK (name-only change from OutputService$$anonfun$N)
com.helio.services.pipelines.OutputConfigValidation$$anonfun$4 | CLASS ADDED | compiler PartialFunction class carrying a moved `collect { case .. }` body: OK (name-only change from OutputService$$anonfun$N)
com.helio.services.pipelines.OutputService | + public com.helio.services.pipelines.OutputRowReads rowReads(); | FAIL
com.helio.services.pipelines.OutputService | - public static final boolean $anonfun$materializedFor$4(com.helio.domain.model.Output, scala.Option); | compiler synthetic (removed)
com.helio.services.pipelines.OutputService | - public static final boolean $anonfun$materializedFor$5(com.helio.domain.model.Output, java.time.Instant); | compiler synthetic (removed)
com.helio.services.pipelines.OutputService | - public static final boolean $anonfun$resolveExplicitRootId$2(java.lang.String, com.helio.domain.model.PipelineRoot); | compiler synthetic (removed)
com.helio.services.pipelines.OutputService | - public static final java.lang.Object $anonfun$materializedFor$4$adapted(com.helio.domain.model.Output, scala.Option); | compiler synthetic (removed)
com.helio.services.pipelines.OutputService | - public static final java.lang.Object $anonfun$materializedFor$5$adapted(com.helio.domain.model.Output, java.time.Instant); | compiler synthetic (removed)
com.helio.services.pipelines.OutputService | - public static final java.lang.Object $anonfun$resolveExplicitRootId$2$adapted(java.lang.String, com.helio.domain.model.PipelineRoot); | compiler synthetic (removed)
com.helio.services.pipelines.OutputService | - public static final java.lang.String $anonfun$distinctValues$3$adapted(java.lang.Object); | compiler synthetic (removed)
com.helio.services.pipelines.OutputService | - public static final java.lang.String $anonfun$distinctValues$3(java.lang.String); | compiler synthetic (removed)
com.helio.services.pipelines.OutputService | - public static final java.lang.String $anonfun$distinctValues$4$adapted(java.lang.Object); | compiler synthetic (removed)
com.helio.services.pipelines.OutputService | - public static final java.lang.String $anonfun$distinctValues$4(java.lang.String); | compiler synthetic (removed)
com.helio.services.pipelines.OutputService | - public static final java.lang.String $anonfun$materializedFor$1$adapted(java.lang.Object); | compiler synthetic (removed)
com.helio.services.pipelines.OutputService | - public static final java.lang.String $anonfun$materializedFor$1(java.lang.String); | compiler synthetic (removed)
com.helio.services.pipelines.OutputService | - public static final java.lang.String $anonfun$materializedFor$2$adapted(java.lang.Object); | compiler synthetic (removed)
com.helio.services.pipelines.OutputService | - public static final java.lang.String $anonfun$materializedFor$2(java.lang.String); | compiler synthetic (removed)
com.helio.services.pipelines.OutputService | - public static final java.lang.String $anonfun$rows$3$adapted(java.lang.Object); | compiler synthetic (removed)
com.helio.services.pipelines.OutputService | - public static final java.lang.String $anonfun$rows$3(java.lang.String); | compiler synthetic (removed)
com.helio.services.pipelines.OutputService | - public static final java.lang.String $anonfun$rows$4$adapted(java.lang.Object); | compiler synthetic (removed)
com.helio.services.pipelines.OutputService | - public static final java.lang.String $anonfun$rows$4(java.lang.String); | compiler synthetic (removed)
com.helio.services.pipelines.OutputService | - public static final scala.concurrent.Future $anonfun$distinctValues$1(com.helio.services.pipelines.OutputService, java.lang.String, scala.Option); | compiler synthetic (removed)
com.helio.services.pipelines.OutputService | - public static final scala.concurrent.Future $anonfun$distinctValues$2(com.helio.services.pipelines.OutputService, com.helio.domain.model.Output, java.lang.String, scala.util.Either); | compiler synthetic (removed)
com.helio.services.pipelines.OutputService | - public static final scala.concurrent.Future $anonfun$filterCapabilities$1(com.helio.services.pipelines.OutputService, scala.Option); | compiler synthetic (removed)
com.helio.services.pipelines.OutputService | - public static final scala.concurrent.Future $anonfun$materializedFor$3$adapted(com.helio.services.pipelines.OutputService, com.helio.domain.model.Output, java.lang.Object); | compiler synthetic (removed)
com.helio.services.pipelines.OutputService | - public static final scala.concurrent.Future $anonfun$materializedFor$3(com.helio.services.pipelines.OutputService, com.helio.domain.model.Output, boolean); | compiler synthetic (removed)
com.helio.services.pipelines.OutputService | - public static final scala.concurrent.Future $anonfun$rows$1(com.helio.services.pipelines.OutputService, com.helio.domain.model.Page, scala.Option, scala.Option, scala.Option); | compiler synthetic (removed)
com.helio.services.pipelines.OutputService | - public static final scala.concurrent.Future $anonfun$rows$2(com.helio.services.pipelines.OutputService, com.helio.domain.model.Output, com.helio.domain.model.Page, scala.Option, scala.util.Either); | compiler synthetic (removed)
com.helio.services.pipelines.OutputService | - public static final scala.concurrent.Future $anonfun$rows$5(com.helio.services.pipelines.OutputService, com.helio.domain.model.Output, scala.Option, com.helio.domain.model.Page, com.helio.domain.model.PagedResult); | compiler synthetic (removed)
com.helio.services.pipelines.OutputService | - public static final scala.concurrent.Future $anonfun$rows$6$adapted(com.helio.services.pipelines.OutputService, com.helio.domain.model.Output, scala.Option, com.helio.domain.model.Page, com.helio.domain.model.PagedResult, java.lang.Object); | compiler synthetic (removed)
com.helio.services.pipelines.OutputService | - public static final scala.concurrent.Future $anonfun$rows$6(com.helio.services.pipelines.OutputService, com.helio.domain.model.Output, scala.Option, com.helio.domain.model.Page, com.helio.domain.model.PagedResult, boolean); | compiler synthetic (removed)
com.helio.services.pipelines.OutputService | - public static final scala.util.Either $anonfun$requireUnambiguousRootWhenNeither$1(scala.collection.immutable.Vector); | compiler synthetic (removed)
com.helio.services.pipelines.OutputService | - public static final scala.util.Either $anonfun$resolveExplicitRootId$1(java.lang.String, java.lang.String, scala.collection.immutable.Vector); | compiler synthetic (removed)
com.helio.services.pipelines.OutputService | - public static final scala.util.Right $anonfun$distinctValues$5(scala.collection.immutable.Vector); | compiler synthetic (removed)
com.helio.services.pipelines.OutputService | - public static final scala.util.Right $anonfun$filterCapabilities$2(com.helio.services.pipelines.OutputFilterCapability$FilterCapabilityContract); | compiler synthetic (removed)
com.helio.services.pipelines.OutputService | - public static final scala.util.Right $anonfun$rows$7(com.helio.domain.model.PagedResult, boolean, scala.Option); | compiler synthetic (removed)
com.helio.services.pipelines.OutputService | - public static final spray.json.JsValue $anonfun$rows$8(spray.json.JsValue); | compiler synthetic (removed)
com.helio.services.pipelines.OutputService$ | - public static final boolean $anonfun$validateFieldMapping$1(com.helio.domain.model.OutputKind, com.helio.domain.panels.OutputBindingSpec); | compiler synthetic (removed)
com.helio.services.pipelines.OutputService$ | - public static final com.helio.services.ServiceError$BadRequest $anonfun$validateConfig$1(java.lang.String); | compiler synthetic (removed)
com.helio.services.pipelines.OutputService$ | - public static final com.helio.services.ServiceError$BadRequest $anonfun$validateConfig$4(java.lang.String); | compiler synthetic (removed)
com.helio.services.pipelines.OutputService$ | - public static final com.helio.services.ServiceError$BadRequest $anonfun$validateConfig$6(java.lang.String); | compiler synthetic (removed)
com.helio.services.pipelines.OutputService$ | - public static final java.lang.Object $anonfun$validateFieldMapping$1$adapted(com.helio.domain.model.OutputKind, com.helio.domain.panels.OutputBindingSpec); | compiler synthetic (removed)
com.helio.services.pipelines.OutputService$ | - public static final scala.runtime.Nothing$ $anonfun$validateFieldMapping$2(com.helio.domain.model.OutputKind); | compiler synthetic (removed)
com.helio.services.pipelines.OutputService$ | - public static final scala.util.Either $anonfun$validateConfig$2(com.helio.domain.model.OutputKind, spray.json.JsObject, scala.runtime.BoxedUnit); | compiler synthetic (removed)
com.helio.services.pipelines.OutputService$ | - public static final scala.util.Either $anonfun$validateConfig$3(spray.json.JsObject, scala.runtime.BoxedUnit); | compiler synthetic (removed)
com.helio.services.pipelines.OutputService$ | - public static final scala.util.Either $anonfun$validateConfig$5(spray.json.JsObject, scala.runtime.BoxedUnit); | compiler synthetic (removed)
com.helio.services.pipelines.OutputService$$anonfun$1 | CLASS REMOVED | compiler PartialFunction class whose body moved: OK
com.helio.services.pipelines.OutputService$$anonfun$2 | CLASS REMOVED | compiler PartialFunction class whose body moved: OK
INVARIANT | OutputService carries validateConfig$default$4() | OK
INVARIANT | OutputService$ carries validateConfig$default$4() | OK
INVARIANT | OutputService has no member containing 'rowReads' or 'rootResolution' | FAIL
INVARIANT | no `$$` MEMBER (method/field) name added on any checked class | OK

RESULT: FAIL [('unclassified added', 'com.helio.services.pipelines.OutputService', '  public com.helio.services.pipelines.OutputRowReads rowReads();'), ('invariant', "OutputService has no member containing 'rowReads' or 'rootResolution'")]
